<html>
<body>
<pre>
<h1>µVision Build Log</h1>
<h2>Tool Versions:</h2>
IDE-Version: ¦ÌVision V5.26.2.0
Copyright (C) 2018 ARM Ltd and ARM Germany GmbH. All rights reserved.
License Information: 1 2, 3, LIC=FYKYW-QEJLE-Y87FK-ZDUFN-5GI9K-VG7BD
 
Tool Versions:
Toolchain:       MDK-ARM Plus  Version: 5.26.2.0
Toolchain Path:  D:\app\keil\ARM\ARMCLANG\Bin
C Compiler:      ArmClang.exe V6.10.1
Assembler:       Armasm.exe V6.10.1
Linker/Locator:  ArmLink.exe V6.10.1
Library Manager: ArmAr.exe V6.10.1
Hex Converter:   FromElf.exe V6.10.1
CPU DLL:         SARMCM3.DLL V5.26.2.0
Dialog DLL:      DCM.DLL V1.17.2.0
Target DLL:      STLink\ST-LINKIII-KEIL_SWO.dll V3.0.5.0
Dialog DLL:      TCM.DLL V1.36.1.0
 
<h2>Project:</h2>
C:\Users\rll\Documents\Codex\2026-07-20\b-na\workspaces\H7_2025_G_work\MDK-ARM\ADC_DMA.uvprojx
Project File Date:  07/26/2026

<h2>Output:</h2>
*** Using Compiler 'V6.10.1', folder: 'D:\app\keil\ARM\ARMCLANG\Bin'
Rebuild target 'ADC_DMA'
compiling Task2_DDS.c...
assembling startup_stm32h743xx.s...
compiling spi.c...
compiling gpio.c...
compiling main.c...
compiling dac.c...
compiling H7Link.c...
compiling Task4_DDS.c...
compiling Task3_DDS.c...
compiling ExternalReplay.c...
compiling DDS_Control.c...
compiling Drive_AD9959.c...
compiling dma.c...
compiling ModelStorage.c...
compiling Task5_Learn.c...
compiling DataFlash.c...
compiling adc.c...
compiling tim.c...
compiling usart.c...
compiling stm32h7xx_hal_msp.c...
compiling stm32h7xx_it.c...
compiling stm32h7xx_hal_dac.c...
compiling system_stm32h7xx.c...
compiling stm32h7xx_hal_dac_ex.c...
compiling stm32h7xx_hal_spi_ex.c...
compiling stm32h7xx_hal_flash.c...
compiling stm32h7xx_hal_rcc.c...
compiling stm32h7xx_hal_spi.c...
compiling stm32h7xx_hal_gpio.c...
compiling stm32h7xx_hal_adc.c...
compiling stm32h7xx_hal_flash_ex.c...
compiling stm32h7xx_hal_rcc_ex.c...
compiling stm32h7xx_hal_adc_ex.c...
compiling stm32h7xx_hal_hsem.c...
compiling stm32h7xx_hal_dma_ex.c...
compiling stm32h7xx_hal_pwr.c...
compiling stm32h7xx_hal_mdma.c...
compiling stm32h7xx_hal_cortex.c...
compiling stm32h7xx_hal_pwr_ex.c...
compiling stm32h7xx_hal_dma.c...
compiling stm32h7xx_hal.c...
compiling stm32h7xx_hal_i2c_ex.c...
compiling stm32h7xx_hal_exti.c...
compiling stm32h7xx_hal_uart_ex.c...
compiling stm32h7xx_hal_tim_ex.c...
compiling stm32h7xx_hal_i2c.c...
compiling stm32h7xx_hal_uart.c...
compiling stm32h7xx_hal_tim.c...
linking...
Program Size: Code=67168 RO-data=9072 RW-data=18464 ZI-data=8296  
FromELF: creating hex file...
"ADC_DMA\ADC_DMA.axf" - 0 Error(s), 0 Warning(s).

<h2>Software Packages used:</h2>

Package Vendor: ARM
                http://www.keil.com/pack/ARM.CMSIS.5.4.0.pack
                ARM.CMSIS.5.4.0
                CMSIS (Cortex Microcontroller Software Interface Standard)
   * Component: CORE Version: 5.1.2
   * Component: DSP Version: 1.5.2

Package Vendor: Keil
                https://www.keil.com/pack/Keil.STM32H7xx_DFP.2.3.1.pack
                Keil.STM32H7xx_DFP.2.3.1
                STMicroelectronics STM32H7 Series Device Support and Examples

<h2>Collection of Component include folders:</h2>
  .\RTE\_ADC_DMA
  D:\app\keil\ARM\PACK\ARM\CMSIS\5.4.0\CMSIS\Core\Include
  D:\app\keil\ARM\PACK\ARM\CMSIS\5.4.0\CMSIS\DSP\Include
  D:\app\keil\ARM\PACK\Keil\STM32H7xx_DFP\2.3.1\Drivers\CMSIS\Device\ST\STM32H7xx\Include

<h2>Collection of Component Files used:</h2>

   * Component: ARM::CMSIS:CORE:5.1.2

   * Component: ARM::CMSIS:DSP:1.5.2
      Include file:  CMSIS\DSP\Include\arm_math.h
      Library file:  CMSIS\Lib\ARM\arm_cortexM7lfdp_math.lib
Build Time Elapsed:  00:00:04
</pre>
</body>
</html>
