Component: ARM Compiler 6.10.1 Tool: armlink [5d142800]

==============================================================================

Section Cross References

    startup_stm32h743xx.o(RESET) refers to startup_stm32h743xx.o(STACK) for __initial_sp
    startup_stm32h743xx.o(RESET) refers to startup_stm32h743xx.o(.text) for Reset_Handler
    startup_stm32h743xx.o(RESET) refers to stm32h7xx_it.o(.text.NMI_Handler) for NMI_Handler
    startup_stm32h743xx.o(RESET) refers to stm32h7xx_it.o(.text.HardFault_Handler) for HardFault_Handler
    startup_stm32h743xx.o(RESET) refers to stm32h7xx_it.o(.text.MemManage_Handler) for MemManage_Handler
    startup_stm32h743xx.o(RESET) refers to stm32h7xx_it.o(.text.BusFault_Handler) for BusFault_Handler
    startup_stm32h743xx.o(RESET) refers to stm32h7xx_it.o(.text.UsageFault_Handler) for UsageFault_Handler
    startup_stm32h743xx.o(RESET) refers to stm32h7xx_it.o(.text.SVC_Handler) for SVC_Handler
    startup_stm32h743xx.o(RESET) refers to stm32h7xx_it.o(.text.DebugMon_Handler) for DebugMon_Handler
    startup_stm32h743xx.o(RESET) refers to stm32h7xx_it.o(.text.PendSV_Handler) for PendSV_Handler
    startup_stm32h743xx.o(RESET) refers to stm32h7xx_it.o(.text.SysTick_Handler) for SysTick_Handler
    startup_stm32h743xx.o(RESET) refers to stm32h7xx_it.o(.text.RCC_IRQHandler) for RCC_IRQHandler
    startup_stm32h743xx.o(RESET) refers to stm32h7xx_it.o(.text.DMA1_Stream0_IRQHandler) for DMA1_Stream0_IRQHandler
    startup_stm32h743xx.o(RESET) refers to stm32h7xx_it.o(.text.DMA1_Stream5_IRQHandler) for DMA1_Stream5_IRQHandler
    startup_stm32h743xx.o(RESET) refers to stm32h7xx_it.o(.text.ADC_IRQHandler) for ADC_IRQHandler
    startup_stm32h743xx.o(RESET) refers to stm32h7xx_it.o(.text.USART1_IRQHandler) for USART1_IRQHandler
    startup_stm32h743xx.o(RESET) refers to stm32h7xx_it.o(.text.USART3_IRQHandler) for USART3_IRQHandler
    startup_stm32h743xx.o(.text) refers to system_stm32h7xx.o(.text.SystemInit) for SystemInit
    startup_stm32h743xx.o(.text) refers to entry.o(.ARM.Collect$$$$00000000) for __main
    drive_ad9959.o(.text.AD9959_Reset) refers to stm32h7xx_hal_gpio.o(.text.HAL_GPIO_WritePin) for HAL_GPIO_WritePin
    drive_ad9959.o(.text.AD9959_Reset) refers to drive_ad9959.o(.text.delay_us) for delay_us
    drive_ad9959.o(.ARM.exidx.text.AD9959_Reset) refers to drive_ad9959.o(.text.AD9959_Reset) for [Anonymous Symbol]
    drive_ad9959.o(.ARM.exidx.text.delay_us) refers to drive_ad9959.o(.text.delay_us) for [Anonymous Symbol]
    drive_ad9959.o(.text.AD9959_IO_Update) refers to stm32h7xx_hal_gpio.o(.text.HAL_GPIO_WritePin) for HAL_GPIO_WritePin
    drive_ad9959.o(.text.AD9959_IO_Update) refers to drive_ad9959.o(.text.delay_us) for delay_us
    drive_ad9959.o(.ARM.exidx.text.AD9959_IO_Update) refers to drive_ad9959.o(.text.AD9959_IO_Update) for [Anonymous Symbol]
    drive_ad9959.o(.text.AD9959_WriteData) refers to stm32h7xx_hal_gpio.o(.text.HAL_GPIO_WritePin) for HAL_GPIO_WritePin
    drive_ad9959.o(.text.AD9959_WriteData) refers to drive_ad9959.o(.text.delay_us) for delay_us
    drive_ad9959.o(.text.AD9959_WriteData) refers to drive_ad9959.o(.text.AD9959_IO_Update) for AD9959_IO_Update
    drive_ad9959.o(.ARM.exidx.text.AD9959_WriteData) refers to drive_ad9959.o(.text.AD9959_WriteData) for [Anonymous Symbol]
    drive_ad9959.o(.text.AD9959_EnableChannel) refers to drive_ad9959.o(.data.g_CSR_DATA) for g_CSR_DATA
    drive_ad9959.o(.text.AD9959_EnableChannel) refers to drive_ad9959.o(.text.AD9959_WriteData) for AD9959_WriteData
    drive_ad9959.o(.ARM.exidx.text.AD9959_EnableChannel) refers to drive_ad9959.o(.text.AD9959_EnableChannel) for [Anonymous Symbol]
    drive_ad9959.o(.text.AD9959_DisableChannel) refers to drive_ad9959.o(.data.g_CSR_DATA) for g_CSR_DATA
    drive_ad9959.o(.text.AD9959_DisableChannel) refers to drive_ad9959.o(.text.AD9959_WriteData) for AD9959_WriteData
    drive_ad9959.o(.ARM.exidx.text.AD9959_DisableChannel) refers to drive_ad9959.o(.text.AD9959_DisableChannel) for [Anonymous Symbol]
    drive_ad9959.o(.text.AD9959_SetFrequency) refers to printfa.o(i.__0printf) for __2printf
    drive_ad9959.o(.text.AD9959_SetFrequency) refers to drive_ad9959.o(.bss.g_CFTW_DATA) for g_CFTW_DATA
    drive_ad9959.o(.text.AD9959_SetFrequency) refers to drive_ad9959.o(.data.g_CSR_DATA) for g_CSR_DATA
    drive_ad9959.o(.text.AD9959_SetFrequency) refers to drive_ad9959.o(.text.AD9959_WriteData) for AD9959_WriteData
    drive_ad9959.o(.ARM.exidx.text.AD9959_SetFrequency) refers to drive_ad9959.o(.text.AD9959_SetFrequency) for [Anonymous Symbol]
    drive_ad9959.o(.text.AD9959_SetAmplitude) refers to drive_ad9959.o(.data.g_ACR_DATA) for g_ACR_DATA
    drive_ad9959.o(.text.AD9959_SetAmplitude) refers to drive_ad9959.o(.data.g_CSR_DATA) for g_CSR_DATA
    drive_ad9959.o(.text.AD9959_SetAmplitude) refers to drive_ad9959.o(.text.AD9959_WriteData) for AD9959_WriteData
[...]
    HAL_SPI_MspInit                          0x0800a459   Thumb Code   150  spi.o(.text.HAL_SPI_MspInit)
    HAL_SPI_Receive                          0x0800a4f1   Thumb Code   718  stm32h7xx_hal_spi.o(.text.HAL_SPI_Receive)
    HAL_SPI_Transmit                         0x0800a7c1   Thumb Code   592  stm32h7xx_hal_spi.o(.text.HAL_SPI_Transmit)
    HAL_SYSTICK_Config                       0x0800aa11   Thumb Code     4  stm32h7xx_hal_cortex.o(.text.HAL_SYSTICK_Config)
    HAL_TIMEx_MasterConfigSynchronization    0x0800aa19   Thumb Code   204  stm32h7xx_hal_tim_ex.o(.text.HAL_TIMEx_MasterConfigSynchronization)
    HAL_TIM_Base_Init                        0x0800aae9   Thumb Code    98  stm32h7xx_hal_tim.o(.text.HAL_TIM_Base_Init)
    HAL_TIM_Base_MspInit                     0x0800ab51   Thumb Code    42  tim.o(.text.HAL_TIM_Base_MspInit)
    HAL_TIM_Base_Start                       0x0800ab81   Thumb Code   182  stm32h7xx_hal_tim.o(.text.HAL_TIM_Base_Start)
    HAL_TIM_Base_Stop                        0x0800ac39   Thumb Code    40  stm32h7xx_hal_tim.o(.text.HAL_TIM_Base_Stop)
    HAL_TIM_ConfigClockSource                0x0800ac61   Thumb Code   268  stm32h7xx_hal_tim.o(.text.HAL_TIM_ConfigClockSource)
    HAL_UARTEx_DisableFifoMode               0x0800ad71   Thumb Code    56  stm32h7xx_hal_uart_ex.o(.text.HAL_UARTEx_DisableFifoMode)
    HAL_UARTEx_SetRxFifoThreshold            0x0800ada9   Thumb Code    78  stm32h7xx_hal_uart_ex.o(.text.HAL_UARTEx_SetRxFifoThreshold)
    HAL_UARTEx_SetTxFifoThreshold            0x0800adf9   Thumb Code    78  stm32h7xx_hal_uart_ex.o(.text.HAL_UARTEx_SetTxFifoThreshold)
    HAL_UART_Init                            0x0800ae49   Thumb Code   102  stm32h7xx_hal_uart.o(.text.HAL_UART_Init)
    HAL_UART_MspInit                         0x0800aeb1   Thumb Code   308  usart.o(.text.HAL_UART_MspInit)
    HAL_UART_Transmit                        0x0800afe9   Thumb Code   198  stm32h7xx_hal_uart.o(.text.HAL_UART_Transmit)
    HardFault_Handler                        0x0800b0b1   Thumb Code     2  stm32h7xx_it.o(.text.HardFault_Handler)
    MX_ADC1_Init                             0x0800b311   Thumb Code   244  adc.o(.text.MX_ADC1_Init)
    MX_DAC1_Init                             0x0800b409   Thumb Code   190  dac.o(.text.MX_DAC1_Init)
    MX_DMA_Init                              0x0800b4c9   Thumb Code    52  dma.o(.text.MX_DMA_Init)
    MX_GPIO_Init                             0x0800b501   Thumb Code   510  gpio.o(.text.MX_GPIO_Init)
    MX_SPI2_Init                             0x0800b701   Thumb Code   100  spi.o(.text.MX_SPI2_Init)
    MX_TIM2_Init                             0x0800b769   Thumb Code   122  tim.o(.text.MX_TIM2_Init)
    MX_USART1_UART_Init                      0x0800b7e9   Thumb Code   132  usart.o(.text.MX_USART1_UART_Init)
    MX_USART3_UART_Init                      0x0800b871   Thumb Code   132  usart.o(.text.MX_USART3_UART_Init)
    MemManage_Handler                        0x0800b8f9   Thumb Code     2  stm32h7xx_it.o(.text.MemManage_Handler)
    ModelStorage_Init                        0x0800b969   Thumb Code     4  modelstorage.o(.text.ModelStorage_Init)
    ModelStorage_Load                        0x0800b981   Thumb Code   186  modelstorage.o(.text.ModelStorage_Load)
    ModelStorage_Print                       0x0800ba41   Thumb Code   372  modelstorage.o(.text.ModelStorage_Print)
    ModelStorage_Save                        0x0800bc09   Thumb Code   336  modelstorage.o(.text.ModelStorage_Save)
    ModelStorage_SaveTask5Result             0x0800bd59   Thumb Code   168  modelstorage.o(.text.ModelStorage_SaveTask5Result)
    ModelStorage_Test                        0x0800be01   Thumb Code   532  modelstorage.o(.text.ModelStorage_Test)
    NMI_Handler                              0x0800c019   Thumb Code     2  stm32h7xx_it.o(.text.NMI_Handler)
    PendSV_Handler                           0x0800c059   Thumb Code     2  stm32h7xx_it.o(.text.PendSV_Handler)
    RCC_IRQHandler                           0x0800c2a1   Thumb Code     2  stm32h7xx_it.o(.text.RCC_IRQHandler)
    SVC_Handler                              0x0800c3b9   Thumb Code     2  stm32h7xx_it.o(.text.SVC_Handler)
    SysTick_Handler                          0x0800c3f1   Thumb Code     4  stm32h7xx_it.o(.text.SysTick_Handler)
    SystemClock_Config                       0x0800c3f9   Thumb Code   262  main.o(.text.SystemClock_Config)
    SystemInit                               0x0800c501   Thumb Code   204  system_stm32h7xx.o(.text.SystemInit)
    TIM2_ConfigureSampleRate                 0x0800c5d1   Thumb Code    70  tim.o(.text.TIM2_ConfigureSampleRate)
    TIM_Base_SetConfig                       0x0800c619   Thumb Code   290  stm32h7xx_hal_tim.o(.text.TIM_Base_SetConfig)
    TIM_ETR_SetConfig                        0x0800c741   Thumb Code    18  stm32h7xx_hal_tim.o(.text.TIM_ETR_SetConfig)
    Task2_DDS_Enter                          0x0800c7c1   Thumb Code    30  task2_dds.o(.text.Task2_DDS_Enter)
    Task2_DDS_GetFrequency                   0x0800c7e1   Thumb Code    12  task2_dds.o(.text.Task2_DDS_GetFrequency)
    Task2_DDS_SetFrequency                   0x0800c7f1   Thumb Code    28  task2_dds.o(.text.Task2_DDS_SetFrequency)
    Task4_DDS_Enter                          0x0800c8d9   Thumb Code   336  task4_dds.o(.text.Task4_DDS_Enter)
    Task4_DDS_GetReferenceOutputMV           0x0800ca29   Thumb Code    12  task4_dds.o(.text.Task4_DDS_GetReferenceOutputMV)
    Task4_DDS_SetReferenceOutputMV           0x0800ca39   Thumb Code   132  task4_dds.o(.text.Task4_DDS_SetReferenceOutputMV)
    Task5_Learn_Run                          0x0800d689   Thumb Code  1004  task5_learn.o(.text.Task5_Learn_Run)
    Task5_Learn_SetVerbose                   0x0800da79   Thumb Code    20  task5_learn.o(.text.Task5_Learn_SetVerbose)
    Task5_Learn_WasSuccessful                0x0800da91   Thumb Code    12  task5_learn.o(.text.Task5_Learn_WasSuccessful)
    UART_AdvFeatureConfig                    0x0800e3f1   Thumb Code   232  stm32h7xx_hal_uart.o(.text.UART_AdvFeatureConfig)
    UART_CheckIdleState                      0x0800e4d9   Thumb Code   194  stm32h7xx_hal_uart.o(.text.UART_CheckIdleState)
    UART_SetConfig                           0x0800e601   Thumb Code  1418  stm32h7xx_hal_uart.o(.text.UART_SetConfig)
    UART_WaitOnFlagUntilTimeout              0x0800eb91   Thumb Code   182  stm32h7xx_hal_uart.o(.text.UART_WaitOnFlagUntilTimeout)
    USART1_CommandErrorCount                 0x0800ec49   Thumb Code    24  usart.o(.text.USART1_CommandErrorCount)
    USART1_CommandFlush                      0x0800ec61   Thumb Code    80  usart.o(.text.USART1_CommandFlush)
    USART1_CommandRead                       0x0800ecb1   Thumb Code    58  usart.o(.text.USART1_CommandRead)
    USART1_CommandRxInit                     0x0800ecf1   Thumb Code    74  usart.o(.text.USART1_CommandRxInit)
    USART1_CommandRxIrqHandler               0x0800ed41   Thumb Code   118  usart.o(.text.USART1_CommandRxIrqHandler)
    USART1_IRQHandler                        0x0800edb9   Thumb Code     4  stm32h7xx_it.o(.text.USART1_IRQHandler)
    USART3_IRQHandler                        0x0800edc1   Thumb Code     4  stm32h7xx_it.o(.text.USART3_IRQHandler)
    UsageFault_Handler                       0x0800edc9   Thumb Code     2  stm32h7xx_it.o(.text.UsageFault_Handler)
    fputc                                    0x0800ee99   Thumb Code    26  usart.o(.text.fputc)
    main                                     0x0800eeb9   Thumb Code   214  main.o(.text.main)
    __0printf                                0x0800ef91   Thumb Code    22  printfa.o(i.__0printf)
    __1printf                                0x0800ef91   Thumb Code     0  printfa.o(i.__0printf)
    __2printf                                0x0800ef91   Thumb Code     0  printfa.o(i.__0printf)
    __c89printf                              0x0800ef91   Thumb Code     0  printfa.o(i.__0printf)
    printf                                   0x0800ef91   Thumb Code     0  printfa.o(i.__0printf)
    __0snprintf                              0x0800efb1   Thumb Code    44  printfa.o(i.__0snprintf)
    __1snprintf                              0x0800efb1   Thumb Code     0  printfa.o(i.__0snprintf)
    __2snprintf                              0x0800efb1   Thumb Code     0  printfa.o(i.__0snprintf)
    __c89snprintf                            0x0800efb1   Thumb Code     0  printfa.o(i.__0snprintf)
    snprintf                                 0x0800efb1   Thumb Code     0  printfa.o(i.__0snprintf)
    __ARM_fpclassify                         0x0800efe1   Thumb Code    48  fpclassify.o(i.__ARM_fpclassify)
    __ARM_fpclassifyf                        0x0800f011   Thumb Code    38  fpclassifyf.o(i.__ARM_fpclassifyf)
    __hardfp_atan2f                          0x0800f039   Thumb Code   572  atan2f.o(i.__hardfp_atan2f)
    __hardfp_expf                            0x0800f2cd   Thumb Code   430  expf.o(i.__hardfp_expf)
    __mathlib_expf                           0x0800f2cd   Thumb Code     0  expf.o(i.__hardfp_expf)
    __hardfp_fabs                            0x0800f4b9   Thumb Code    20  fabs.o(i.__hardfp_fabs)
    __hardfp_logf                            0x0800f4cd   Thumb Code   320  logf.o(i.__hardfp_logf)
    __mathlib_logf                           0x0800f4cd   Thumb Code     0  logf.o(i.__hardfp_logf)
    __hardfp_sinf                            0x0800f639   Thumb Code   344  sinf.o(i.__hardfp_sinf)
    __hardfp_sqrtf                           0x0800f7c9   Thumb Code    58  sqrtf.o(i.__hardfp_sqrtf)
    __hardfp_tan                             0x0800f809   Thumb Code   108  tan.o(i.__hardfp_tan)
    __ieee754_rem_pio2                       0x0800f889   Thumb Code   646  rred.o(i.__ieee754_rem_pio2)
    __kernel_poly                            0x0800fb91   Thumb Code   112  poly.o(i.__kernel_poly)
    __kernel_tan                             0x0800fc01   Thumb Code   434  tan_i.o(i.__kernel_tan)
    __mathlib_dbl_invalid                    0x0800fde9   Thumb Code    10  dunder.o(i.__mathlib_dbl_invalid)
    __mathlib_dbl_underflow                  0x0800fe01   Thumb Code    10  dunder.o(i.__mathlib_dbl_underflow)
    __mathlib_flt_divzero                    0x0800fe19   Thumb Code    14  funder.o(i.__mathlib_flt_divzero)
    __mathlib_flt_infnan                     0x0800fe2d   Thumb Code     6  funder.o(i.__mathlib_flt_infnan)
    __mathlib_flt_infnan2                    0x0800fe33   Thumb Code     6  funder.o(i.__mathlib_flt_infnan2)
    __mathlib_flt_invalid                    0x0800fe39   Thumb Code    10  funder.o(i.__mathlib_flt_invalid)
    __mathlib_flt_overflow                   0x0800fe49   Thumb Code    10  funder.o(i.__mathlib_flt_overflow)
    __mathlib_flt_underflow                  0x0800fe59   Thumb Code    10  funder.o(i.__mathlib_flt_underflow)
    __mathlib_rredf2                         0x0800fe69   Thumb Code   316  rredf.o(i.__mathlib_rredf2)
    __scatterload_copy                       0x0800ffbd   Thumb Code    14  handlers.o(i.__scatterload_copy)
    __scatterload_null                       0x0800ffcb   Thumb Code     2  handlers.o(i.__scatterload_null)
    __scatterload_zeroinit                   0x0800ffcd   Thumb Code    14  handlers.o(i.__scatterload_zeroinit)
    __set_errno                              0x0800ffdd   Thumb Code     6  errno.o(i.__set_errno)
    fabs                                     0x080108b1   Thumb Code    24  fabs.o(i.fabs)
    putchar                                  0x080108c9   Thumb Code     6  putchar.o(i.putchar)
    puts                                     0x080108d5   Thumb Code    30  puts.o(i.puts)
    __ctype_categories                       0x08010ab0   Data          64  ctype_c.o(.constdata)
    D1CorePrescTable                         0x08010b20   Data          16  system_stm32h7xx.o(.rodata.D1CorePrescTable)
    UARTPrescTable                           0x08010b50   Data          24  stm32h7xx_hal_uart.o(.rodata.UARTPrescTable)
    Region$$Table$$Base                      0x080129b0   Number         0  anon$$obj.o(Region$$Table)
    Region$$Table$$Limit                     0x080129d0   Number         0  anon$$obj.o(Region$$Table)
    SystemCoreClock                          0x24000004   Data           4  system_stm32h7xx.o(.data.SystemCoreClock)
    SystemD2Clock                            0x24000008   Data           4  system_stm32h7xx.o(.data.SystemD2Clock)
    uwTickFreq                               0x24000018   Data           1  stm32h7xx_hal.o(.data.uwTickFreq)
    uwTickPrio                               0x2400001c   Data           4  stm32h7xx_hal.o(.data.uwTickPrio)
    __stdout                                 0x24000020   Data          84  usart.o(.bss.__stdout)
    adc_done                                 0x24000074   Data           1  adc.o(.bss.adc_done)
    adc_error                                0x24000075   Data           1  adc.o(.bss.adc_error)
    hadc1                                    0x2400007c   Data         100  adc.o(.bss.hadc1)
    hdma_adc1                                0x240000e0   Data         120  adc.o(.bss.hdma_adc1)
    hdma_dac1                                0x24000158   Data         120  dac.o(.bss.hdma_dac1)
    hspi2                                    0x240001d0   Data         136  spi.o(.bss.hspi2)
    htim2                                    0x24000258   Data          76  tim.o(.bss.htim2)
    huart1                                   0x240002a4   Data         148  usart.o(.bss.huart1)
    huart3                                   0x24000338   Data         148  usart.o(.bss.huart3)
    uwTick                                   0x24001880   Data           4  stm32h7xx_hal.o(.bss.uwTick)
    __initial_sp                             0x24002088   Data           0  startup_stm32h743xx.o(STACK)
    adc_buf                                  0x30000000   Data       16384  adc.o(.ARM.__at_0x30000000)



==============================================================================

Memory Map of the image

  Image Entry point : 0x08000299

  Load Region LR_IROM1 (Base: 0x08000000, Size: 0x000129f0, Max: 0x00200000, ABSOLUTE)

    Execution Region ER_IROM1 (Exec base: 0x08000000, Load base: 0x08000000, Size: 0x000129d0, Max: 0x00200000, ABSOLUTE)

    Exec Addr    Load Addr    Size         Type   Attr      Idx    E Section Name        Object

    0x08000000   0x08000000   0x00000298   Data   RO            3    RESET               startup_stm32h743xx.o
    0x08000298   0x08000298   0x00000000   Code   RO         2901  * .ARM.Collect$$$$00000000  mc_w.l(entry.o)
    0x08000298   0x08000298   0x00000004   Code   RO         3235    .ARM.Collect$$$$00000001  mc_w.l(entry2.o)
    0x0800029c   0x0800029c   0x00000004   Code   RO         3238    .ARM.Collect$$$$00000004  mc_w.l(entry5.o)
    0x080002a0   0x080002a0   0x00000000   Code   RO         3240    .ARM.Collect$$$$00000008  mc_w.l(entry7b.o)
    0x080002a0   0x080002a0   0x00000000   Code   RO         3242    .ARM.Collect$$$$0000000A  mc_w.l(entry8b.o)
    0x080002a0   0x080002a0   0x00000008   Code   RO         3243    .ARM.Collect$$$$0000000B  mc_w.l(entry9a.o)
    0x080002a8   0x080002a8   0x00000000   Code   RO         3245    .ARM.Collect$$$$0000000D  mc_w.l(entry10a.o)
    0x080002a8   0x080002a8   0x00000000   Code   RO         3247    .ARM.Collect$$$$0000000F  mc_w.l(entry11a.o)
    0x080002a8   0x080002a8   0x00000004   Code   RO         3236    .ARM.Collect$$$$00002712  mc_w.l(entry2.o)
    0x080002ac   0x080002ac   0x00000024   Code   RO            4    .text               startup_stm32h743xx.o
    0x080002d0   0x080002d0   0x00000016   Code   RO         2751    .text               arm_cortexM7lfdp_math.lib(arm_biquad_cascade_df2t_init_f32.o)
    0x080002e6   0x080002e6   0x00000268   Code   RO         2798    .text               arm_cortexM7lfdp_math.lib(arm_biquad_cascade_df2t_f32.o)
    0x0800054e   0x0800054e   0x00000062   Code   RO         2910    .text               mc_w.l(uldiv.o)
    0x080005b0   0x080005b0   0x00000024   Code   RO         2912    .text               mc_w.l(memcpya.o)
    0x080005d4   0x080005d4   0x00000024   Code   RO         2914    .text               mc_w.l(memseta.o)
    0x080005f8   0x080005f8   0x0000000e   Code   RO         2916    .text               mc_w.l(strlen.o)
    0x08000606   0x08000606   0x0000001c   Code   RO         2918    .text               mc_w.l(strcmp.o)
    0x08000622   0x08000622   0x0000001a   Code   RO         2920    .text               mc_w.l(memcmp.o)
    0x0800063c   0x0800063c   0x0000001e   Code   RO         2922    .text               mc_w.l(strncmp.o)
    0x0800065a   0x0800065a   0x00000002   PAD
    0x0800065c   0x0800065c   0x00000038   Code   RO         3187    .text               mc_w.l(__0sscanf.o)
    0x08000694   0x08000694   0x0000014c   Code   RO         3189    .text               mc_w.l(_scanf_int.o)
    0x080007e0   0x080007e0   0x0000002c   Code   RO         3249    .text               mc_w.l(uidiv.o)
    0x0800080c   0x0800080c   0x0000001e   Code   RO         3251    .text               mc_w.l(llshl.o)
    0x0800082a   0x0800082a   0x00000020   Code   RO         3253    .text               mc_w.l(llushr.o)
    0x0800084a   0x0800084a   0x0000001c   Code   RO         3262    .text               mc_w.l(_chval.o)
    0x08000866   0x08000866   0x00000002   PAD
    0x08000868   0x08000868   0x00000028   Code   RO         3264    .text               mc_w.l(scanf_char.o)
    0x08000890   0x08000890   0x00000040   Code   RO         3266    .text               mc_w.l(_sgetc.o)
    0x080008d0   0x080008d0   0x00000000   Code   RO         3268    .text               mc_w.l(iusefp.o)
    0x080008d0   0x080008d0   0x0000014e   Code   RO         3269    .text               mf_w.l(dadd.o)
    0x08000a1e   0x08000a1e   0x000000e4   Code   RO         3271    .text               mf_w.l(dmul.o)
    0x08000b02   0x08000b02   0x000000de   Code   RO         3273    .text               mf_w.l(ddiv.o)
    0x08000be0   0x08000be0   0x00000030   Code   RO         3275    .text               mf_w.l(dfixul.o)
    0x08000c10   0x08000c10   0x00000030   Code   RO         3277    .text               mf_w.l(cdrcmple.o)
    0x08000c40   0x08000c40   0x00000024   Code   RO         3285    .text               mc_w.l(init.o)
    0x08000c64   0x08000c64   0x00000024   Code   RO         3287    .text               mc_w.l(llsshr.o)
    0x08000c88   0x08000c88   0x0000000a   Code   RO         3289    .text               mc_w.l(isspace_c.o)
    0x08000c92   0x08000c92   0x00000002   PAD
    0x08000c94   0x08000c94   0x0000032c   Code   RO         3291    .text               mc_w.l(_scanf.o)
    0x08000fc0   0x08000fc0   0x000000ba   Code   RO         3293    .text               mf_w.l(depilogue.o)
    0x0800107a   0x0800107a   0x00000002   PAD
    0x0800107c   0x0800107c   0x00000028   Code   RO         3295    .text               mc_w.l(ctype_c.o)
    0x080010a4   0x080010a4   0x00000004   PAD
    0x080010a8   0x080010a8   0x00000034   Code   RO           19    .text.AD9959_EnableChannel  drive_ad9959.o
    0x080010dc   0x080010dc   0x00000004   PAD
    0x080010e0   0x080010e0   0x000000aa   Code   RO           33    .text.AD9959_GPIO_Init  drive_ad9959.o
    0x0800118a   0x0800118a   0x00000006   PAD
    0x08001190   0x08001190   0x0000003e   Code   RO           15    .text.AD9959_IO_Update  drive_ad9959.o
    0x080011ce   0x080011ce   0x00000002   PAD
    0x080011d0   0x080011d0   0x00000164   Code   RO           31    .text.AD9959_Init   drive_ad9959.o
    0x08001334   0x08001334   0x00000004   PAD
    0x08001338   0x08001338   0x0000003e   Code   RO           11    .text.AD9959_Reset  drive_ad9959.o
    0x08001376   0x08001376   0x00000002   PAD
    0x08001378   0x08001378   0x00000088   Code   RO           25    .text.AD9959_SetAmplitude  drive_ad9959.o
    0x08001400   0x08001400   0x000000b4   Code   RO           23    .text.AD9959_SetFrequency  drive_ad9959.o
    0x080014b4   0x080014b4   0x00000004   PAD
    0x080014b8   0x080014b8   0x0000003a   Code   RO           29    .text.AD9959_SyncPhase  drive_ad9959.o
    0x080014f2   0x080014f2   0x00000006   PAD
    0x080014f8   0x080014f8   0x00000110   Code   RO           17    .text.AD9959_WriteData  drive_ad9959.o
    0x08001608   0x08001608   0x000000be   Code   RO          574    .text.ADC1_ConfigureDmaMode  adc.o
    0x080016c6   0x080016c6   0x00000002   PAD
    0x080016c8   0x080016c8   0x0000000c   Code   RO          578    .text.ADC1_RealtimeIsRunning  adc.o
    0x080016d4   0x080016d4   0x00000004   PAD
    0x080016d8   0x080016d8   0x000000aa   Code   RO          572    .text.ADC1_RealtimeStart  adc.o
    0x08001782   0x08001782   0x00000006   PAD
    0x08001788   0x08001788   0x0000003a   Code   RO          576    .text.ADC1_RealtimeStop  adc.o
    0x080017c2   0x080017c2   0x00000006   PAD
    0x080017c8   0x080017c8   0x00000116   Code   RO          995    .text.ADC_ConfigureBoostMode  stm32h7xx_hal_adc.o
    0x080018de   0x080018de   0x00000002   PAD
    0x080018e0   0x080018e0   0x000000de   Code   RO          999    .text.ADC_ConversionStop  stm32h7xx_hal_adc.o
    0x080019be   0x080019be   0x00000002   PAD
    0x080019c0   0x080019c0   0x0000008a   Code   RO         1029    .text.ADC_DMAConvCplt  stm32h7xx_hal_adc.o
    0x08001a4a   0x08001a4a   0x00000006   PAD
    0x08001a50   0x08001a50   0x00000016   Code   RO         1033    .text.ADC_DMAError  stm32h7xx_hal_adc.o
    0x08001a66   0x08001a66   0x00000002   PAD
    0x08001a68   0x08001a68   0x00000006   Code   RO         1031    .text.ADC_DMAHalfConvCplt  stm32h7xx_hal_adc.o
    0x08001a6e   0x08001a6e   0x00000002   PAD
    0x08001a70   0x08001a70   0x0000007e   Code   RO         1001    .text.ADC_Disable   stm32h7xx_hal_adc.o
    0x08001aee   0x08001aee   0x00000002   PAD
    0x08001af0   0x08001af0   0x000000d4   Code   RO         1009    .text.ADC_Enable    stm32h7xx_hal_adc.o
    0x08001bc4   0x08001bc4   0x00000004   PAD
    0x08001bc8   0x08001bc8   0x0000000c   Code   RO          700    .text.ADC_IRQHandler  stm32h7xx_it.o
    0x08001bd4   0x08001bd4   0x00000004   PAD
    0x08001bd8   0x08001bd8   0x00000002   Code   RO          682    .text.BusFault_Handler  stm32h7xx_it.o
    0x08001bda   0x08001bda   0x00000006   PAD
    0x08001be0   0x08001be0   0x00000010   Code   RO          761    .text.DAC_DMAConvCpltCh1  stm32h7xx_hal_dac.o
    0x08001bf0   0x08001bf0   0x00000010   Code   RO          806    .text.DAC_DMAConvCpltCh2  stm32h7xx_hal_dac_ex.o
    0x08001c00   0x08001c00   0x00000018   Code   RO          765    .text.DAC_DMAErrorCh1  stm32h7xx_hal_dac.o
    0x08001c18   0x08001c18   0x00000018   Code   RO          810    .text.DAC_DMAErrorCh2  stm32h7xx_hal_dac_ex.o
    0x08001c30   0x08001c30   0x00000006   Code   RO          763    .text.DAC_DMAHalfConvCpltCh1  stm32h7xx_hal_dac.o
    0x08001c36   0x08001c36   0x00000002   PAD
    0x08001c38   0x08001c38   0x00000006   Code   RO          808    .text.DAC_DMAHalfConvCpltCh2  stm32h7xx_hal_dac_ex.o
    0x08001c3e   0x08001c3e   0x00000002   PAD
    0x08001c40   0x08001c40   0x00000054   Code   RO           68    .text.DAC_Learning_SetFrequency  dac.o
    0x08001c94   0x08001c94   0x00000004   PAD
    0x08001c98   0x08001c98   0x00000012   Code   RO           72    .text.DAC_Learning_SetVerbose  dac.o
    0x08001caa   0x08001caa   0x00000006   PAD
    0x08001cb0   0x08001cb0   0x00000038   Code   RO           66    .text.DAC_Learning_Start  dac.o
    0x08001ce8   0x08001ce8   0x00000004   Code   RO           74    .text.DAC_Learning_Stop  dac.o
    0x08001cec   0x08001cec   0x00000004   PAD
    0x08001cf0   0x08001cf0   0x00000042   Code   RO           76    .text.DAC_Replay_Start  dac.o
    0x08001d32   0x08001d32   0x00000006   PAD
    0x08001d38   0x08001d38   0x00000098   Code   RO           78    .text.DAC_Stream_Start  dac.o
    0x08001dd0   0x08001dd0   0x00000076   Code   RO           82    .text.DAC_Stream_WriteHalf  dac.o
    0x08001e46   0x08001e46   0x00000002   PAD
    0x08001e48   0x08001e48   0x000000a4   Code   RO           86    .text.DAC_Test_BuildSineLut  dac.o
    0x08001eec   0x08001eec   0x00000004   PAD
    0x08001ef0   0x08001ef0   0x00000040   Code   RO           80    .text.DAC_Test_ConfigureTrigger  dac.o
    0x08001f30   0x08001f30   0x00000060   Code   RO           96    .text.DAC_Test_DegreesToPhase  dac.o
    0x08001f90   0x08001f90   0x0000008c   Code   RO           54    .text.DAC_Test_FillHalf  dac.o
    0x0800201c   0x0800201c   0x00000004   PAD
    0x08002020   0x08002020   0x0000000c   Code   RO           64    .text.DAC_Test_IsRunning  dac.o
    0x0800202c   0x0800202c   0x00000004   PAD
    0x08002030   0x08002030   0x0000004e   Code   RO           92    .text.DAC_Test_SampleWithAmplitude  dac.o
    0x0800207e   0x0800207e   0x00000002   PAD
    0x08002080   0x08002080   0x00000032   Code   RO           70    .text.DAC_Test_SetFrequency  dac.o
    0x080020b2   0x080020b2   0x00000006   PAD
    0x080020b8   0x080020b8   0x00000040   Code   RO           58    .text.DAC_Test_Start  dac.o
    0x080020f8   0x080020f8   0x000001a0   Code   RO           60    .text.DAC_Test_StartDual  dac.o
    0x08002298   0x08002298   0x0000008c   Code   RO           62    .text.DAC_Test_Stop  dac.o
    0x08002324   0x08002324   0x00000004   PAD
    0x08002328   0x08002328   0x00000070   Code   RO           88    .text.DAC_Test_TIM6_Init  dac.o
    0x08002398   0x08002398   0x00000022   Code   RO           94    .text.DAC_Test_VppToPeakCounts  dac.o
    0x080023ba   0x080023ba   0x00000006   PAD
    0x080023c0   0x080023c0   0x00000108   Code   RO          409    .text.DDS_Control_CalculateModelResponse  dds_control.o
    0x080024c8   0x080024c8   0x000000c0   Code   RO          395    .text.DDS_Control_EnterDacPa5Test  dds_control.o
    0x08002588   0x08002588   0x00000070   Code   RO          379    .text.DDS_Control_EnterDacTest  dds_control.o
    0x080025f8   0x080025f8   0x00000080   Code   RO          381    .text.DDS_Control_EnterDataFlashTest  dds_control.o
    0x08002678   0x08002678   0x00000060   Code   RO          397    .text.DDS_Control_EnterExternalLoopback  dds_control.o
    0x080026d8   0x080026d8   0x00000094   Code   RO          387    .text.DDS_Control_EnterExternalReplay  dds_control.o
    0x0800276c   0x0800276c   0x00000004   PAD
    0x08002770   0x08002770   0x00000088   Code   RO          385    .text.DDS_Control_EnterModelStorageRead  dds_control.o
    0x080027f8   0x080027f8   0x00000078   Code   RO          383    .text.DDS_Control_EnterModelStorageTest  dds_control.o
    0x08002870   0x08002870   0x00000070   Code   RO          393    .text.DDS_Control_EnterSelfTest  dds_control.o
    0x080028e0   0x080028e0   0x00000098   Code   RO          391    .text.DDS_Control_EnterSelfTestAuto  dds_control.o
    0x08002978   0x08002978   0x000000ac   Code   RO          375    .text.DDS_Control_EnterTask2  dds_control.o
    0x08002a24   0x08002a24   0x00000004   PAD
    0x08002a28   0x08002a28   0x0000002e   Code   RO          401    .text.DDS_Control_EnterTask4  dds_control.o
    0x08002a56   0x08002a56   0x00000002   PAD
    0x08002a58   0x08002a58   0x000000f4   Code   RO          377    .text.DDS_Control_EnterTask5  dds_control.o
    0x08002b4c   0x08002b4c   0x00000004   PAD
    0x08002b50   0x08002b50   0x0000003c   Code   RO          355    .text.DDS_Control_ExecuteLine  dds_control.o
    0x08002b8c   0x08002b8c   0x00000004   PAD
    0x08002b90   0x08002b90   0x000000bc   Code   RO          367    .text.DDS_Control_HandleImmediateTask2Command  dds_control.o
    0x08002c4c   0x08002c4c   0x00000004   PAD
    0x08002c50   0x08002c50   0x0000030c   Code   RO          357    .text.DDS_Control_HandleLine  dds_control.o
    0x08002f5c   0x08002f5c   0x00000004   PAD
    0x08002f60   0x08002f60   0x0000004e   Code   RO          359    .text.DDS_Control_Init  dds_control.o
    0x08002fae   0x08002fae   0x00000002   PAD
    0x08002fb0   0x08002fb0   0x0000000e   Code   RO          403    .text.DDS_Control_InvalidateReplayModel  dds_control.o
    0x08002fbe   0x08002fbe   0x00000002   PAD
    0x08002fc0   0x08002fc0   0x00000028   Code   RO          371    .text.DDS_Control_IsSingleCommand  dds_control.o
    0x08002fe8   0x08002fe8   0x000000b8   Code   RO          405    .text.DDS_Control_LoadReplayModel  dds_control.o
    0x080030a0   0x080030a0   0x0000007a   Code   RO          399    .text.DDS_Control_ParseTargetTenths  dds_control.o
    0x0800311a   0x0800311a   0x00000006   PAD
    0x08003120   0x08003120   0x00000044   Code   RO          373    .text.DDS_Control_ParseUnsigned  dds_control.o
    0x08003164   0x08003164   0x00000004   PAD
    0x08003168   0x08003168   0x000001b4   Code   RO          361    .text.DDS_Control_PrintHelp  dds_control.o
    0x0800331c   0x0800331c   0x00000004   PAD
    0x08003320   0x08003320   0x00000114   Code   RO          363    .text.DDS_Control_Process  dds_control.o
    0x08003434   0x08003434   0x00000004   PAD
    0x08003438   0x08003438   0x00000018   Code   RO          353    .text.DDS_Control_SetTask2Frequency  dds_control.o
    0x08003450   0x08003450   0x0000000e   Code   RO          369    .text.DDS_Control_SkipSpaces  dds_control.o
    0x0800345e   0x0800345e   0x00000002   PAD
    0x08003460   0x08003460   0x00000104   Code   RO          407    .text.DDS_Control_StartSelfTest  dds_control.o
    0x08003564   0x08003564   0x00000004   PAD
    0x08003568   0x08003568   0x00000054   Code   RO          351    .text.DDS_Control_StopAll  dds_control.o
    0x080035bc   0x080035bc   0x00000004   PAD
    0x080035c0   0x080035c0   0x00000018   Code   RO          389    .text.DDS_Control_StopExternal  dds_control.o
    0x080035d8   0x080035d8   0x00000004   Code   RO          365    .text.DDS_Control_TryReadChar  dds_control.o
    0x080035dc   0x080035dc   0x00000004   PAD
    0x080035e0   0x080035e0   0x0000000c   Code   RO          696    .text.DMA1_Stream0_IRQHandler  stm32h7xx_it.o
    0x080035ec   0x080035ec   0x00000004   PAD
    0x080035f0   0x080035f0   0x0000000c   Code   RO          698    .text.DMA1_Stream5_IRQHandler  stm32h7xx_it.o
    0x080035fc   0x080035fc   0x00000004   PAD
    0x08003600   0x08003600   0x00000120   Code   RO         1518    .text.DMA_CalcBaseAndBitshift  stm32h7xx_hal_dma.o
    0x08003720   0x08003720   0x000000e2   Code   RO         1520    .text.DMA_CalcDMAMUXChannelBaseAndMask  stm32h7xx_hal_dma.o
    0x08003802   0x08003802   0x00000006   PAD
    0x08003808   0x08003808   0x000000a4   Code   RO         1522    .text.DMA_CalcDMAMUXRequestGenBaseAndMask  stm32h7xx_hal_dma.o
    0x080038ac   0x080038ac   0x00000004   PAD
    0x080038b0   0x080038b0   0x00000052   Code   RO         1516    .text.DMA_CheckFifoParam  stm32h7xx_hal_dma.o
    0x08003902   0x08003902   0x00000006   PAD
    0x08003908   0x08003908   0x000002e4   Code   RO         1528    .text.DMA_SetConfig  stm32h7xx_hal_dma.o
    0x08003bec   0x08003bec   0x00000004   PAD
    0x08003bf0   0x08003bf0   0x00000012   Code   RO          139    .text.DataFlash_Address  dataflash.o
    0x08003c02   0x08003c02   0x00000006   PAD
    0x08003c08   0x08003c08   0x00000012   Code   RO          145    .text.DataFlash_Deselect  dataflash.o
    0x08003c1a   0x08003c1a   0x00000006   PAD
    0x08003c20   0x08003c20   0x0000002e   Code   RO          131    .text.DataFlash_Enter4ByteAddressMode  dataflash.o
    0x08003c4e   0x08003c4e   0x00000002   PAD
    0x08003c50   0x08003c50   0x00000064   Code   RO          133    .text.DataFlash_EraseSector  dataflash.o
    0x08003cb4   0x08003cb4   0x00000004   PAD
    0x08003cb8   0x08003cb8   0x0000016c   Code   RO          127    .text.DataFlash_Init  dataflash.o
    0x08003e24   0x08003e24   0x00000004   PAD
    0x08003e28   0x08003e28   0x0000001e   Code   RO          149    .text.DataFlash_RangeValid  dataflash.o
    0x08003e46   0x08003e46   0x00000002   PAD
    0x08003e48   0x08003e48   0x00000094   Code   RO          153    .text.DataFlash_Read  dataflash.o
    0x08003edc   0x08003edc   0x00000004   PAD
    0x08003ee0   0x08003ee0   0x00000058   Code   RO          125    .text.DataFlash_ReadJedecIdRaw  dataflash.o
    0x08003f38   0x08003f38   0x00000032   Code   RO          159    .text.DataFlash_ReadStatus1  dataflash.o
    0x08003f6a   0x08003f6a   0x00000006   PAD
    0x08003f70   0x08003f70   0x00000012   Code   RO          155    .text.DataFlash_Receive  dataflash.o
    0x08003f82   0x08003f82   0x00000006   PAD
    0x08003f88   0x08003f88   0x00000046   Code   RO          129    .text.DataFlash_ResetMemory  dataflash.o
    0x08003fce   0x08003fce   0x00000002   PAD
    0x08003fd0   0x08003fd0   0x00000012   Code   RO          141    .text.DataFlash_Select  dataflash.o
    0x08003fe2   0x08003fe2   0x00000006   PAD
    0x08003fe8   0x08003fe8   0x00000190   Code   RO          157    .text.DataFlash_Test  dataflash.o
    0x08004178   0x08004178   0x00000012   Code   RO          143    .text.DataFlash_Transmit  dataflash.o
    0x0800418a   0x0800418a   0x00000006   PAD
    0x08004190   0x08004190   0x00000080   Code   RO          135    .text.DataFlash_WaitReady  dataflash.o
    0x08004210   0x08004210   0x00000064   Code   RO          147    .text.DataFlash_Write  dataflash.o
    0x08004274   0x08004274   0x00000004   PAD
    0x08004278   0x08004278   0x00000024   Code   RO          137    .text.DataFlash_WriteEnable  dataflash.o
    0x0800429c   0x0800429c   0x00000004   PAD
    0x080042a0   0x080042a0   0x0000006e   Code   RO          151    .text.DataFlash_WritePage  dataflash.o
    0x0800430e   0x0800430e   0x00000002   PAD
    0x08004310   0x08004310   0x00000002   Code   RO          688    .text.DebugMon_Handler  stm32h7xx_it.o
    0x08004312   0x08004312   0x00000006   PAD
    0x08004318   0x08004318   0x0000000a   Code   RO          537    .text.Error_Handler  main.o
    0x08004322   0x08004322   0x00000006   PAD
    0x08004328   0x08004328   0x00000220   Code   RO          443    .text.ExternalReplay_BuildBiquad  externalreplay.o
    0x08004548   0x08004548   0x00000020   Code   RO          439    .text.ExternalReplay_CountsToMv  externalreplay.o
    0x08004568   0x08004568   0x0000000c   Code   RO          441    .text.ExternalReplay_IsRunning  externalreplay.o
    0x08004574   0x08004574   0x00000004   PAD
    0x08004578   0x08004578   0x00000248   Code   RO          447    .text.ExternalReplay_OnAdcBlock  externalreplay.o
    0x080047c0   0x080047c0   0x00000238   Code   RO          437    .text.ExternalReplay_Process  externalreplay.o
    0x080049f8   0x080049f8   0x000000c0   Code   RO          445    .text.ExternalReplay_ResetRuntimeState  externalreplay.o
    0x08004ab8   0x08004ab8   0x00000128   Code   RO          431    .text.ExternalReplay_StartCommon  externalreplay.o
    0x08004be0   0x08004be0   0x000000e0   Code   RO          429    .text.ExternalReplay_StartModel  externalreplay.o
    0x08004cc0   0x08004cc0   0x0000009c   Code   RO          433    .text.ExternalReplay_StartPassthrough  externalreplay.o
    0x08004d5c   0x08004d5c   0x00000004   PAD
    0x08004d60   0x08004d60   0x0000008c   Code   RO          435    .text.ExternalReplay_Stop  externalreplay.o
    0x08004dec   0x08004dec   0x00000004   PAD
    0x08004df0   0x08004df0   0x00000042   Code   RO          453    .text.ExternalReplay_UpdateRisingCrossing  externalreplay.o
    0x08004e32   0x08004e32   0x00000006   PAD
    0x08004e38   0x08004e38   0x00000024   Code   RO          508    .text.H7Link_FilterName  h7link.o
    0x08004e5c   0x08004e5c   0x00000004   PAD
    0x08004e60   0x08004e60   0x00000244   Code   RO          504    .text.H7Link_HandleF4Command  h7link.o
    0x080050a4   0x080050a4   0x00000004   PAD
    0x080050a8   0x080050a8   0x0000014c   Code   RO          500    .text.H7Link_HandleLine  h7link.o
    0x080051f4   0x080051f4   0x00000004   PAD
    0x080051f8   0x080051f8   0x00000080   Code   RO          492    .text.H7Link_Init   h7link.o
    0x08005278   0x08005278   0x0000006c   Code   RO          496    .text.H7Link_Process  h7link.o
    0x080052e4   0x080052e4   0x00000004   PAD
    0x080052e8   0x080052e8   0x0000004c   Code   RO          498    .text.H7Link_ReadByte  h7link.o
    0x08005334   0x08005334   0x00000004   PAD
    0x08005338   0x08005338   0x00000056   Code   RO          494    .text.H7Link_RxIrqHandler  h7link.o
    0x0800538e   0x0800538e   0x00000002   PAD
    0x08005390   0x08005390   0x0000001e   Code   RO          502    .text.H7Link_SendLine  h7link.o
    0x080053ae   0x080053ae   0x00000002   PAD
    0x080053b0   0x080053b0   0x00000060   Code   RO          506    .text.H7Link_SendModel  h7link.o
    0x08005410   0x08005410   0x00000092   Code   RO         1118    .text.HAL_ADCEx_Calibration_Start  stm32h7xx_hal_adc_ex.o
    0x080054a2   0x080054a2   0x00000006   PAD
    0x080054a8   0x080054a8   0x00000002   Code   RO         1188    .text.HAL_ADCEx_EndOfSamplingCallback  stm32h7xx_hal_adc_ex.o
    0x080054aa   0x080054aa   0x00000006   PAD
    0x080054b0   0x080054b0   0x00000002   Code   RO         1180    .text.HAL_ADCEx_InjectedConvCpltCallback  stm32h7xx_hal_adc_ex.o
    0x080054b2   0x080054b2   0x00000006   PAD
    0x080054b8   0x080054b8   0x00000002   Code   RO         1182    .text.HAL_ADCEx_InjectedQueueOverflowCallback  stm32h7xx_hal_adc_ex.o
    0x080054ba   0x080054ba   0x00000006   PAD
    0x080054c0   0x080054c0   0x00000002   Code   RO         1184    .text.HAL_ADCEx_LevelOutOfWindow2Callback  stm32h7xx_hal_adc_ex.o
    0x080054c2   0x080054c2   0x00000006   PAD
    0x080054c8   0x080054c8   0x00000002   Code   RO         1186    .text.HAL_ADCEx_LevelOutOfWindow3Callback  stm32h7xx_hal_adc_ex.o
    0x080054ca   0x080054ca   0x00000006   PAD
    0x080054d0   0x080054d0   0x00000106   Code   RO         1214    .text.HAL_ADCEx_MultiModeConfigChannel  stm32h7xx_hal_adc_ex.o
    0x080055d6   0x080055d6   0x00000002   PAD
    0x080055d8   0x080055d8   0x00000350   Code   RO         1053    .text.HAL_ADC_ConfigChannel  stm32h7xx_hal_adc.o
    0x08005928   0x08005928   0x0000007c   Code   RO          582    .text.HAL_ADC_ConvCpltCallback  adc.o
    0x080059a4   0x080059a4   0x00000004   PAD
    0x080059a8   0x080059a8   0x00000070   Code   RO          580    .text.HAL_ADC_ConvHalfCpltCallback  adc.o
    0x08005a18   0x08005a18   0x00000070   Code   RO          584    .text.HAL_ADC_ErrorCallback  adc.o
    0x08005a88   0x08005a88   0x00000288   Code   RO         1041    .text.HAL_ADC_IRQHandler  stm32h7xx_hal_adc.o
    0x08005d10   0x08005d10   0x0000022c   Code   RO          975    .text.HAL_ADC_Init  stm32h7xx_hal_adc.o
    0x08005f3c   0x08005f3c   0x00000004   PAD
    0x08005f40   0x08005f40   0x00000002   Code   RO         1047    .text.HAL_ADC_LevelOutOfWindowCallback  stm32h7xx_hal_adc.o
    0x08005f42   0x08005f42   0x00000006   PAD
    0x08005f48   0x08005f48   0x0000012e   Code   RO          568    .text.HAL_ADC_MspInit  adc.o
    0x08006076   0x08006076   0x00000002   PAD
    0x08006078   0x08006078   0x00000118   Code   RO         1027    .text.HAL_ADC_Start_DMA  stm32h7xx_hal_adc.o
    0x08006190   0x08006190   0x0000007e   Code   RO         1037    .text.HAL_ADC_Stop_DMA  stm32h7xx_hal_adc.o
    0x0800620e   0x0800620e   0x00000002   PAD
    0x08006210   0x08006210   0x00000002   Code   RO          820    .text.HAL_DACEx_ConvCpltCallbackCh2  stm32h7xx_hal_dac_ex.o
    0x08006212   0x08006212   0x00000006   PAD
    0x08006218   0x08006218   0x00000002   Code   RO          822    .text.HAL_DACEx_ConvHalfCpltCallbackCh2  stm32h7xx_hal_dac_ex.o
    0x0800621a   0x0800621a   0x00000006   PAD
    0x08006220   0x08006220   0x00000022   Code   RO          818    .text.HAL_DACEx_DualSetValue  stm32h7xx_hal_dac_ex.o
    0x08006242   0x08006242   0x00000006   PAD
    0x08006248   0x08006248   0x000000f6   Code   RO          804    .text.HAL_DACEx_DualStart_DMA  stm32h7xx_hal_dac_ex.o
    0x0800633e   0x0800633e   0x00000002   PAD
    0x08006340   0x08006340   0x00000054   Code   RO          812    .text.HAL_DACEx_DualStop_DMA  stm32h7xx_hal_dac_ex.o
    0x08006394   0x08006394   0x00000004   PAD
    0x08006398   0x08006398   0x00000002   Code   RO          824    .text.HAL_DACEx_ErrorCallbackCh2  stm32h7xx_hal_dac_ex.o
    0x0800639a   0x0800639a   0x00000006   PAD
    0x080063a0   0x080063a0   0x0000016a   Code   RO          783    .text.HAL_DAC_ConfigChannel  stm32h7xx_hal_dac.o
    0x0800650a   0x0800650a   0x00000006   PAD
    0x08006510   0x08006510   0x0000005a   Code   RO           56    .text.HAL_DAC_ConvCpltCallbackCh1  dac.o
    0x0800656a   0x0800656a   0x00000006   PAD
    0x08006570   0x08006570   0x00000054   Code   RO           52    .text.HAL_DAC_ConvHalfCpltCallbackCh1  dac.o
    0x080065c4   0x080065c4   0x00000004   PAD
    0x080065c8   0x080065c8   0x00000002   Code   RO          779    .text.HAL_DAC_ErrorCallbackCh1  stm32h7xx_hal_dac.o
    0x080065ca   0x080065ca   0x00000006   PAD
    0x080065d0   0x080065d0   0x00000028   Code   RO          747    .text.HAL_DAC_Init  stm32h7xx_hal_dac.o
    0x080065f8   0x080065f8   0x000000da   Code   RO           90    .text.HAL_DAC_MspInit  dac.o
    0x080066d2   0x080066d2   0x00000006   PAD
    0x080066d8   0x080066d8   0x000005dc   Code   RO         1532    .text.HAL_DMA_Abort  stm32h7xx_hal_dma.o
    0x08006cb4   0x08006cb4   0x00000004   PAD
    0x08006cb8   0x08006cb8   0x000002d6   Code   RO         1524    .text.HAL_DMA_DeInit  stm32h7xx_hal_dma.o
    0x08006f8e   0x08006f8e   0x00000002   PAD
    0x08006f90   0x08006f90   0x000008d0   Code   RO         1538    .text.HAL_DMA_IRQHandler  stm32h7xx_hal_dma.o
    0x08007860   0x08007860   0x00000552   Code   RO         1514    .text.HAL_DMA_Init  stm32h7xx_hal_dma.o
    0x08007db2   0x08007db2   0x00000006   PAD
    0x08007db8   0x08007db8   0x0000048c   Code   RO         1530    .text.HAL_DMA_Start_IT  stm32h7xx_hal_dma.o
    0x08008244   0x08008244   0x00000004   PAD
    0x08008248   0x08008248   0x00000028   Code   RO         1878    .text.HAL_Delay     stm32h7xx_hal.o
    0x08008270   0x08008270   0x000001a4   Code   RO         1454    .text.HAL_GPIO_Init  stm32h7xx_hal_gpio.o
    0x08008414   0x08008414   0x00000004   PAD
    0x08008418   0x08008418   0x0000000a   Code   RO         1460    .text.HAL_GPIO_WritePin  stm32h7xx_hal_gpio.o
    0x08008422   0x08008422   0x00000006   PAD
    0x08008428   0x08008428   0x0000000e   Code   RO         1886    .text.HAL_GetREVID  stm32h7xx_hal.o
    0x08008436   0x08008436   0x00000002   PAD
    0x08008438   0x08008438   0x0000000c   Code   RO         1870    .text.HAL_GetTick   stm32h7xx_hal.o
    0x08008444   0x08008444   0x00000004   PAD
    0x08008448   0x08008448   0x0000001a   Code   RO         1868    .text.HAL_IncTick   stm32h7xx_hal.o
    0x08008462   0x08008462   0x00000006   PAD
    0x08008468   0x08008468   0x00000062   Code   RO         1858    .text.HAL_Init      stm32h7xx_hal.o
    0x080084ca   0x080084ca   0x00000006   PAD
    0x080084d0   0x080084d0   0x00000056   Code   RO         1860    .text.HAL_InitTick  stm32h7xx_hal.o
    0x08008526   0x08008526   0x00000002   PAD
    0x08008528   0x08008528   0x0000005a   Code   RO         1813    .text.HAL_MPU_ConfigRegion  stm32h7xx_hal_cortex.o
    0x08008582   0x08008582   0x00000006   PAD
    0x08008588   0x08008588   0x0000001a   Code   RO         1805    .text.HAL_MPU_Disable  stm32h7xx_hal_cortex.o
    0x080085a2   0x080085a2   0x00000006   PAD
    0x080085a8   0x080085a8   0x00000020   Code   RO         1807    .text.HAL_MPU_Enable  stm32h7xx_hal_cortex.o
    0x080085c8   0x080085c8   0x00000034   Code   RO          716    .text.HAL_MspInit   stm32h7xx_hal_msp.o
    0x080085fc   0x080085fc   0x00000004   PAD
    0x08008600   0x08008600   0x00000004   Code   RO         1789    .text.HAL_NVIC_EnableIRQ  stm32h7xx_hal_cortex.o
    0x08008604   0x08008604   0x00000004   PAD
    0x08008608   0x08008608   0x00000020   Code   RO         1781    .text.HAL_NVIC_SetPriority  stm32h7xx_hal_cortex.o
    0x08008628   0x08008628   0x00000004   Code   RO         1777    .text.HAL_NVIC_SetPriorityGrouping  stm32h7xx_hal_cortex.o
    0x0800862c   0x0800862c   0x00000004   PAD
    0x08008630   0x08008630   0x00000060   Code   RO         1686    .text.HAL_PWREx_ConfigSupply  stm32h7xx_hal_pwr_ex.o
    0x08008690   0x08008690   0x00000026   Code   RO         1296    .text.HAL_RCCEx_GetD3PCLK1Freq  stm32h7xx_hal_rcc_ex.o
    0x080086b6   0x080086b6   0x00000002   PAD
    0x080086b8   0x080086b8   0x0000012c   Code   RO         1290    .text.HAL_RCCEx_GetPLL1ClockFreq  stm32h7xx_hal_rcc_ex.o
    0x080087e4   0x080087e4   0x00000004   PAD
    0x080087e8   0x080087e8   0x00000128   Code   RO         1292    .text.HAL_RCCEx_GetPLL2ClockFreq  stm32h7xx_hal_rcc_ex.o
    0x08008910   0x08008910   0x00000128   Code   RO         1294    .text.HAL_RCCEx_GetPLL3ClockFreq  stm32h7xx_hal_rcc_ex.o
    0x08008a38   0x08008a38   0x000004c6   Code   RO         1288    .text.HAL_RCCEx_GetPeriphCLKFreq  stm32h7xx_hal_rcc_ex.o
    0x08008efe   0x08008efe   0x00000002   PAD
    0x08008f00   0x08008f00   0x000009b8   Code   RO         1280    .text.HAL_RCCEx_PeriphCLKConfig  stm32h7xx_hal_rcc_ex.o
    0x080098b8   0x080098b8   0x000002d6   Code   RO         1245    .text.HAL_RCC_ClockConfig  stm32h7xx_hal_rcc.o
    0x08009b8e   0x08009b8e   0x00000002   PAD
    0x08009b90   0x08009b90   0x00000048   Code   RO         1255    .text.HAL_RCC_GetHCLKFreq  stm32h7xx_hal_rcc.o
    0x08009bd8   0x08009bd8   0x00000026   Code   RO         1257    .text.HAL_RCC_GetPCLK1Freq  stm32h7xx_hal_rcc.o
    0x08009bfe   0x08009bfe   0x00000002   PAD
    0x08009c00   0x08009c00   0x00000026   Code   RO         1259    .text.HAL_RCC_GetPCLK2Freq  stm32h7xx_hal_rcc.o
    0x08009c26   0x08009c26   0x00000002   PAD
    0x08009c28   0x08009c28   0x00000110   Code   RO         1247    .text.HAL_RCC_GetSysClockFreq  stm32h7xx_hal_rcc.o
    0x08009d38   0x08009d38   0x000005a2   Code   RO         1243    .text.HAL_RCC_OscConfig  stm32h7xx_hal_rcc.o
    0x0800a2da   0x0800a2da   0x00000006   PAD
    0x0800a2e0   0x0800a2e0   0x00000176   Code   RO          847    .text.HAL_SPI_Init  stm32h7xx_hal_spi.o
    0x0800a456   0x0800a456   0x00000002   PAD
    0x0800a458   0x0800a458   0x00000096   Code   RO          215    .text.HAL_SPI_MspInit  spi.o
    0x0800a4ee   0x0800a4ee   0x00000002   PAD
    0x0800a4f0   0x0800a4f0   0x000002ce   Code   RO          863    .text.HAL_SPI_Receive  stm32h7xx_hal_spi.o
    0x0800a7be   0x0800a7be   0x00000002   PAD
    0x0800a7c0   0x0800a7c0   0x00000250   Code   RO          857    .text.HAL_SPI_Transmit  stm32h7xx_hal_spi.o
    0x0800aa10   0x0800aa10   0x00000004   Code   RO         1801    .text.HAL_SYSTICK_Config  stm32h7xx_hal_cortex.o
    0x0800aa14   0x0800aa14   0x00000004   PAD
    0x0800aa18   0x0800aa18   0x000000cc   Code   RO         2514    .text.HAL_TIMEx_MasterConfigSynchronization  stm32h7xx_hal_tim_ex.o
    0x0800aae4   0x0800aae4   0x00000004   PAD
    0x0800aae8   0x0800aae8   0x00000062   Code   RO         2193    .text.HAL_TIM_Base_Init  stm32h7xx_hal_tim.o
    0x0800ab4a   0x0800ab4a   0x00000006   PAD
    0x0800ab50   0x0800ab50   0x0000002a   Code   RO          619    .text.HAL_TIM_Base_MspInit  tim.o
    0x0800ab7a   0x0800ab7a   0x00000006   PAD
    0x0800ab80   0x0800ab80   0x000000b6   Code   RO         2203    .text.HAL_TIM_Base_Start  stm32h7xx_hal_tim.o
    0x0800ac36   0x0800ac36   0x00000002   PAD
    0x0800ac38   0x0800ac38   0x00000028   Code   RO         2205    .text.HAL_TIM_Base_Stop  stm32h7xx_hal_tim.o
    0x0800ac60   0x0800ac60   0x0000010c   Code   RO         2389    .text.HAL_TIM_ConfigClockSource  stm32h7xx_hal_tim.o
    0x0800ad6c   0x0800ad6c   0x00000004   PAD
    0x0800ad70   0x0800ad70   0x00000038   Code   RO         2723    .text.HAL_UARTEx_DisableFifoMode  stm32h7xx_hal_uart_ex.o
    0x0800ada8   0x0800ada8   0x0000004e   Code   RO         2727    .text.HAL_UARTEx_SetRxFifoThreshold  stm32h7xx_hal_uart_ex.o
    0x0800adf6   0x0800adf6   0x00000002   PAD
    0x0800adf8   0x0800adf8   0x0000004e   Code   RO         2725    .text.HAL_UARTEx_SetTxFifoThreshold  stm32h7xx_hal_uart_ex.o
    0x0800ae46   0x0800ae46   0x00000002   PAD
    0x0800ae48   0x0800ae48   0x00000066   Code   RO         2549    .text.HAL_UART_Init  stm32h7xx_hal_uart.o
    0x0800aeae   0x0800aeae   0x00000002   PAD
    0x0800aeb0   0x0800aeb0   0x00000134   Code   RO          643    .text.HAL_UART_MspInit  usart.o
    0x0800afe4   0x0800afe4   0x00000004   PAD
    0x0800afe8   0x0800afe8   0x000000c6   Code   RO         2569    .text.HAL_UART_Transmit  stm32h7xx_hal_uart.o
    0x0800b0ae   0x0800b0ae   0x00000002   PAD
    0x0800b0b0   0x0800b0b0   0x00000002   Code   RO          678    .text.HardFault_Handler  stm32h7xx_it.o
    0x0800b0b2   0x0800b0b2   0x00000006   PAD
    0x0800b0b8   0x0800b0b8   0x00000014   Code   RO         1105    .text.LL_ADC_Disable  stm32h7xx_hal_adc.o
    0x0800b0cc   0x0800b0cc   0x00000004   PAD
    0x0800b0d0   0x0800b0d0   0x00000010   Code   RO          981    .text.LL_ADC_DisableDeepPowerDown  stm32h7xx_hal_adc.o
    0x0800b0e0   0x0800b0e0   0x00000014   Code   RO         1103    .text.LL_ADC_Enable  stm32h7xx_hal_adc.o
    0x0800b0f4   0x0800b0f4   0x00000004   PAD
    0x0800b0f8   0x0800b0f8   0x00000014   Code   RO          985    .text.LL_ADC_EnableInternalRegulator  stm32h7xx_hal_adc.o
    0x0800b10c   0x0800b10c   0x00000004   PAD
    0x0800b110   0x0800b110   0x00000008   Code   RO         1067    .text.LL_ADC_GetCommonPathInternalCh  stm32h7xx_hal_adc.o
    0x0800b118   0x0800b118   0x00000008   Code   RO         1017    .text.LL_ADC_GetMultiDMATransfer  stm32h7xx_hal_adc.o
    0x0800b120   0x0800b120   0x00000008   Code   RO         1007    .text.LL_ADC_GetMultimode  stm32h7xx_hal_adc.o
    0x0800b128   0x0800b128   0x00000008   Code   RO          993    .text.LL_ADC_INJ_IsConversionOngoing  stm32h7xx_hal_adc.o
    0x0800b130   0x0800b130   0x0000000e   Code   RO         1045    .text.LL_ADC_INJ_IsTriggerSourceSWStart  stm32h7xx_hal_adc.o
    0x0800b13e   0x0800b13e   0x00000002   PAD
    0x0800b140   0x0800b140   0x00000014   Code   RO         1101    .text.LL_ADC_INJ_StopConversion  stm32h7xx_hal_adc.o
    0x0800b154   0x0800b154   0x00000004   PAD
    0x0800b158   0x0800b158   0x00000006   Code   RO         1122    .text.LL_ADC_IsCalibrationOnGoing  stm32h7xx_hal_adc_ex.o
    0x0800b15e   0x0800b15e   0x00000002   PAD
    0x0800b160   0x0800b160   0x00000008   Code   RO          979    .text.LL_ADC_IsDeepPowerDownEnabled  stm32h7xx_hal_adc.o
    0x0800b168   0x0800b168   0x00000008   Code   RO         1097    .text.LL_ADC_IsDisableOngoing  stm32h7xx_hal_adc.o
    0x0800b170   0x0800b170   0x00000008   Code   RO          989    .text.LL_ADC_IsEnabled  stm32h7xx_hal_adc.o
    0x0800b178   0x0800b178   0x00000008   Code   RO         1130    .text.LL_ADC_IsEnabled  stm32h7xx_hal_adc_ex.o
    0x0800b180   0x0800b180   0x00000008   Code   RO          983    .text.LL_ADC_IsInternalRegulatorEnabled  stm32h7xx_hal_adc.o
    0x0800b188   0x0800b188   0x00000008   Code   RO          987    .text.LL_ADC_REG_IsConversionOngoing  stm32h7xx_hal_adc.o
    0x0800b190   0x0800b190   0x00000008   Code   RO         1132    .text.LL_ADC_REG_IsConversionOngoing  stm32h7xx_hal_adc_ex.o
    0x0800b198   0x0800b198   0x0000000e   Code   RO         1019    .text.LL_ADC_REG_IsTriggerSourceSWStart  stm32h7xx_hal_adc.o
    0x0800b1a6   0x0800b1a6   0x00000002   PAD
    0x0800b1a8   0x0800b1a8   0x0000000c   Code   RO         1035    .text.LL_ADC_REG_SetDataTransferMode  stm32h7xx_hal_adc.o
    0x0800b1b4   0x0800b1b4   0x00000004   PAD
    0x0800b1b8   0x0800b1b8   0x00000024   Code   RO         1055    .text.LL_ADC_REG_SetSequencerRanks  stm32h7xx_hal_adc.o
    0x0800b1dc   0x0800b1dc   0x00000004   PAD
    0x0800b1e0   0x0800b1e0   0x00000014   Code   RO         1011    .text.LL_ADC_REG_StartConversion  stm32h7xx_hal_adc.o
    0x0800b1f4   0x0800b1f4   0x00000004   PAD
    0x0800b1f8   0x0800b1f8   0x00000014   Code   RO         1099    .text.LL_ADC_REG_StopConversion  stm32h7xx_hal_adc.o
    0x0800b20c   0x0800b20c   0x00000004   PAD
    0x0800b210   0x0800b210   0x00000020   Code   RO         1057    .text.LL_ADC_SetChannelSamplingTime  stm32h7xx_hal_adc.o
    0x0800b230   0x0800b230   0x0000002e   Code   RO         1065    .text.LL_ADC_SetChannelSingleDiff  stm32h7xx_hal_adc.o
    0x0800b25e   0x0800b25e   0x00000002   PAD
    0x0800b260   0x0800b260   0x0000000c   Code   RO          991    .text.LL_ADC_SetCommonClock  stm32h7xx_hal_adc.o
    0x0800b26c   0x0800b26c   0x00000004   PAD
    0x0800b270   0x0800b270   0x0000000c   Code   RO         1069    .text.LL_ADC_SetCommonPathInternalCh  stm32h7xx_hal_adc.o
    0x0800b27c   0x0800b27c   0x00000004   PAD
    0x0800b280   0x0800b280   0x00000014   Code   RO         1063    .text.LL_ADC_SetDataRightShift  stm32h7xx_hal_adc.o
    0x0800b294   0x0800b294   0x00000004   PAD
    0x0800b298   0x0800b298   0x00000016   Code   RO         1059    .text.LL_ADC_SetOffset  stm32h7xx_hal_adc.o
    0x0800b2ae   0x0800b2ae   0x00000002   PAD
    0x0800b2b0   0x0800b2b0   0x00000010   Code   RO         1061    .text.LL_ADC_SetOffsetSignedSaturation  stm32h7xx_hal_adc.o
    0x0800b2c0   0x0800b2c0   0x00000020   Code   RO         1120    .text.LL_ADC_StartCalibration  stm32h7xx_hal_adc_ex.o
    0x0800b2e0   0x0800b2e0   0x00000030   Code   RO          533    .text.MPU_Config    main.o
    0x0800b310   0x0800b310   0x000000f4   Code   RO          566    .text.MX_ADC1_Init  adc.o
    0x0800b404   0x0800b404   0x00000004   PAD
    0x0800b408   0x0800b408   0x000000be   Code   RO           84    .text.MX_DAC1_Init  dac.o
    0x0800b4c6   0x0800b4c6   0x00000002   PAD
    0x0800b4c8   0x0800b4c8   0x00000034   Code   RO          604    .text.MX_DMA_Init   dma.o
    0x0800b4fc   0x0800b4fc   0x00000004   PAD
    0x0800b500   0x0800b500   0x000001fe   Code   RO          553    .text.MX_GPIO_Init  gpio.o
    0x0800b6fe   0x0800b6fe   0x00000002   PAD
    0x0800b700   0x0800b700   0x00000064   Code   RO          213    .text.MX_SPI2_Init  spi.o
    0x0800b764   0x0800b764   0x00000004   PAD
    0x0800b768   0x0800b768   0x0000007a   Code   RO          617    .text.MX_TIM2_Init  tim.o
    0x0800b7e2   0x0800b7e2   0x00000006   PAD
    0x0800b7e8   0x0800b7e8   0x00000084   Code   RO          639    .text.MX_USART1_UART_Init  usart.o
    0x0800b86c   0x0800b86c   0x00000004   PAD
    0x0800b870   0x0800b870   0x00000084   Code   RO          641    .text.MX_USART3_UART_Init  usart.o
    0x0800b8f4   0x0800b8f4   0x00000004   PAD
    0x0800b8f8   0x0800b8f8   0x00000002   Code   RO          680    .text.MemManage_Handler  stm32h7xx_it.o
    0x0800b8fa   0x0800b8fa   0x00000006   PAD
    0x0800b900   0x0800b900   0x00000040   Code   RO          189    .text.ModelStorage_Crc32  modelstorage.o
    0x0800b940   0x0800b940   0x00000024   Code   RO          195    .text.ModelStorage_FilterName  modelstorage.o
    0x0800b964   0x0800b964   0x00000004   PAD
    0x0800b968   0x0800b968   0x00000004   Code   RO          177    .text.ModelStorage_Init  modelstorage.o
    0x0800b96c   0x0800b96c   0x00000004   PAD
    0x0800b970   0x0800b970   0x0000000c   Code   RO          185    .text.ModelStorage_IsNewer  modelstorage.o
    0x0800b97c   0x0800b97c   0x00000004   PAD
    0x0800b980   0x0800b980   0x000000ba   Code   RO          179    .text.ModelStorage_Load  modelstorage.o
    0x0800ba3a   0x0800ba3a   0x00000006   PAD
    0x0800ba40   0x0800ba40   0x00000174   Code   RO          193    .text.ModelStorage_Print  modelstorage.o
    0x0800bbb4   0x0800bbb4   0x00000004   PAD
    0x0800bbb8   0x0800bbb8   0x0000001e   Code   RO          181    .text.ModelStorage_ReadSlot  modelstorage.o
    0x0800bbd6   0x0800bbd6   0x00000002   PAD
    0x0800bbd8   0x0800bbd8   0x0000002a   Code   RO          183    .text.ModelStorage_RecordValid  modelstorage.o
    0x0800bc02   0x0800bc02   0x00000006   PAD
    0x0800bc08   0x0800bc08   0x00000150   Code   RO          187    .text.ModelStorage_Save  modelstorage.o
    0x0800bd58   0x0800bd58   0x000000a8   Code   RO          191    .text.ModelStorage_SaveTask5Result  modelstorage.o
    0x0800be00   0x0800be00   0x00000214   Code   RO          197    .text.ModelStorage_Test  modelstorage.o
    0x0800c014   0x0800c014   0x00000004   PAD
    0x0800c018   0x0800c018   0x00000002   Code   RO          676    .text.NMI_Handler   stm32h7xx_it.o
    0x0800c01a   0x0800c01a   0x00000006   PAD
    0x0800c020   0x0800c020   0x00000036   Code   RO         1787    .text.NVIC_EncodePriority  stm32h7xx_hal_cortex.o
    0x0800c056   0x0800c056   0x00000002   PAD
    0x0800c058   0x0800c058   0x00000002   Code   RO          690    .text.PendSV_Handler  stm32h7xx_it.o
    0x0800c05a   0x0800c05a   0x00000006   PAD
    0x0800c060   0x0800c060   0x00000120   Code   RO         1282    .text.RCCEx_PLL2_Config  stm32h7xx_hal_rcc_ex.o
    0x0800c180   0x0800c180   0x00000120   Code   RO         1284    .text.RCCEx_PLL3_Config  stm32h7xx_hal_rcc_ex.o
    0x0800c2a0   0x0800c2a0   0x00000002   Code   RO          694    .text.RCC_IRQHandler  stm32h7xx_it.o
    0x0800c2a2   0x0800c2a2   0x00000006   PAD
    0x0800c2a8   0x0800c2a8   0x000000b6   Code   RO          859    .text.SPI_CloseTransfer  stm32h7xx_hal_spi.o
    0x0800c35e   0x0800c35e   0x00000002   PAD
    0x0800c360   0x0800c360   0x00000012   Code   RO          849    .text.SPI_GetPacketSize  stm32h7xx_hal_spi.o
    0x0800c372   0x0800c372   0x00000006   PAD
    0x0800c378   0x0800c378   0x0000003e   Code   RO          861    .text.SPI_WaitOnFlagUntilTimeout  stm32h7xx_hal_spi.o
    0x0800c3b6   0x0800c3b6   0x00000002   PAD
    0x0800c3b8   0x0800c3b8   0x00000002   Code   RO          686    .text.SVC_Handler   stm32h7xx_it.o
    0x0800c3ba   0x0800c3ba   0x00000006   PAD
    0x0800c3c0   0x0800c3c0   0x00000030   Code   RO         1803    .text.SysTick_Config  stm32h7xx_hal_cortex.o
    0x0800c3f0   0x0800c3f0   0x00000004   Code   RO          692    .text.SysTick_Handler  stm32h7xx_it.o
    0x0800c3f4   0x0800c3f4   0x00000004   PAD
    0x0800c3f8   0x0800c3f8   0x00000106   Code   RO          535    .text.SystemClock_Config  main.o
    0x0800c4fe   0x0800c4fe   0x00000002   PAD
    0x0800c500   0x0800c500   0x000000cc   Code   RO          729    .text.SystemInit    system_stm32h7xx.o
    0x0800c5cc   0x0800c5cc   0x00000004   PAD
    0x0800c5d0   0x0800c5d0   0x00000046   Code   RO          623    .text.TIM2_ConfigureSampleRate  tim.o
    0x0800c616   0x0800c616   0x00000002   PAD
    0x0800c618   0x0800c618   0x00000122   Code   RO         2197    .text.TIM_Base_SetConfig  stm32h7xx_hal_tim.o
    0x0800c73a   0x0800c73a   0x00000006   PAD
    0x0800c740   0x0800c740   0x00000012   Code   RO         2387    .text.TIM_ETR_SetConfig  stm32h7xx_hal_tim.o
    0x0800c752   0x0800c752   0x00000006   PAD
    0x0800c758   0x0800c758   0x00000016   Code   RO         2393    .text.TIM_ITRx_SetConfig  stm32h7xx_hal_tim.o
    0x0800c76e   0x0800c76e   0x00000002   PAD
    0x0800c770   0x0800c770   0x00000022   Code   RO         2391    .text.TIM_TI1_ConfigInputStage  stm32h7xx_hal_tim.o
    0x0800c792   0x0800c792   0x00000006   PAD
    0x0800c798   0x0800c798   0x00000024   Code   RO         2395    .text.TIM_TI2_ConfigInputStage  stm32h7xx_hal_tim.o
    0x0800c7bc   0x0800c7bc   0x00000004   PAD
    0x0800c7c0   0x0800c7c0   0x0000001e   Code   RO          237    .text.Task2_DDS_Enter  task2_dds.o
    0x0800c7de   0x0800c7de   0x00000002   PAD
    0x0800c7e0   0x0800c7e0   0x0000000c   Code   RO          235    .text.Task2_DDS_GetFrequency  task2_dds.o
    0x0800c7ec   0x0800c7ec   0x00000004   PAD
    0x0800c7f0   0x0800c7f0   0x0000001c   Code   RO          231    .text.Task2_DDS_SetFrequency  task2_dds.o
    0x0800c80c   0x0800c80c   0x00000004   PAD
    0x0800c810   0x0800c810   0x00000032   Code   RO          233    .text.Task2_NormalizeFrequency  task2_dds.o
    0x0800c842   0x0800c842   0x00000006   PAD
    0x0800c848   0x0800c848   0x0000008c   Code   RO          275    .text.Task4_CalculateAmplitudeCommand  task4_dds.o
    0x0800c8d4   0x0800c8d4   0x00000004   PAD
    0x0800c8d8   0x0800c8d8   0x00000150   Code   RO          269    .text.Task4_DDS_Enter  task4_dds.o
    0x0800ca28   0x0800ca28   0x0000000c   Code   RO          267    .text.Task4_DDS_GetReferenceOutputMV  task4_dds.o
    0x0800ca34   0x0800ca34   0x00000004   PAD
    0x0800ca38   0x0800ca38   0x00000084   Code   RO          263    .text.Task4_DDS_SetReferenceOutputMV  task4_dds.o
    0x0800cabc   0x0800cabc   0x00000004   PAD
    0x0800cac0   0x0800cac0   0x0000006c   Code   RO          277    .text.Task4_ModelMagnitude  task4_dds.o
    0x0800cb2c   0x0800cb2c   0x00000004   PAD
    0x0800cb30   0x0800cb30   0x0000002e   Code   RO          271    .text.Task4_NormalizeFrequency  task4_dds.o
    0x0800cb5e   0x0800cb5e   0x00000002   PAD
    0x0800cb60   0x0800cb60   0x0000001c   Code   RO          265    .text.Task4_NormalizeReferenceOutputMV  task4_dds.o
    0x0800cb7c   0x0800cb7c   0x00000004   PAD
    0x0800cb80   0x0800cb80   0x00000010   Code   RO          273    .text.Task4_NormalizeTarget  task4_dds.o
    0x0800cb90   0x0800cb90   0x00000054   Code   RO          279    .text.Task4_PathCorrection  task4_dds.o
    0x0800cbe4   0x0800cbe4   0x00000004   PAD
    0x0800cbe8   0x0800cbe8   0x000004c0   Code   RO          323    .text.Task5_Capture  task5_learn.o
    0x0800d0a8   0x0800d0a8   0x00000108   Code   RO          301    .text.Task5_Classify  task5_learn.o
    0x0800d1b0   0x0800d1b0   0x0000005a   Code   RO          321    .text.Task5_ConfigureSampleRate  task5_learn.o
    0x0800d20a   0x0800d20a   0x00000006   PAD
    0x0800d210   0x0800d210   0x00000034   Code   RO          327    .text.Task5_CountsToMv  task5_learn.o
    0x0800d244   0x0800d244   0x00000004   PAD
    0x0800d248   0x0800d248   0x00000002   Code   RO          329    .text.Task5_FilterGain  task5_learn.o
    0x0800d24a   0x0800d24a   0x00000006   PAD
    0x0800d250   0x0800d250   0x00000024   Code   RO          303    .text.Task5_FilterName  task5_learn.o
    0x0800d274   0x0800d274   0x00000004   PAD
    0x0800d278   0x0800d278   0x000003d8   Code   RO          309    .text.Task5_FitLowHigh  task5_learn.o
    0x0800d650   0x0800d650   0x00000038   Code   RO          325    .text.Task5_FloatCountsToMv  task5_learn.o
    0x0800d688   0x0800d688   0x000003ec   Code   RO          295    .text.Task5_Learn_Run  task5_learn.o
    0x0800da74   0x0800da74   0x00000004   PAD
    0x0800da78   0x0800da78   0x00000014   Code   RO          315    .text.Task5_Learn_SetVerbose  task5_learn.o
    0x0800da8c   0x0800da8c   0x00000004   PAD
    0x0800da90   0x0800da90   0x0000000c   Code   RO          311    .text.Task5_Learn_WasSuccessful  task5_learn.o
    0x0800da9c   0x0800da9c   0x00000004   PAD
    0x0800daa0   0x0800daa0   0x00000054   Code   RO          299    .text.Task5_MeasureFilterGainAveraged  task5_learn.o
    0x0800daf4   0x0800daf4   0x00000004   PAD
    0x0800daf8   0x0800daf8   0x000002fc   Code   RO          317    .text.Task5_MeasureGain  task5_learn.o
    0x0800ddf4   0x0800ddf4   0x00000004   PAD
    0x0800ddf8   0x0800ddf8   0x000000b0   Code   RO          297    .text.Task5_PrintMeasurementSetup  task5_learn.o
    0x0800dea8   0x0800dea8   0x00000258   Code   RO          305    .text.Task5_RefineBandPass  task5_learn.o
    0x0800e100   0x0800e100   0x00000278   Code   RO          307    .text.Task5_RefineBandStop  task5_learn.o
    0x0800e378   0x0800e378   0x0000001a   Code   RO          319    .text.Task5_SettlingTimeMs  task5_learn.o
    0x0800e392   0x0800e392   0x00000006   PAD
    0x0800e398   0x0800e398   0x00000058   Code   RO         2721    .text.UARTEx_SetNbDataToProcess  stm32h7xx_hal_uart_ex.o
    0x0800e3f0   0x0800e3f0   0x000000e8   Code   RO         2553    .text.UART_AdvFeatureConfig  stm32h7xx_hal_uart.o
    0x0800e4d8   0x0800e4d8   0x000000c2   Code   RO         2557    .text.UART_CheckIdleState  stm32h7xx_hal_uart.o
    0x0800e59a   0x0800e59a   0x00000006   PAD
    0x0800e5a0   0x0800e5a0   0x0000005a   Code   RO         2609    .text.UART_EndRxTransfer  stm32h7xx_hal_uart.o
    0x0800e5fa   0x0800e5fa   0x00000006   PAD
    0x0800e600   0x0800e600   0x0000058a   Code   RO         2555    .text.UART_SetConfig  stm32h7xx_hal_uart.o
    0x0800eb8a   0x0800eb8a   0x00000006   PAD
    0x0800eb90   0x0800eb90   0x000000b6   Code   RO         2571    .text.UART_WaitOnFlagUntilTimeout  stm32h7xx_hal_uart.o
    0x0800ec46   0x0800ec46   0x00000002   PAD
    0x0800ec48   0x0800ec48   0x00000018   Code   RO          655    .text.USART1_CommandErrorCount  usart.o
    0x0800ec60   0x0800ec60   0x00000050   Code   RO          653    .text.USART1_CommandFlush  usart.o
    0x0800ecb0   0x0800ecb0   0x0000003a   Code   RO          651    .text.USART1_CommandRead  usart.o
    0x0800ecea   0x0800ecea   0x00000006   PAD
    0x0800ecf0   0x0800ecf0   0x0000004a   Code   RO          647    .text.USART1_CommandRxInit  usart.o
    0x0800ed3a   0x0800ed3a   0x00000006   PAD
    0x0800ed40   0x0800ed40   0x00000076   Code   RO          649    .text.USART1_CommandRxIrqHandler  usart.o
    0x0800edb6   0x0800edb6   0x00000002   PAD
    0x0800edb8   0x0800edb8   0x00000004   Code   RO          702    .text.USART1_IRQHandler  stm32h7xx_it.o
    0x0800edbc   0x0800edbc   0x00000004   PAD
    0x0800edc0   0x0800edc0   0x00000004   Code   RO          704    .text.USART3_IRQHandler  stm32h7xx_it.o
    0x0800edc4   0x0800edc4   0x00000004   PAD
    0x0800edc8   0x0800edc8   0x00000002   Code   RO          684    .text.UsageFault_Handler  stm32h7xx_it.o
    0x0800edca   0x0800edca   0x00000006   PAD
    0x0800edd0   0x0800edd0   0x00000010   Code   RO          451    .text.__ARM_isfinite  externalreplay.o
    0x0800ede0   0x0800ede0   0x0000000e   Code   RO          331    .text.__ARM_isfinitef  task5_learn.o
    0x0800edee   0x0800edee   0x00000002   PAD
    0x0800edf0   0x0800edf0   0x0000000e   Code   RO          449    .text.__ARM_isfinitef  externalreplay.o
    0x0800edfe   0x0800edfe   0x00000002   PAD
    0x0800ee00   0x0800ee00   0x00000020   Code   RO         1791    .text.__NVIC_EnableIRQ  stm32h7xx_hal_cortex.o
    0x0800ee20   0x0800ee20   0x00000010   Code   RO         1783    .text.__NVIC_GetPriorityGrouping  stm32h7xx_hal_cortex.o
    0x0800ee30   0x0800ee30   0x00000022   Code   RO         1785    .text.__NVIC_SetPriority  stm32h7xx_hal_cortex.o
    0x0800ee52   0x0800ee52   0x00000006   PAD
    0x0800ee58   0x0800ee58   0x00000020   Code   RO         1779    .text.__NVIC_SetPriorityGrouping  stm32h7xx_hal_cortex.o
    0x0800ee78   0x0800ee78   0x0000001c   Code   RO           13    .text.delay_us      drive_ad9959.o
    0x0800ee94   0x0800ee94   0x00000004   PAD
    0x0800ee98   0x0800ee98   0x0000001a   Code   RO          637    .text.fputc         usart.o
    0x0800eeb2   0x0800eeb2   0x00000006   PAD
    0x0800eeb8   0x0800eeb8   0x000000d6   Code   RO          531    .text.main          main.o
    0x0800ef8e   0x0800ef8e   0x00000002   PAD
    0x0800ef90   0x0800ef90   0x00000020   Code   RO         3159    i.__0printf         mc_w.l(printfa.o)
    0x0800efb0   0x0800efb0   0x00000030   Code   RO         3160    i.__0snprintf       mc_w.l(printfa.o)
    0x0800efe0   0x0800efe0   0x00000030   Code   RO         3281    i.__ARM_fpclassify  m_wv.l(fpclassify.o)
    0x0800f010   0x0800f010   0x00000026   Code   RO         3205    i.__ARM_fpclassifyf  m_wv.l(fpclassifyf.o)
    0x0800f036   0x0800f036   0x00000002   PAD
    0x0800f038   0x0800f038   0x00000294   Code   RO         2819    i.__hardfp_atan2f   m_wv.l(atan2f.o)
    0x0800f2cc   0x0800f2cc   0x000001ec   Code   RO         2831    i.__hardfp_expf     m_wv.l(expf.o)
    0x0800f4b8   0x0800f4b8   0x00000014   Code   RO         2845    i.__hardfp_fabs     m_wv.l(fabs.o)
    0x0800f4cc   0x0800f4cc   0x0000016c   Code   RO         2851    i.__hardfp_logf     m_wv.l(logf.o)
    0x0800f638   0x0800f638   0x00000190   Code   RO         2865    i.__hardfp_sinf     m_wv.l(sinf.o)
    0x0800f7c8   0x0800f7c8   0x0000003a   Code   RO         2877    i.__hardfp_sqrtf    m_wv.l(sqrtf.o)
    0x0800f802   0x0800f802   0x00000006   PAD
    0x0800f808   0x0800f808   0x00000080   Code   RO         2889    i.__hardfp_tan      m_wv.l(tan.o)
    0x0800f888   0x0800f888   0x00000308   Code   RO         3221    i.__ieee754_rem_pio2  m_wv.l(rred.o)
    0x0800fb90   0x0800fb90   0x00000070   Code   RO         3283    i.__kernel_poly     m_wv.l(poly.o)
    0x0800fc00   0x0800fc00   0x000001e8   Code   RO         3229    i.__kernel_tan      m_wv.l(tan_i.o)
    0x0800fde8   0x0800fde8   0x00000018   Code   RO         3194    i.__mathlib_dbl_invalid  m_wv.l(dunder.o)
    0x0800fe00   0x0800fe00   0x00000018   Code   RO         3197    i.__mathlib_dbl_underflow  m_wv.l(dunder.o)
    0x0800fe18   0x0800fe18   0x00000014   Code   RO         3207    i.__mathlib_flt_divzero  m_wv.l(funder.o)
    0x0800fe2c   0x0800fe2c   0x00000006   Code   RO         3208    i.__mathlib_flt_infnan  m_wv.l(funder.o)
    0x0800fe32   0x0800fe32   0x00000006   Code   RO         3209    i.__mathlib_flt_infnan2  m_wv.l(funder.o)
    0x0800fe38   0x0800fe38   0x00000010   Code   RO         3210    i.__mathlib_flt_invalid  m_wv.l(funder.o)
    0x0800fe48   0x0800fe48   0x00000010   Code   RO         3211    i.__mathlib_flt_overflow  m_wv.l(funder.o)
    0x0800fe58   0x0800fe58   0x00000010   Code   RO         3213    i.__mathlib_flt_underflow  m_wv.l(funder.o)
    0x0800fe68   0x0800fe68   0x00000154   Code   RO         3226    i.__mathlib_rredf2  m_wv.l(rredf.o)
    0x0800ffbc   0x0800ffbc   0x0000000e   Code   RO         3300    i.__scatterload_copy  mc_w.l(handlers.o)
    0x0800ffca   0x0800ffca   0x00000002   Code   RO         3301    i.__scatterload_null  mc_w.l(handlers.o)
    0x0800ffcc   0x0800ffcc   0x0000000e   Code   RO         3302    i.__scatterload_zeroinit  mc_w.l(handlers.o)
    0x0800ffda   0x0800ffda   0x00000002   PAD
    0x0800ffdc   0x0800ffdc   0x0000000c   Code   RO         3257    i.__set_errno       mc_w.l(errno.o)
    0x0800ffe8   0x0800ffe8   0x00000184   Code   RO         3166    i._fp_digits        mc_w.l(printfa.o)
    0x0801016c   0x0801016c   0x000006dc   Code   RO         3167    i._printf_core      mc_w.l(printfa.o)
    0x08010848   0x08010848   0x00000024   Code   RO         3168    i._printf_post_padding  mc_w.l(printfa.o)
    0x0801086c   0x0801086c   0x0000002e   Code   RO         3169    i._printf_pre_padding  mc_w.l(printfa.o)
    0x0801089a   0x0801089a   0x00000016   Code   RO         3170    i._snputc           mc_w.l(printfa.o)
    0x080108b0   0x080108b0   0x00000018   Code   RO         2847    i.fabs              m_wv.l(fabs.o)
    0x080108c8   0x080108c8   0x0000000c   Code   RO         2906    i.putchar           mc_w.l(putchar.o)
    0x080108d4   0x080108d4   0x00000024   Code   RO         2904    i.puts              mc_w.l(puts.o)
    0x080108f8   0x080108f8   0x00000030   Data   RO         2834    .constdata          m_wv.l(expf.o)
    0x08010928   0x08010928   0x00000040   Data   RO         2854    .constdata          m_wv.l(logf.o)
    0x08010968   0x08010968   0x000000c8   Data   RO         3223    .constdata          m_wv.l(rred.o)
    0x08010a30   0x08010a30   0x00000020   Data   RO         3227    .constdata          m_wv.l(rredf.o)
    0x08010a50   0x08010a50   0x00000060   Data   RO         3230    .constdata          m_wv.l(tan_i.o)
    0x08010ab0   0x08010ab0   0x00000040   Data   RO         3296    .constdata          mc_w.l(ctype_c.o)
    0x08010af0   0x08010af0   0x00000010   Data   RO          517    .rodata..Lswitch.table.H7Link_FilterName  h7link.o
    0x08010b00   0x08010b00   0x00000010   Data   RO          201    .rodata..Lswitch.table.ModelStorage_FilterName  modelstorage.o
    0x08010b10   0x08010b10   0x00000010   Data   RO          339    .rodata..Lswitch.table.Task5_FilterName  task5_learn.o
    0x08010b20   0x08010b20   0x00000010   Data   RO          735    .rodata.D1CorePrescTable  system_stm32h7xx.o
    0x08010b30   0x08010b30   0x00000020   Data   RO          164    .rodata.DataFlash_Test.test_data  dataflash.o
    0x08010b50   0x08010b50   0x00000018   Data   RO         2689    .rodata.UARTPrescTable  stm32h7xx_hal_uart.o
    0x08010b68   0x08010b68   0x00000010   Data   RO         2737    .rodata.cst8        stm32h7xx_hal_uart_ex.o
    0x08010b78   0x08010b78   0x00000144   Data   RO          336    .rodata.s_coarse_frequency_hz  task5_learn.o
    0x08010cbc   0x08010cbc   0x000000f5   Data   RO          101    .rodata.str1.1      dac.o
    0x08010db1   0x08010db1   0x00000100   Data   RO          163    .rodata.str1.1      dataflash.o
    0x08010eb1   0x08010eb1   0x000000f3   Data   RO          199    .rodata.str1.1      modelstorage.o
    0x08010fa4   0x08010fa4   0x0000007d   Data   RO          282    .rodata.str1.1      task4_dds.o
    0x08011021   0x08011021   0x000004f7   Data   RO          335    .rodata.str1.1      task5_learn.o
    0x08011518   0x08011518   0x00000075   Data   RO          412    .rodata.str1.1      dds_control.o
    0x0801158d   0x0801158d   0x000000fd   Data   RO          455    .rodata.str1.1      externalreplay.o
    0x0801168a   0x0801168a   0x000000d0   Data   RO          516    .rodata.str1.1      h7link.o
    0x0801175a   0x0801175a   0x00000006   PAD
    0x08011760   0x08011760   0x00000164   Data   RO          165    .rodata.str1.16     dataflash.o
    0x080118c4   0x080118c4   0x0000000c   PAD
    0x080118d0   0x080118d0   0x0000016d   Data   RO          200    .rodata.str1.16     modelstorage.o
    0x08011a3d   0x08011a3d   0x00000003   PAD
    0x08011a40   0x08011a40   0x00000042   Data   RO          283    .rodata.str1.16     task4_dds.o
    0x08011a82   0x08011a82   0x0000000e   PAD
    0x08011a90   0x08011a90   0x0000049a   Data   RO          338    .rodata.str1.16     task5_learn.o
    0x08011f2a   0x08011f2a   0x00000006   PAD
    0x08011f30   0x08011f30   0x000009b2   Data   RO          417    .rodata.str1.16     dds_control.o
    0x080128e2   0x080128e2   0x0000000e   PAD
    0x080128f0   0x080128f0   0x000000bd   Data   RO          480    .rodata.str1.16     externalreplay.o
    0x080129ad   0x080129ad   0x00000003   PAD
    0x080129b0   0x080129b0   0x00000020   Data   RO         3298    Region$$Table       anon$$obj.o


    Execution Region RW_IRAM1 (Exec base: 0x20000000, Load base: 0x080129d0, Size: 0x00000000, Max: 0x00020000, ABSOLUTE)

    **** No section assigned to this execution region ****


    Execution Region RW_IRAM2 (Exec base: 0x24000000, Load base: 0x080129d0, Size: 0x00002088, Max: 0x00080000, ABSOLUTE)

    Exec Addr    Load Addr    Size         Type   Attr      Idx    E Section Name        Object

    0x24000000   0x080129d0   0x00000004   Data   RW         3258    .data               mc_w.l(errno.o)
    0x24000004   0x080129d4   0x00000004   Data   RW          733    .data.SystemCoreClock  system_stm32h7xx.o
    0x24000008   0x080129d8   0x00000004   Data   RW          734    .data.SystemD2Clock  system_stm32h7xx.o
    0x2400000c   0x080129dc   0x00000003   Data   RW           37    .data.g_ACR_DATA    drive_ad9959.o
    0x2400000f   0x080129df   0x00000001   Data   RW           35    .data.g_CSR_DATA    drive_ad9959.o
    0x24000010   0x080129e0   0x00000004   Data   RW          239    .data.s_frequency_hz  task2_dds.o
    0x24000014   0x080129e4   0x00000004   Data   RW          281    .data.s_reference_output_mv  task4_dds.o
    0x24000018   0x080129e8   0x00000001   Data   RW         1955    .data.uwTickFreq    stm32h7xx_hal.o
    0x24000019   0x080129e9   0x00000003   PAD
    0x2400001c   0x080129ec   0x00000004   Data   RW         1954    .data.uwTickPrio    stm32h7xx_hal.o
    0x24000020        -       0x00000054   Zero   RW          664    .bss.__stdout       usart.o
    0x24000074        -       0x00000001   Zero   RW          586    .bss.adc_done       adc.o
    0x24000075        -       0x00000001   Zero   RW          587    .bss.adc_error      adc.o
    0x24000076        -       0x00000004   Zero   RW           36    .bss.g_CFTW_DATA    drive_ad9959.o
    0x2400007a   0x080129f0   0x00000002   PAD
    0x2400007c        -       0x00000064   Zero   RW          588    .bss.hadc1          adc.o
    0x240000e0        -       0x00000078   Zero   RW          589    .bss.hdma_adc1      adc.o
    0x24000158        -       0x00000078   Zero   RW          110    .bss.hdma_dac1      dac.o
    0x240001d0        -       0x00000088   Zero   RW          219    .bss.hspi2          spi.o
    0x24000258        -       0x0000004c   Zero   RW          625    .bss.htim2          tim.o
    0x240002a4        -       0x00000094   Zero   RW          657    .bss.huart1         usart.o
    0x24000338        -       0x00000094   Zero   RW          658    .bss.huart3         usart.o
    0x240003cc        -       0x00000001   Zero   RW          411    .bss.s_active_mode  dds_control.o
    0x240003cd   0x080129f0   0x00000003   PAD
    0x240003d0        -       0x00000004   Zero   RW          456    .bss.s_actual_sample_rate_hz  externalreplay.o
    0x240003d4        -       0x0000000c   Zero   RW          473    .bss.s_biquad       externalreplay.o
    0x240003e0        -       0x00000014   Zero   RW          457    .bss.s_biquad_coefficients  externalreplay.o
    0x240003f4   0x080129f0   0x00000004   PAD
    0x240003f8        -       0x00000008   Zero   RW          472    .bss.s_biquad_state  externalreplay.o
    0x24000400        -       0x00000004   Zero   RW          474    .bss.s_block_count  externalreplay.o
    0x24000404        -       0x00000004   Zero   RW          466    .bss.s_clip_count   externalreplay.o
    0x24000408        -       0x00000020   Zero   RW          413    .bss.s_command_buffer  dds_control.o
    0x24000428        -       0x00000001   Zero   RW          414    .bss.s_command_length  dds_control.o
    0x24000429        -       0x00000080   Zero   RW          663    .bss.s_command_rx_buffer  usart.o
    0x240004a9   0x080129f0   0x00000003   PAD
    0x240004ac        -       0x00000004   Zero   RW          662    .bss.s_command_rx_drop_count  usart.o
    0x240004b0        -       0x00000004   Zero   RW          661    .bss.s_command_rx_error_count  usart.o
    0x240004b4        -       0x00000002   Zero   RW          659    .bss.s_command_rx_head  usart.o
    0x240004b6        -       0x00000002   Zero   RW          660    .bss.s_command_rx_tail  usart.o
    0x240004b8        -       0x00000200   Zero   RW          479    .bss.s_dac_block    externalreplay.o
    0x240006b8        -       0x00000004   Zero   RW          467    .bss.s_diag_sample_count  externalreplay.o
    0x240006bc        -       0x00000001   Zero   RW          462    .bss.s_diagnostic_printed  externalreplay.o
    0x240006bd        -       0x00000001   Zero   RW          461    .bss.s_diagnostic_ready  externalreplay.o
    0x240006be        -       0x00000001   Zero   RW          513    .bss.s_f4_online    h7link.o
    0x240006bf        -       0x00000001   Zero   RW          460    .bss.s_fault_reported  externalreplay.o
    0x240006c0        -       0x00000014   Zero   RW          103    .bss.s_hdac1        dac.o
    0x240006d4        -       0x0000004c   Zero   RW          102    .bss.s_htim6        dac.o
    0x24000720        -       0x00000001   Zero   RW          161    .bss.s_initialized  dataflash.o
    0x24000721   0x080129f0   0x00000003   PAD
    0x24000724        -       0x00000004   Zero   RW          465    .bss.s_input_bias   externalreplay.o
    0x24000728        -       0x00000400   Zero   RW          477    .bss.s_input_block  externalreplay.o
    0x24000b28        -       0x00000001   Zero   RW          475    .bss.s_input_cross_state  externalreplay.o
    0x24000b29   0x080129f0   0x00000001   PAD
    0x24000b2a        -       0x00000002   Zero   RW          463    .bss.s_input_max    externalreplay.o
    0x24000b2c        -       0x00000002   Zero   RW          464    .bss.s_input_min    externalreplay.o
    0x24000b2e   0x080129f0   0x00000002   PAD
    0x24000b30        -       0x00000004   Zero   RW          108    .bss.s_input_peak_counts  dac.o
    0x24000b34        -       0x00000004   Zero   RW          104    .bss.s_input_phase_acc  dac.o
    0x24000b38        -       0x00000004   Zero   RW          468    .bss.s_input_rising_crossings  externalreplay.o
    0x24000b3c        -       0x00000004   Zero   RW          162    .bss.s_jedec_id     dataflash.o
    0x24000b40        -       0x00000001   Zero   RW          333    .bss.s_last_learning_success  task5_learn.o
    0x24000b41        -       0x00000001   Zero   RW          106    .bss.s_learning_verbose  dac.o
    0x24000b42        -       0x00000020   Zero   RW          515    .bss.s_line         h7link.o
    0x24000b62        -       0x00000002   Zero   RW          512    .bss.s_line_length  h7link.o
    0x24000b64        -       0x00000001   Zero   RW          459    .bss.s_mode         externalreplay.o
    0x24000b65   0x080129f0   0x00000003   PAD
    0x24000b68        -       0x00000400   Zero   RW          478    .bss.s_output_block  externalreplay.o
    0x24000f68        -       0x00000001   Zero   RW          476    .bss.s_output_cross_state  externalreplay.o
    0x24000f69   0x080129f0   0x00000003   PAD
    0x24000f6c        -       0x00000004   Zero   RW          470    .bss.s_output_max   externalreplay.o
    0x24000f70        -       0x00000004   Zero   RW          471    .bss.s_output_min   externalreplay.o
    0x24000f74        -       0x00000004   Zero   RW          109    .bss.s_output_peak_counts  dac.o
    0x24000f78        -       0x00000004   Zero   RW          105    .bss.s_output_phase_acc  dac.o
    0x24000f7c        -       0x00000004   Zero   RW          469    .bss.s_output_rising_crossings  externalreplay.o
    0x24000f80        -       0x00000004   Zero   RW          107    .bss.s_phase_step   dac.o
    0x24000f84        -       0x00000004   Zero   RW          591    .bss.s_realtime_callback  adc.o
    0x24000f88        -       0x00000001   Zero   RW          590    .bss.s_realtime_running  adc.o
    0x24000f89   0x080129f0   0x00000003   PAD
    0x24000f8c        -       0x00000040   Zero   RW          416    .bss.s_replay_record  dds_control.o
    0x24000fcc        -       0x00000001   Zero   RW          415    .bss.s_replay_record_valid  dds_control.o
    0x24000fcd   0x080129f0   0x00000003   PAD
    0x24000fd0        -       0x00000028   Zero   RW          334    .bss.s_result       task5_learn.o
    0x24000ff8        -       0x00000001   Zero   RW           98    .bss.s_running      dac.o
    0x24000ff9        -       0x00000001   Zero   RW          458    .bss.s_running      externalreplay.o
    0x24000ffa        -       0x00000080   Zero   RW          514    .bss.s_rx_buffer    h7link.o
    0x2400107a        -       0x00000002   Zero   RW          510    .bss.s_rx_head      h7link.o
    0x2400107c        -       0x00000002   Zero   RW          511    .bss.s_rx_tail      h7link.o
    0x2400107e        -       0x00000800   Zero   RW          111    .bss.s_sine_lut     dac.o
    0x2400187e        -       0x00000001   Zero   RW           99    .bss.s_streaming    dac.o
    0x2400187f        -       0x00000001   Zero   RW          337    .bss.s_verbose      task5_learn.o
    0x24001880        -       0x00000004   Zero   RW         1956    .bss.uwTick         stm32h7xx_hal.o
    0x24001884   0x080129f0   0x00000004   PAD
    0x24001888        -       0x00000800   Zero   RW            1    STACK               startup_stm32h743xx.o



  Load Region LR$$.ARM.__at_0x30000000 (Base: 0x30000000, Size: 0x00004000, Max: 0x00004000, ABSOLUTE)

    Execution Region ER$$.ARM.__at_0x30000000 (Exec base: 0x30000000, Load base: 0x30000000, Size: 0x00004000, Max: 0x00004000, ABSOLUTE, UNINIT)

    Exec Addr    Load Addr    Size         Type   Attr      Idx    E Section Name        Object

    0x30000000   0x30000000   0x00004000   Data   RW          592    .ARM.__at_0x30000000  adc.o



  Load Region LR$$.ARM.__at_0x30008000 (Base: 0x30008000, Size: 0x00000800, Max: 0x00000800, ABSOLUTE)

    Execution Region ER$$.ARM.__at_0x30008000 (Exec base: 0x30008000, Load base: 0x30008000, Size: 0x00000800, Max: 0x00000800, ABSOLUTE, UNINIT)

    Exec Addr    Load Addr    Size         Type   Attr      Idx    E Section Name        Object

    0x30008000   0x30008000   0x00000800   Data   RW          100    .ARM.__at_0x30008000  dac.o


==============================================================================

Image component sizes


      Code (inc. data)   RO Data    RW Data    ZI Data      Debug   Object Name

      1324         60          0      16384        227      16957   adc.o
      2450        236        245       2048       2287      20497   dac.o
      1760        284        644          0          5       9102   dataflash.o
      4578       1296       2599          0         99      12201   dds_control.o
        52          0          0          0          0       5414   dma.o
      1376        212          0          4          4       4458   drive_ad9959.o
      2844        560        442          0       2647       8491   externalreplay.o
       510          0          0          0          0       3588   gpio.o
      1472        416        224          0        167       4224   h7link.o
       534          0          0          0          0       7481   main.o
      1782        468        624          0          0       5565   modelstorage.o
       250          0          0          0        136       8866   spi.o
        36          8        664          0       2048        852   startup_stm32h743xx.o
       276          0          0          5          4      15850   stm32h7xx_hal.o
      3908         12          0          0          0      23961   stm32h7xx_hal_adc.o
       472          0          0          0          0      23829   stm32h7xx_hal_adc_ex.o
       408          0          0          0          0      12959   stm32h7xx_hal_cortex.o
       450          0          0          0          0       9169   stm32h7xx_hal_dac.o
       416          0          0          0          0       9106   stm32h7xx_hal_dac_ex.o
      8508         12          0          0          0      15613   stm32h7xx_hal_dma.o
       430          0          0          0          0       7152   stm32h7xx_hal_gpio.o
        52          0          0          0          0       5442   stm32h7xx_hal_msp.o
        96          0          0          0          0      11588   stm32h7xx_hal_pwr_ex.o
      2588         16          0          0          0      11545   stm32h7xx_hal_rcc.o
      5216        212          0          0          0      17143   stm32h7xx_hal_rcc_ex.o
      1946          0          0          0          0      20962   stm32h7xx_hal_spi.o
       988          0          0          0          0      45243   stm32h7xx_hal_tim.o
       204          0          0          0          0      20921   stm32h7xx_hal_tim_ex.o
      2416        382         24          0          0      33128   stm32h7xx_hal_uart.o
       300          0         16          0          0      10628   stm32h7xx_hal_uart_ex.o
        66          0          0          0          0       1910   stm32h7xx_it.o
       204          0         16          8          0       5996   system_stm32h7xx.o
       120          0          0          4          0       1337   task2_dds.o
       902        224        191          4          0       3712   task4_dds.o
      6032        916       2789          0         42      17787   task5_learn.o
       234          0          0          0         76       7555   tim.o
       952          0          0          0        520      14594   usart.o

    ----------------------------------------------------------------------
     57100       5446       8568      18460       8296     454826   Object Totals
         0          0         32          0          0          0   (incl. Generated)
       948        132         58          3         34          0   (incl. Padding)

    ----------------------------------------------------------------------

      Code (inc. data)   RO Data    RW Data    ZI Data      Debug   Library Member Name

       616          0          0          0          0       3970   arm_biquad_cascade_df2t_f32.o
        22          0          0          0          0      19047   arm_biquad_cascade_df2t_init_f32.o
       660         88          0          0          0        208   atan2f.o
        48         28          0          0          0        232   dunder.o
       492         62         48          0          0        236   expf.o
        44          0          0          0          0        248   fabs.o
        48          0          0          0          0        124   fpclassify.o
        38          0          0          0          0        116   fpclassifyf.o
        80         24          0          0          0        696   funder.o
       364         44         64          0          0        140   logf.o
       112          0          0          0          0        116   poly.o
       776        130        200          0          0        172   rred.o
       340         24         32          0          0        160   rredf.o
       400         56          0          0          0        212   sinf.o
        58          0          0          0          0        136   sqrtf.o
       128         20          0          0          0        144   tan.o
       488         54         96          0          0        196   tan_i.o
        56          8          0          0          0         84   __0sscanf.o
        28          0          0          0          0         68   _chval.o
       812          4          0          0          0        112   _scanf.o
       332          0          0          0          0         96   _scanf_int.o
        64          0          0          0          0         84   _sgetc.o
        40          6         64          0          0         68   ctype_c.o
         0          0          0          0          0          0   entry.o
         0          0          0          0          0          0   entry10a.o
         0          0          0          0          0          0   entry11a.o
         8          4          0          0          0          0   entry2.o
         4          0          0          0          0          0   entry5.o
         0          0          0          0          0          0   entry7b.o
         0          0          0          0          0          0   entry8b.o
         8          4          0          0          0          0   entry9a.o
        12          6          0          4          0         68   errno.o
        30          0          0          0          0          0   handlers.o
        36          8          0          0          0         68   init.o
        10          0          0          0          0         68   isspace_c.o
         0          0          0          0          0          0   iusefp.o
        30          0          0          0          0         68   llshl.o
        36          0          0          0          0         68   llsshr.o
        32          0          0          0          0         68   llushr.o
        26          0          0          0          0         80   memcmp.o
        36          0          0          0          0         68   memcpya.o
        36          0          0          0          0        108   memseta.o
      2328         94          0          0          0        604   printfa.o
        12          6          0          0          0         68   putchar.o
        36          6          0          0          0         80   puts.o
        40          8          0          0          0         84   scanf_char.o
        28          0          0          0          0         76   strcmp.o
        14          0          0          0          0         68   strlen.o
        30          0          0          0          0         80   strncmp.o
        44          0          0          0          0         80   uidiv.o
        98          0          0          0          0         92   uldiv.o
        48          0          0          0          0         68   cdrcmple.o
       334          0          0          0          0        148   dadd.o
       222          0          0          0          0        100   ddiv.o
       186          0          0          0          0        176   depilogue.o
        48          0          0          0          0         68   dfixul.o
       228          0          0          0          0         96   dmul.o

    ----------------------------------------------------------------------
     10068        688        504          4          0      29217   Library Totals
        22          4          0          0          0          0   (incl. Padding)

    ----------------------------------------------------------------------

      Code (inc. data)   RO Data    RW Data    ZI Data      Debug   Library Name

       638          0          0          0          0      23017   arm_cortexM7lfdp_math.lib
      4076        530        440          0          0       3136   m_wv.l
      4266        154         64          4          0       2408   mc_w.l
      1066          0          0          0          0        656   mf_w.l

    ----------------------------------------------------------------------
     10068        688        504          4          0      29217   Library Totals

    ----------------------------------------------------------------------

==============================================================================


      Code (inc. data)   RO Data    RW Data    ZI Data      Debug   

     67168       6134       9072      18464       8296     479723   Grand Totals
     67168       6134       9072      18464       8296     479723   ELF Image Totals
     67168       6134       9072      18464          0          0   ROM Totals

==============================================================================

    Total RO  Size (Code + RO Data)                76240 (  74.45kB)
    Total RW  Size (RW Data + ZI Data)             26760 (  26.13kB)
    Total ROM Size (Code + RO Data + RW Data)      94704 (  92.48kB)

==============================================================================

