Component: ARM Compiler 6.10.1 Tool: armlink [5d142800]

==============================================================================

Section Cross References

    startup_stm32f429xx.o(RESET) refers to startup_stm32f429xx.o(STACK) for __initial_sp
    startup_stm32f429xx.o(RESET) refers to startup_stm32f429xx.o(.text) for Reset_Handler
    startup_stm32f429xx.o(RESET) refers to stm32f4xx_it.o(.text.NMI_Handler) for NMI_Handler
    startup_stm32f429xx.o(RESET) refers to stm32f4xx_it.o(.text.HardFault_Handler) for HardFault_Handler
    startup_stm32f429xx.o(RESET) refers to stm32f4xx_it.o(.text.MemManage_Handler) for MemManage_Handler
    startup_stm32f429xx.o(RESET) refers to stm32f4xx_it.o(.text.BusFault_Handler) for BusFault_Handler
    startup_stm32f429xx.o(RESET) refers to stm32f4xx_it.o(.text.UsageFault_Handler) for UsageFault_Handler
    startup_stm32f429xx.o(RESET) refers to stm32f4xx_it.o(.text.SVC_Handler) for SVC_Handler
    startup_stm32f429xx.o(RESET) refers to stm32f4xx_it.o(.text.DebugMon_Handler) for DebugMon_Handler
    startup_stm32f429xx.o(RESET) refers to stm32f4xx_it.o(.text.PendSV_Handler) for PendSV_Handler
    startup_stm32f429xx.o(RESET) refers to stm32f4xx_it.o(.text.SysTick_Handler) for SysTick_Handler
    startup_stm32f429xx.o(RESET) refers to stm32f4xx_it.o(.text.USART1_IRQHandler) for USART1_IRQHandler
    startup_stm32f429xx.o(RESET) refers to stm32f4xx_it.o(.text.USART2_IRQHandler) for USART2_IRQHandler
    startup_stm32f429xx.o(.text) refers to system_stm32f4xx.o(.text.SystemInit) for SystemInit
    startup_stm32f429xx.o(.text) refers to entry.o(.ARM.Collect$$$$00000000) for __main
    hmi_driver.o(.ARM.exidx.text.DelayMS) refers to hmi_driver.o(.text.DelayMS) for [Anonymous Symbol]
    hmi_driver.o(.text.SendStrings) refers to hmi_user_uart.o(.text.SendChar) for SendChar
    hmi_driver.o(.ARM.exidx.text.SendStrings) refers to hmi_driver.o(.text.SendStrings) for [Anonymous Symbol]
    hmi_driver.o(.text.SendNU8) refers to hmi_user_uart.o(.text.SendChar) for SendChar
    hmi_driver.o(.ARM.exidx.text.SendNU8) refers to hmi_driver.o(.text.SendNU8) for [Anonymous Symbol]
    hmi_driver.o(.text.SendNU16) refers to hmi_user_uart.o(.text.SendChar) for SendChar
    hmi_driver.o(.ARM.exidx.text.SendNU16) refers to hmi_driver.o(.text.SendNU16) for [Anonymous Symbol]
    hmi_driver.o(.text.SetHandShake) refers to hmi_user_uart.o(.text.SendChar) for SendChar
    hmi_driver.o(.ARM.exidx.text.SetHandShake) refers to hmi_driver.o(.text.SetHandShake) for [Anonymous Symbol]
    hmi_driver.o(.text.SetFcolor) refers to hmi_user_uart.o(.text.SendChar) for SendChar
    hmi_driver.o(.ARM.exidx.text.SetFcolor) refers to hmi_driver.o(.text.SetFcolor) for [Anonymous Symbol]
    hmi_driver.o(.text.SetBcolor) refers to hmi_user_uart.o(.text.SendChar) for SendChar
    hmi_driver.o(.ARM.exidx.text.SetBcolor) refers to hmi_driver.o(.text.SetBcolor) for [Anonymous Symbol]
    hmi_driver.o(.text.ColorPicker) refers to hmi_user_uart.o(.text.SendChar) for SendChar
    hmi_driver.o(.ARM.exidx.text.ColorPicker) refers to hmi_driver.o(.text.ColorPicker) for [Anonymous Symbol]
    hmi_driver.o(.text.GUI_CleanScreen) refers to hmi_user_uart.o(.text.SendChar) for SendChar
    hmi_driver.o(.ARM.exidx.text.GUI_CleanScreen) refers to hmi_driver.o(.text.GUI_CleanScreen) for [Anonymous Symbol]
    hmi_driver.o(.text.SetTextSpace) refers to hmi_user_uart.o(.text.SendChar) for SendChar
    hmi_driver.o(.ARM.exidx.text.SetTextSpace) refers to hmi_driver.o(.text.SetTextSpace) for [Anonymous Symbol]
    hmi_driver.o(.text.SetFont_Region) refers to hmi_user_uart.o(.text.SendChar) for SendChar
    hmi_driver.o(.ARM.exidx.text.SetFont_Region) refers to hmi_driver.o(.text.SetFont_Region) for [Anonymous Symbol]
    hmi_driver.o(.text.SetFilterColor) refers to hmi_user_uart.o(.text.SendChar) for SendChar
    hmi_driver.o(.ARM.exidx.text.SetFilterColor) refers to hmi_driver.o(.text.SetFilterColor) for [Anonymous Symbol]
    hmi_driver.o(.text.DisText) refers to hmi_driver.o(.text.SendStrings) for SendStrings
    hmi_driver.o(.text.DisText) refers to hmi_user_uart.o(.text.SendChar) for SendChar
    hmi_driver.o(.ARM.exidx.text.DisText) refers to hmi_driver.o(.text.DisText) for [Anonymous Symbol]
    hmi_driver.o(.text.DisCursor) refers to hmi_user_uart.o(.text.SendChar) for SendChar
    hmi_driver.o(.ARM.exidx.text.DisCursor) refers to hmi_driver.o(.text.DisCursor) for [Anonymous Symbol]
    hmi_driver.o(.text.DisFull_Image) refers to hmi_user_uart.o(.text.SendChar) for SendChar
    hmi_driver.o(.ARM.exidx.text.DisFull_Image) refers to hmi_driver.o(.text.DisFull_Image) for [Anonymous Symbol]
    hmi_driver.o(.text.DisArea_Image) refers to hmi_user_uart.o(.text.SendChar) for SendChar
    hmi_driver.o(.ARM.exidx.text.DisArea_Image) refers to hmi_driver.o(.text.DisArea_Image) for [Anonymous Symbol]
    hmi_driver.o(.text.DisCut_Image) refers to hmi_user_uart.o(.text.SendChar) for SendChar
[...]
    Removing stm32f4xx_hal_gpio.o(.ARM.exidx.text.HAL_GPIO_TogglePin), (8 bytes).
    Removing stm32f4xx_hal_gpio.o(.text.HAL_GPIO_LockPin), (40 bytes).
    Removing stm32f4xx_hal_gpio.o(.ARM.exidx.text.HAL_GPIO_LockPin), (8 bytes).
    Removing stm32f4xx_hal_gpio.o(.text.HAL_GPIO_EXTI_IRQHandler), (20 bytes).
    Removing stm32f4xx_hal_gpio.o(.ARM.exidx.text.HAL_GPIO_EXTI_IRQHandler), (8 bytes).
    Removing stm32f4xx_hal_gpio.o(.text.HAL_GPIO_EXTI_Callback), (2 bytes).
    Removing stm32f4xx_hal_gpio.o(.ARM.exidx.text.HAL_GPIO_EXTI_Callback), (8 bytes).
    Removing stm32f4xx_hal_dma_ex.o(.text), (0 bytes).
    Removing stm32f4xx_hal_dma_ex.o(.text.HAL_DMAEx_MultiBufferStart), (116 bytes).
    Removing stm32f4xx_hal_dma_ex.o(.ARM.exidx.text.HAL_DMAEx_MultiBufferStart), (8 bytes).
    Removing stm32f4xx_hal_dma_ex.o(.text.HAL_DMAEx_MultiBufferStart_IT), (748 bytes).
    Removing stm32f4xx_hal_dma_ex.o(.ARM.exidx.text.HAL_DMAEx_MultiBufferStart_IT), (8 bytes).
    Removing stm32f4xx_hal_dma_ex.o(.text.HAL_DMAEx_ChangeMemory), (16 bytes).
    Removing stm32f4xx_hal_dma_ex.o(.ARM.exidx.text.HAL_DMAEx_ChangeMemory), (8 bytes).
    Removing stm32f4xx_hal_dma.o(.text), (0 bytes).
    Removing stm32f4xx_hal_dma.o(.text.HAL_DMA_Init), (300 bytes).
    Removing stm32f4xx_hal_dma.o(.ARM.exidx.text.HAL_DMA_Init), (8 bytes).
    Removing stm32f4xx_hal_dma.o(.text.DMA_CalcBaseAndBitshift), (52 bytes).
    Removing stm32f4xx_hal_dma.o(.ARM.exidx.text.DMA_CalcBaseAndBitshift), (8 bytes).
    Removing stm32f4xx_hal_dma.o(.text.HAL_DMA_DeInit), (90 bytes).
    Removing stm32f4xx_hal_dma.o(.ARM.exidx.text.HAL_DMA_DeInit), (8 bytes).
    Removing stm32f4xx_hal_dma.o(.text.HAL_DMA_Start), (66 bytes).
    Removing stm32f4xx_hal_dma.o(.ARM.exidx.text.HAL_DMA_Start), (8 bytes).
    Removing stm32f4xx_hal_dma.o(.text.DMA_SetConfig), (46 bytes).
    Removing stm32f4xx_hal_dma.o(.ARM.exidx.text.DMA_SetConfig), (8 bytes).
    Removing stm32f4xx_hal_dma.o(.text.HAL_DMA_Start_IT), (100 bytes).
    Removing stm32f4xx_hal_dma.o(.ARM.exidx.text.HAL_DMA_Start_IT), (8 bytes).
    Removing stm32f4xx_hal_dma.o(.text.HAL_DMA_Abort), (132 bytes).
    Removing stm32f4xx_hal_dma.o(.ARM.exidx.text.HAL_DMA_Abort), (8 bytes).
    Removing stm32f4xx_hal_dma.o(.text.HAL_DMA_Abort_IT), (36 bytes).
    Removing stm32f4xx_hal_dma.o(.ARM.exidx.text.HAL_DMA_Abort_IT), (8 bytes).
    Removing stm32f4xx_hal_dma.o(.text.HAL_DMA_PollForTransfer), (320 bytes).
    Removing stm32f4xx_hal_dma.o(.ARM.exidx.text.HAL_DMA_PollForTransfer), (8 bytes).
    Removing stm32f4xx_hal_dma.o(.text.HAL_DMA_IRQHandler), (384 bytes).
    Removing stm32f4xx_hal_dma.o(.ARM.exidx.text.HAL_DMA_IRQHandler), (8 bytes).
    Removing stm32f4xx_hal_dma.o(.text.HAL_DMA_RegisterCallback), (88 bytes).
    Removing stm32f4xx_hal_dma.o(.ARM.exidx.text.HAL_DMA_RegisterCallback), (8 bytes).
    Removing stm32f4xx_hal_dma.o(.text.HAL_DMA_UnRegisterCallback), (108 bytes).
    Removing stm32f4xx_hal_dma.o(.ARM.exidx.text.HAL_DMA_UnRegisterCallback), (8 bytes).
    Removing stm32f4xx_hal_dma.o(.text.HAL_DMA_GetState), (6 bytes).
    Removing stm32f4xx_hal_dma.o(.ARM.exidx.text.HAL_DMA_GetState), (8 bytes).
    Removing stm32f4xx_hal_dma.o(.text.HAL_DMA_GetError), (4 bytes).
    Removing stm32f4xx_hal_dma.o(.ARM.exidx.text.HAL_DMA_GetError), (8 bytes).
    Removing stm32f4xx_hal_pwr.o(.text), (0 bytes).
    Removing stm32f4xx_hal_pwr.o(.text.HAL_PWR_DeInit), (24 bytes).
    Removing stm32f4xx_hal_pwr.o(.ARM.exidx.text.HAL_PWR_DeInit), (8 bytes).
    Removing stm32f4xx_hal_pwr.o(.text.HAL_PWR_EnableBkUpAccess), (28 bytes).
    Removing stm32f4xx_hal_pwr.o(.ARM.exidx.text.HAL_PWR_EnableBkUpAccess), (8 bytes).
    Removing stm32f4xx_hal_pwr.o(.text.HAL_PWR_DisableBkUpAccess), (28 bytes).
    Removing stm32f4xx_hal_pwr.o(.ARM.exidx.text.HAL_PWR_DisableBkUpAccess), (8 bytes).
    Removing stm32f4xx_hal_pwr.o(.text.HAL_PWR_ConfigPVD), (120 bytes).
    Removing stm32f4xx_hal_pwr.o(.ARM.exidx.text.HAL_PWR_ConfigPVD), (8 bytes).
    Removing stm32f4xx_hal_pwr.o(.text.HAL_PWR_EnablePVD), (12 bytes).
    Removing stm32f4xx_hal_pwr.o(.ARM.exidx.text.HAL_PWR_EnablePVD), (8 bytes).
    Removing stm32f4xx_hal_pwr.o(.text.HAL_PWR_DisablePVD), (12 bytes).
    Removing stm32f4xx_hal_pwr.o(.ARM.exidx.text.HAL_PWR_DisablePVD), (8 bytes).
    Removing stm32f4xx_hal_pwr.o(.text.HAL_PWR_EnableWakeUpPin), (16 bytes).
    Removing stm32f4xx_hal_pwr.o(.ARM.exidx.text.HAL_PWR_EnableWakeUpPin), (8 bytes).
    Removing stm32f4xx_hal_pwr.o(.text.HAL_PWR_DisableWakeUpPin), (16 bytes).
    Removing stm32f4xx_hal_pwr.o(.ARM.exidx.text.HAL_PWR_DisableWakeUpPin), (8 bytes).
    Removing stm32f4xx_hal_pwr.o(.text.HAL_PWR_EnterSLEEPMode), (36 bytes).
    Removing stm32f4xx_hal_pwr.o(.ARM.exidx.text.HAL_PWR_EnterSLEEPMode), (8 bytes).
    Removing stm32f4xx_hal_pwr.o(.text.HAL_PWR_EnterSTOPMode), (60 bytes).
    Removing stm32f4xx_hal_pwr.o(.ARM.exidx.text.HAL_PWR_EnterSTOPMode), (8 bytes).
    Removing stm32f4xx_hal_pwr.o(.text.HAL_PWR_EnterSTANDBYMode), (32 bytes).
    Removing stm32f4xx_hal_pwr.o(.ARM.exidx.text.HAL_PWR_EnterSTANDBYMode), (8 bytes).
    Removing stm32f4xx_hal_pwr.o(.text.HAL_PWR_PVD_IRQHandler), (32 bytes).
    Removing stm32f4xx_hal_pwr.o(.ARM.exidx.text.HAL_PWR_PVD_IRQHandler), (8 bytes).
    Removing stm32f4xx_hal_pwr.o(.text.HAL_PWR_PVDCallback), (2 bytes).
    Removing stm32f4xx_hal_pwr.o(.ARM.exidx.text.HAL_PWR_PVDCallback), (8 bytes).
    Removing stm32f4xx_hal_pwr.o(.text.HAL_PWR_EnableSleepOnExit), (16 bytes).
    Removing stm32f4xx_hal_pwr.o(.ARM.exidx.text.HAL_PWR_EnableSleepOnExit), (8 bytes).
    Removing stm32f4xx_hal_pwr.o(.text.HAL_PWR_DisableSleepOnExit), (16 bytes).
    Removing stm32f4xx_hal_pwr.o(.ARM.exidx.text.HAL_PWR_DisableSleepOnExit), (8 bytes).
    Removing stm32f4xx_hal_pwr.o(.text.HAL_PWR_EnableSEVOnPend), (16 bytes).
    Removing stm32f4xx_hal_pwr.o(.ARM.exidx.text.HAL_PWR_EnableSEVOnPend), (8 bytes).
    Removing stm32f4xx_hal_pwr.o(.text.HAL_PWR_DisableSEVOnPend), (16 bytes).
    Removing stm32f4xx_hal_pwr.o(.ARM.exidx.text.HAL_PWR_DisableSEVOnPend), (8 bytes).
    Removing stm32f4xx_hal_pwr_ex.o(.text), (0 bytes).
    Removing stm32f4xx_hal_pwr_ex.o(.text.HAL_PWREx_EnableBkUpReg), (56 bytes).
    Removing stm32f4xx_hal_pwr_ex.o(.ARM.exidx.text.HAL_PWREx_EnableBkUpReg), (8 bytes).
    Removing stm32f4xx_hal_pwr_ex.o(.text.HAL_PWREx_DisableBkUpReg), (56 bytes).
    Removing stm32f4xx_hal_pwr_ex.o(.ARM.exidx.text.HAL_PWREx_DisableBkUpReg), (8 bytes).
    Removing stm32f4xx_hal_pwr_ex.o(.text.HAL_PWREx_EnableFlashPowerDown), (12 bytes).
    Removing stm32f4xx_hal_pwr_ex.o(.ARM.exidx.text.HAL_PWREx_EnableFlashPowerDown), (8 bytes).
    Removing stm32f4xx_hal_pwr_ex.o(.text.HAL_PWREx_DisableFlashPowerDown), (12 bytes).
    Removing stm32f4xx_hal_pwr_ex.o(.ARM.exidx.text.HAL_PWREx_DisableFlashPowerDown), (8 bytes).
    Removing stm32f4xx_hal_pwr_ex.o(.text.HAL_PWREx_GetVoltageRange), (16 bytes).
    Removing stm32f4xx_hal_pwr_ex.o(.ARM.exidx.text.HAL_PWREx_GetVoltageRange), (8 bytes).
    Removing stm32f4xx_hal_pwr_ex.o(.text.HAL_PWREx_ControlVoltageScaling), (196 bytes).
    Removing stm32f4xx_hal_pwr_ex.o(.ARM.exidx.text.HAL_PWREx_ControlVoltageScaling), (8 bytes).
    Removing stm32f4xx_hal_pwr_ex.o(.text.HAL_PWREx_EnableOverDrive), (116 bytes).
    Removing stm32f4xx_hal_pwr_ex.o(.ARM.exidx.text.HAL_PWREx_EnableOverDrive), (8 bytes).
    Removing stm32f4xx_hal_pwr_ex.o(.text.HAL_PWREx_DisableOverDrive), (116 bytes).
    Removing stm32f4xx_hal_pwr_ex.o(.ARM.exidx.text.HAL_PWREx_DisableOverDrive), (8 bytes).
    Removing stm32f4xx_hal_pwr_ex.o(.text.HAL_PWREx_EnterUnderDriveSTOPMode), (108 bytes).
    Removing stm32f4xx_hal_pwr_ex.o(.ARM.exidx.text.HAL_PWREx_EnterUnderDriveSTOPMode), (8 bytes).
    Removing stm32f4xx_hal_cortex.o(.text), (0 bytes).
    Removing stm32f4xx_hal_cortex.o(.ARM.exidx.text.HAL_NVIC_SetPriorityGrouping), (8 bytes).
    Removing stm32f4xx_hal_cortex.o(.ARM.exidx.text.HAL_NVIC_SetPriority), (8 bytes).
    Removing stm32f4xx_hal_cortex.o(.ARM.exidx.text.__NVIC_SetPriority), (8 bytes).
    Removing stm32f4xx_hal_cortex.o(.ARM.exidx.text.HAL_NVIC_EnableIRQ), (8 bytes).
    Removing stm32f4xx_hal_cortex.o(.text.HAL_NVIC_DisableIRQ), (36 bytes).
    Removing stm32f4xx_hal_cortex.o(.ARM.exidx.text.HAL_NVIC_DisableIRQ), (8 bytes).
    Removing stm32f4xx_hal_cortex.o(.text.HAL_NVIC_SystemReset), (4 bytes).
    Removing stm32f4xx_hal_cortex.o(.ARM.exidx.text.HAL_NVIC_SystemReset), (8 bytes).
    Removing stm32f4xx_hal_cortex.o(.text.__NVIC_SystemReset), (36 bytes).
    Removing stm32f4xx_hal_cortex.o(.ARM.exidx.text.__NVIC_SystemReset), (8 bytes).
    Removing stm32f4xx_hal_cortex.o(.ARM.exidx.text.HAL_SYSTICK_Config), (8 bytes).
    Removing stm32f4xx_hal_cortex.o(.text.HAL_MPU_Disable), (24 bytes).
    Removing stm32f4xx_hal_cortex.o(.ARM.exidx.text.HAL_MPU_Disable), (8 bytes).
    Removing stm32f4xx_hal_cortex.o(.text.HAL_MPU_Enable), (32 bytes).
    Removing stm32f4xx_hal_cortex.o(.ARM.exidx.text.HAL_MPU_Enable), (8 bytes).
    Removing stm32f4xx_hal_cortex.o(.text.HAL_MPU_EnableRegion), (20 bytes).
    Removing stm32f4xx_hal_cortex.o(.ARM.exidx.text.HAL_MPU_EnableRegion), (8 bytes).
    Removing stm32f4xx_hal_cortex.o(.text.HAL_MPU_DisableRegion), (20 bytes).
    Removing stm32f4xx_hal_cortex.o(.ARM.exidx.text.HAL_MPU_DisableRegion), (8 bytes).
    Removing stm32f4xx_hal_cortex.o(.text.HAL_MPU_ConfigRegion), (84 bytes).
    Removing stm32f4xx_hal_cortex.o(.ARM.exidx.text.HAL_MPU_ConfigRegion), (8 bytes).
    Removing stm32f4xx_hal_cortex.o(.text.HAL_CORTEX_ClearEvent), (6 bytes).
    Removing stm32f4xx_hal_cortex.o(.ARM.exidx.text.HAL_CORTEX_ClearEvent), (8 bytes).
    Removing stm32f4xx_hal_cortex.o(.text.HAL_NVIC_GetPriorityGrouping), (16 bytes).
    Removing stm32f4xx_hal_cortex.o(.ARM.exidx.text.HAL_NVIC_GetPriorityGrouping), (8 bytes).
    Removing stm32f4xx_hal_cortex.o(.text.HAL_NVIC_GetPriority), (88 bytes).
    Removing stm32f4xx_hal_cortex.o(.ARM.exidx.text.HAL_NVIC_GetPriority), (8 bytes).
    Removing stm32f4xx_hal_cortex.o(.text.HAL_NVIC_SetPendingIRQ), (28 bytes).
    Removing stm32f4xx_hal_cortex.o(.ARM.exidx.text.HAL_NVIC_SetPendingIRQ), (8 bytes).
    Removing stm32f4xx_hal_cortex.o(.text.HAL_NVIC_GetPendingIRQ), (40 bytes).
    Removing stm32f4xx_hal_cortex.o(.ARM.exidx.text.HAL_NVIC_GetPendingIRQ), (8 bytes).
    Removing stm32f4xx_hal_cortex.o(.text.HAL_NVIC_ClearPendingIRQ), (28 bytes).
    Removing stm32f4xx_hal_cortex.o(.ARM.exidx.text.HAL_NVIC_ClearPendingIRQ), (8 bytes).
    Removing stm32f4xx_hal_cortex.o(.text.HAL_NVIC_GetActive), (40 bytes).
    Removing stm32f4xx_hal_cortex.o(.ARM.exidx.text.HAL_NVIC_GetActive), (8 bytes).
    Removing stm32f4xx_hal_cortex.o(.text.HAL_SYSTICK_CLKSourceConfig), (24 bytes).
    Removing stm32f4xx_hal_cortex.o(.ARM.exidx.text.HAL_SYSTICK_CLKSourceConfig), (8 bytes).
    Removing stm32f4xx_hal_cortex.o(.text.HAL_SYSTICK_IRQHandler), (4 bytes).
    Removing stm32f4xx_hal_cortex.o(.ARM.exidx.text.HAL_SYSTICK_IRQHandler), (8 bytes).
    Removing stm32f4xx_hal_cortex.o(.text.HAL_SYSTICK_Callback), (2 bytes).
    Removing stm32f4xx_hal_cortex.o(.ARM.exidx.text.HAL_SYSTICK_Callback), (8 bytes).
    Removing stm32f4xx_hal.o(.text), (0 bytes).
    Removing stm32f4xx_hal.o(.ARM.exidx.text.HAL_Init), (8 bytes).
    Removing stm32f4xx_hal.o(.ARM.exidx.text.HAL_InitTick), (8 bytes).
    Removing stm32f4xx_hal.o(.text.HAL_MspInit), (2 bytes).
    Removing stm32f4xx_hal.o(.ARM.exidx.text.HAL_MspInit), (8 bytes).
    Removing stm32f4xx_hal.o(.text.HAL_DeInit), (60 bytes).
    Removing stm32f4xx_hal.o(.ARM.exidx.text.HAL_DeInit), (8 bytes).
    Removing stm32f4xx_hal.o(.text.HAL_MspDeInit), (2 bytes).
    Removing stm32f4xx_hal.o(.ARM.exidx.text.HAL_MspDeInit), (8 bytes).
    Removing stm32f4xx_hal.o(.ARM.exidx.text.HAL_IncTick), (8 bytes).
    Removing stm32f4xx_hal.o(.ARM.exidx.text.HAL_GetTick), (8 bytes).
    Removing stm32f4xx_hal.o(.text.HAL_GetTickPrio), (12 bytes).
    Removing stm32f4xx_hal.o(.ARM.exidx.text.HAL_GetTickPrio), (8 bytes).
    Removing stm32f4xx_hal.o(.text.HAL_SetTickFreq), (32 bytes).
    Removing stm32f4xx_hal.o(.ARM.exidx.text.HAL_SetTickFreq), (8 bytes).
    Removing stm32f4xx_hal.o(.text.HAL_GetTickFreq), (12 bytes).
    Removing stm32f4xx_hal.o(.ARM.exidx.text.HAL_GetTickFreq), (8 bytes).
    Removing stm32f4xx_hal.o(.ARM.exidx.text.HAL_Delay), (8 bytes).
    Removing stm32f4xx_hal.o(.text.HAL_SuspendTick), (16 bytes).
    Removing stm32f4xx_hal.o(.ARM.exidx.text.HAL_SuspendTick), (8 bytes).
    Removing stm32f4xx_hal.o(.text.HAL_ResumeTick), (16 bytes).
    Removing stm32f4xx_hal.o(.ARM.exidx.text.HAL_ResumeTick), (8 bytes).
    Removing stm32f4xx_hal.o(.text.HAL_GetHalVersion), (8 bytes).
    Removing stm32f4xx_hal.o(.ARM.exidx.text.HAL_GetHalVersion), (8 bytes).
    Removing stm32f4xx_hal.o(.text.HAL_GetREVID), (12 bytes).
    Removing stm32f4xx_hal.o(.ARM.exidx.text.HAL_GetREVID), (8 bytes).
    Removing stm32f4xx_hal.o(.text.HAL_GetDEVID), (16 bytes).
    Removing stm32f4xx_hal.o(.ARM.exidx.text.HAL_GetDEVID), (8 bytes).
    Removing stm32f4xx_hal.o(.text.HAL_DBGMCU_EnableDBGSleepMode), (16 bytes).
    Removing stm32f4xx_hal.o(.ARM.exidx.text.HAL_DBGMCU_EnableDBGSleepMode), (8 bytes).
    Removing stm32f4xx_hal.o(.text.HAL_DBGMCU_DisableDBGSleepMode), (16 bytes).
    Removing stm32f4xx_hal.o(.ARM.exidx.text.HAL_DBGMCU_DisableDBGSleepMode), (8 bytes).
    Removing stm32f4xx_hal.o(.text.HAL_DBGMCU_EnableDBGStopMode), (16 bytes).
    Removing stm32f4xx_hal.o(.ARM.exidx.text.HAL_DBGMCU_EnableDBGStopMode), (8 bytes).
    Removing stm32f4xx_hal.o(.text.HAL_DBGMCU_DisableDBGStopMode), (16 bytes).
    Removing stm32f4xx_hal.o(.ARM.exidx.text.HAL_DBGMCU_DisableDBGStopMode), (8 bytes).
    Removing stm32f4xx_hal.o(.text.HAL_DBGMCU_EnableDBGStandbyMode), (16 bytes).
    Removing stm32f4xx_hal.o(.ARM.exidx.text.HAL_DBGMCU_EnableDBGStandbyMode), (8 bytes).
    Removing stm32f4xx_hal.o(.text.HAL_DBGMCU_DisableDBGStandbyMode), (16 bytes).
    Removing stm32f4xx_hal.o(.ARM.exidx.text.HAL_DBGMCU_DisableDBGStandbyMode), (8 bytes).
    Removing stm32f4xx_hal.o(.text.HAL_EnableCompensationCell), (12 bytes).
    Removing stm32f4xx_hal.o(.ARM.exidx.text.HAL_EnableCompensationCell), (8 bytes).
    Removing stm32f4xx_hal.o(.text.HAL_DisableCompensationCell), (12 bytes).
    Removing stm32f4xx_hal.o(.ARM.exidx.text.HAL_DisableCompensationCell), (8 bytes).
    Removing stm32f4xx_hal.o(.text.HAL_GetUIDw0), (12 bytes).
    Removing stm32f4xx_hal.o(.ARM.exidx.text.HAL_GetUIDw0), (8 bytes).
    Removing stm32f4xx_hal.o(.text.HAL_GetUIDw1), (12 bytes).
    Removing stm32f4xx_hal.o(.ARM.exidx.text.HAL_GetUIDw1), (8 bytes).
    Removing stm32f4xx_hal.o(.text.HAL_GetUIDw2), (12 bytes).
    Removing stm32f4xx_hal.o(.ARM.exidx.text.HAL_GetUIDw2), (8 bytes).
    Removing stm32f4xx_hal.o(.text.HAL_EnableMemorySwappingBank), (12 bytes).
    Removing stm32f4xx_hal.o(.ARM.exidx.text.HAL_EnableMemorySwappingBank), (8 bytes).
    Removing stm32f4xx_hal.o(.text.HAL_DisableMemorySwappingBank), (12 bytes).
    Removing stm32f4xx_hal.o(.ARM.exidx.text.HAL_DisableMemorySwappingBank), (8 bytes).
    Removing stm32f4xx_hal_exti.o(.text), (0 bytes).
    Removing stm32f4xx_hal_exti.o(.text.HAL_EXTI_SetConfigLine), (156 bytes).
    Removing stm32f4xx_hal_exti.o(.ARM.exidx.text.HAL_EXTI_SetConfigLine), (8 bytes).
    Removing stm32f4xx_hal_exti.o(.text.HAL_EXTI_GetConfigLine), (136 bytes).
    Removing stm32f4xx_hal_exti.o(.ARM.exidx.text.HAL_EXTI_GetConfigLine), (8 bytes).
    Removing stm32f4xx_hal_exti.o(.text.HAL_EXTI_ClearConfigLine), (116 bytes).
    Removing stm32f4xx_hal_exti.o(.ARM.exidx.text.HAL_EXTI_ClearConfigLine), (8 bytes).
    Removing stm32f4xx_hal_exti.o(.text.HAL_EXTI_RegisterCallback), (12 bytes).
    Removing stm32f4xx_hal_exti.o(.ARM.exidx.text.HAL_EXTI_RegisterCallback), (8 bytes).
    Removing stm32f4xx_hal_exti.o(.text.HAL_EXTI_GetHandle), (12 bytes).
    Removing stm32f4xx_hal_exti.o(.ARM.exidx.text.HAL_EXTI_GetHandle), (8 bytes).
    Removing stm32f4xx_hal_exti.o(.text.HAL_EXTI_IRQHandler), (36 bytes).
    Removing stm32f4xx_hal_exti.o(.ARM.exidx.text.HAL_EXTI_IRQHandler), (8 bytes).
    Removing stm32f4xx_hal_exti.o(.text.HAL_EXTI_GetPending), (28 bytes).
    Removing stm32f4xx_hal_exti.o(.ARM.exidx.text.HAL_EXTI_GetPending), (8 bytes).
    Removing stm32f4xx_hal_exti.o(.text.HAL_EXTI_ClearPending), (24 bytes).
    Removing stm32f4xx_hal_exti.o(.ARM.exidx.text.HAL_EXTI_ClearPending), (8 bytes).
    Removing stm32f4xx_hal_exti.o(.text.HAL_EXTI_GenerateSWI), (24 bytes).
    Removing stm32f4xx_hal_exti.o(.ARM.exidx.text.HAL_EXTI_GenerateSWI), (8 bytes).
    Removing system_stm32f4xx.o(.text), (0 bytes).
    Removing system_stm32f4xx.o(.ARM.exidx.text.SystemInit), (8 bytes).
    Removing system_stm32f4xx.o(.text.SystemCoreClockUpdate), (112 bytes).
    Removing system_stm32f4xx.o(.ARM.exidx.text.SystemCoreClockUpdate), (8 bytes).
    Removing dadd.o(.text), (334 bytes).
    Removing dmul.o(.text), (228 bytes).
    Removing ddiv.o(.text), (222 bytes).
    Removing dfixul.o(.text), (48 bytes).
    Removing cdrcmple.o(.text), (48 bytes).
    Removing depilogue.o(.text), (186 bytes).

733 unused section(s) (total 26414 bytes) removed from the image.

==============================================================================

Image Symbol Table

    Local Symbols

    Symbol Name                              Value     Ov Type        Size  Object(Section)

    ../clib/microlib/ctype/ctype.c           0x00000000   Number         0  ctype_c.o ABSOLUTE
    ../clib/microlib/ctype/ctype.c           0x00000000   Number         0  isspace_c.o ABSOLUTE
    ../clib/microlib/division.c              0x00000000   Number         0  uldiv.o ABSOLUTE
    ../clib/microlib/division.c              0x00000000   Number         0  uidiv.o ABSOLUTE
    ../clib/microlib/init/entry.s            0x00000000   Number         0  entry7a.o ABSOLUTE
    ../clib/microlib/init/entry.s            0x00000000   Number         0  entry.o ABSOLUTE
    ../clib/microlib/init/entry.s            0x00000000   Number         0  entry10a.o ABSOLUTE
    ../clib/microlib/init/entry.s            0x00000000   Number         0  entry2.o ABSOLUTE
    ../clib/microlib/init/entry.s            0x00000000   Number         0  entry5.o ABSOLUTE
    ../clib/microlib/init/entry.s            0x00000000   Number         0  entry10b.o ABSOLUTE
    ../clib/microlib/init/entry.s            0x00000000   Number         0  entry11a.o ABSOLUTE
    ../clib/microlib/init/entry.s            0x00000000   Number         0  entry11b.o ABSOLUTE
    ../clib/microlib/init/entry.s            0x00000000   Number         0  entry7b.o ABSOLUTE
    ../clib/microlib/init/entry.s            0x00000000   Number         0  entry8a.o ABSOLUTE
    ../clib/microlib/init/entry.s            0x00000000   Number         0  entry8b.o ABSOLUTE
    ../clib/microlib/init/entry.s            0x00000000   Number         0  entry9a.o ABSOLUTE
    ../clib/microlib/init/entry.s            0x00000000   Number         0  entry9b.o ABSOLUTE
    ../clib/microlib/longlong.c              0x00000000   Number         0  llshl.o ABSOLUTE
    ../clib/microlib/longlong.c              0x00000000   Number         0  llushr.o ABSOLUTE
    ../clib/microlib/longlong.c              0x00000000   Number         0  llsshr.o ABSOLUTE
    ../clib/microlib/printf/printf.c         0x00000000   Number         0  printfa.o ABSOLUTE
    ../clib/microlib/printf/printf.c         0x00000000   Number         0  printf8.o ABSOLUTE
    ../clib/microlib/printf/printf.c         0x00000000   Number         0  printf6.o ABSOLUTE
    ../clib/microlib/printf/printf.c         0x00000000   Number         0  printf5.o ABSOLUTE
    ../clib/microlib/printf/printf.c         0x00000000   Number         0  printf4.o ABSOLUTE
    ../clib/microlib/printf/printf.c         0x00000000   Number         0  printf3.o ABSOLUTE
    ../clib/microlib/printf/printf.c         0x00000000   Number         0  printf2.o ABSOLUTE
    ../clib/microlib/printf/printf.c         0x00000000   Number         0  printf1.o ABSOLUTE
    ../clib/microlib/printf/printf.c         0x00000000   Number         0  printf0.o ABSOLUTE
    ../clib/microlib/printf/printf.c         0x00000000   Number         0  printfb.o ABSOLUTE
    ../clib/microlib/printf/printf.c         0x00000000   Number         0  printf7.o ABSOLUTE
    ../clib/microlib/printf/stubs.s          0x00000000   Number         0  stubs.o ABSOLUTE
    ../clib/microlib/stdio/fputc.c           0x00000000   Number         0  fputc_h.o ABSOLUTE
    ../clib/microlib/stdio/fputc.c           0x00000000   Number         0  fputc.o ABSOLUTE
    ../clib/microlib/stdio/semi.s            0x00000000   Number         0  semi.o ABSOLUTE
    ../clib/microlib/stdio/streams.c         0x00000000   Number         0  stdout.o ABSOLUTE
    ../clib/microlib/string/memset.c         0x00000000   Number         0  memseta.o ABSOLUTE
    ../clib/microlib/string/strcmp.c         0x00000000   Number         0  strcmp.o ABSOLUTE
    ../clib/microlib/string/strlen.c         0x00000000   Number         0  strlen.o ABSOLUTE
    ../clib/microlib/string/strncmp.c        0x00000000   Number         0  strncmp.o ABSOLUTE
    ../clib/microlib/stubs.s                 0x00000000   Number         0  iusesemip.o ABSOLUTE
    ../clib/microlib/stubs.s                 0x00000000   Number         0  iusefp.o ABSOLUTE
    ../clib/scanf.c                          0x00000000   Number         0  __0sscanf.o ABSOLUTE
    ../clib/scanf.c                          0x00000000   Number         0  _chval.o ABSOLUTE
    ../clib/scanf.c                          0x00000000   Number         0  _scanf_str.o ABSOLUTE
    ../clib/scanf.c                          0x00000000   Number         0  _scanf.o ABSOLUTE
    ../clib/scanf.c                          0x00000000   Number         0  _scanf_int.o ABSOLUTE
    ../clib/scanf.c                          0x00000000   Number         0  _sgetc.o ABSOLUTE
    ../clib/scanf.c                          0x00000000   Number         0  scanf_char.o ABSOLUTE
    ../fplib/microlib/fpadd.c                0x00000000   Number         0  dadd.o ABSOLUTE
    ../fplib/microlib/fpdiv.c                0x00000000   Number         0  ddiv.o ABSOLUTE
    ../fplib/microlib/fpepilogue.c           0x00000000   Number         0  depilogue.o ABSOLUTE
    ../fplib/microlib/fpfix.c                0x00000000   Number         0  dfixul.o ABSOLUTE
    ../fplib/microlib/fpmul.c                0x00000000   Number         0  dmul.o ABSOLUTE
    H7Link.c                                 0x00000000   Number         0  h7link.o ABSOLUTE
    ScreenLink.c                             0x00000000   Number         0  screenlink.o ABSOLUTE
    cdrcmple.s                               0x00000000   Number         0  cdrcmple.o ABSOLUTE
    dc.s                                     0x00000000   Number         0  dc.o ABSOLUTE
    gpio.c                                   0x00000000   Number         0  gpio.o ABSOLUTE
    handlers.s                               0x00000000   Number         0  handlers.o ABSOLUTE
    hmi_driver.c                             0x00000000   Number         0  hmi_driver.o ABSOLUTE
    hmi_user_uart.c                          0x00000000   Number         0  hmi_user_uart.o ABSOLUTE
    init.s                                   0x00000000   Number         0  init.o ABSOLUTE
    main.c                                   0x00000000   Number         0  main.o ABSOLUTE
    startup_stm32f429xx.s                    0x00000000   Number         0  startup_stm32f429xx.o ABSOLUTE
    stm32f4xx_hal.c                          0x00000000   Number         0  stm32f4xx_hal.o ABSOLUTE
    stm32f4xx_hal_cortex.c                   0x00000000   Number         0  stm32f4xx_hal_cortex.o ABSOLUTE
    stm32f4xx_hal_dma.c                      0x00000000   Number         0  stm32f4xx_hal_dma.o ABSOLUTE
    stm32f4xx_hal_dma_ex.c                   0x00000000   Number         0  stm32f4xx_hal_dma_ex.o ABSOLUTE
    stm32f4xx_hal_exti.c                     0x00000000   Number         0  stm32f4xx_hal_exti.o ABSOLUTE
    stm32f4xx_hal_flash.c                    0x00000000   Number         0  stm32f4xx_hal_flash.o ABSOLUTE
    stm32f4xx_hal_flash_ex.c                 0x00000000   Number         0  stm32f4xx_hal_flash_ex.o ABSOLUTE
    stm32f4xx_hal_flash_ramfunc.c            0x00000000   Number         0  stm32f4xx_hal_flash_ramfunc.o ABSOLUTE
    stm32f4xx_hal_gpio.c                     0x00000000   Number         0  stm32f4xx_hal_gpio.o ABSOLUTE
    stm32f4xx_hal_msp.c                      0x00000000   Number         0  stm32f4xx_hal_msp.o ABSOLUTE
    stm32f4xx_hal_pwr.c                      0x00000000   Number         0  stm32f4xx_hal_pwr.o ABSOLUTE
    stm32f4xx_hal_pwr_ex.c                   0x00000000   Number         0  stm32f4xx_hal_pwr_ex.o ABSOLUTE
    stm32f4xx_hal_rcc.c                      0x00000000   Number         0  stm32f4xx_hal_rcc.o ABSOLUTE
    stm32f4xx_hal_rcc_ex.c                   0x00000000   Number         0  stm32f4xx_hal_rcc_ex.o ABSOLUTE
    stm32f4xx_hal_uart.c                     0x00000000   Number         0  stm32f4xx_hal_uart.o ABSOLUTE
    stm32f4xx_it.c                           0x00000000   Number         0  stm32f4xx_it.o ABSOLUTE
    system_stm32f4xx.c                       0x00000000   Number         0  system_stm32f4xx.o ABSOLUTE
    usart.c                                  0x00000000   Number         0  usart.o ABSOLUTE
    RESET                                    0x08000000   Section      428  startup_stm32f429xx.o(RESET)
    .ARM.Collect$$$$00000000                 0x080001ac   Section        0  entry.o(.ARM.Collect$$$$00000000)
    .ARM.Collect$$$$00000001                 0x080001ac   Section        4  entry2.o(.ARM.Collect$$$$00000001)
    .ARM.Collect$$$$00000004                 0x080001b0   Section        4  entry5.o(.ARM.Collect$$$$00000004)
    .ARM.Collect$$$$00000008                 0x080001b4   Section        0  entry7b.o(.ARM.Collect$$$$00000008)
    .ARM.Collect$$$$0000000A                 0x080001b4   Section        0  entry8b.o(.ARM.Collect$$$$0000000A)
    .ARM.Collect$$$$0000000B                 0x080001b4   Section        8  entry9a.o(.ARM.Collect$$$$0000000B)
    .ARM.Collect$$$$0000000D                 0x080001bc   Section        0  entry10a.o(.ARM.Collect$$$$0000000D)
    .ARM.Collect$$$$0000000F                 0x080001bc   Section        0  entry11a.o(.ARM.Collect$$$$0000000F)
    .ARM.Collect$$$$00002712                 0x080001bc   Section        4  entry2.o(.ARM.Collect$$$$00002712)
    __lit__00000000                          0x080001bc   Data           4  entry2.o(.ARM.Collect$$$$00002712)
    .text                                    0x080001c0   Section       36  startup_stm32f429xx.o(.text)
    $v0                                      0x080001c0   Number         0  startup_stm32f429xx.o(.text)
    .text                                    0x080001e4   Section        0  uldiv.o(.text)
    .text                                    0x08000246   Section        0  memseta.o(.text)
    .text                                    0x0800026a   Section        0  strlen.o(.text)
    .text                                    0x08000278   Section        0  strcmp.o(.text)
    .text                                    0x08000294   Section        0  strncmp.o(.text)
    .text                                    0x080002b4   Section        0  __0sscanf.o(.text)
    .text                                    0x080002ec   Section        0  _scanf_int.o(.text)
    .text                                    0x08000438   Section        0  _scanf_str.o(.text)
    .text                                    0x08000518   Section        0  uidiv.o(.text)
    .text                                    0x08000544   Section        0  llshl.o(.text)
    .text                                    0x08000562   Section        0  llushr.o(.text)
    .text                                    0x08000582   Section        0  _chval.o(.text)
    .text                                    0x080005a0   Section        0  scanf_char.o(.text)
    _scanf_char_input                        0x080005a1   Thumb Code    12  scanf_char.o(.text)
    .text                                    0x080005c8   Section        0  _sgetc.o(.text)
    .text                                    0x08000608   Section       36  init.o(.text)
    .text                                    0x0800062c   Section        0  isspace_c.o(.text)
    .text                                    0x08000638   Section        0  _scanf.o(.text)
    .text                                    0x08000964   Section        0  ctype_c.o(.text)
    [Anonymous Symbol]                       0x0800098c   Section        0  stm32f4xx_it.o(.text.BusFault_Handler)
    [Anonymous Symbol]                       0x0800098e   Section        0  stm32f4xx_it.o(.text.DebugMon_Handler)
    [Anonymous Symbol]                       0x08000990   Section        0  main.o(.text.Error_Handler)
    [Anonymous Symbol]                       0x08000994   Section        0  h7link.o(.text.H7Link_Init)
    [Anonymous Symbol]                       0x080009b8   Section        0  h7link.o(.text.H7Link_Process)
    __arm_cp.3_0                             0x08000b1c   Number         4  h7link.o(.text.H7Link_Process)
    __arm_cp.3_1                             0x08000b20   Number         4  h7link.o(.text.H7Link_Process)
    __arm_cp.3_9                             0x08000b7c   Number         4  h7link.o(.text.H7Link_Process)
    [Anonymous Symbol]                       0x08000b88   Section        0  h7link.o(.text.H7Link_RxIrqHandler)
    __arm_cp.2_1                             0x08000bc8   Number         4  h7link.o(.text.H7Link_RxIrqHandler)
    __arm_cp.2_2                             0x08000bcc   Number         4  h7link.o(.text.H7Link_RxIrqHandler)
    [Anonymous Symbol]                       0x08000bd0   Section        0  h7link.o(.text.H7Link_SendLine)
    __arm_cp.0_0                             0x08000bec   Number         4  h7link.o(.text.H7Link_SendLine)
    [Anonymous Symbol]                       0x08000bf0   Section        0  stm32f4xx_hal.o(.text.HAL_Delay)
    [Anonymous Symbol]                       0x08000c10   Section        0  stm32f4xx_hal_gpio.o(.text.HAL_GPIO_Init)
    __arm_cp.0_0                             0x08000d94   Number         4  stm32f4xx_hal_gpio.o(.text.HAL_GPIO_Init)
    __arm_cp.0_1                             0x08000d98   Number         4  stm32f4xx_hal_gpio.o(.text.HAL_GPIO_Init)
    __arm_cp.0_2                             0x08000d9c   Number         4  stm32f4xx_hal_gpio.o(.text.HAL_GPIO_Init)
    __arm_cp.0_3                             0x08000da0   Number         4  stm32f4xx_hal_gpio.o(.text.HAL_GPIO_Init)
    __arm_cp.0_4                             0x08000da4   Number         4  stm32f4xx_hal_gpio.o(.text.HAL_GPIO_Init)
    __arm_cp.0_5                             0x08000da8   Number         4  stm32f4xx_hal_gpio.o(.text.HAL_GPIO_Init)
    __arm_cp.0_6                             0x08000dac   Number         4  stm32f4xx_hal_gpio.o(.text.HAL_GPIO_Init)
    [Anonymous Symbol]                       0x08000db0   Section        0  stm32f4xx_hal.o(.text.HAL_GetTick)
    [Anonymous Symbol]                       0x08000db8   Section        0  stm32f4xx_hal.o(.text.HAL_IncTick)
    [Anonymous Symbol]                       0x08000dc4   Section        0  stm32f4xx_hal.o(.text.HAL_Init)
    __arm_cp.0_0                             0x08000df4   Number         4  stm32f4xx_hal.o(.text.HAL_Init)
    [Anonymous Symbol]                       0x08000df8   Section        0  stm32f4xx_hal.o(.text.HAL_InitTick)
    __arm_cp.1_0                             0x08000e30   Number         4  stm32f4xx_hal.o(.text.HAL_InitTick)
    [Anonymous Symbol]                       0x08000e34   Section        0  stm32f4xx_hal_msp.o(.text.HAL_MspInit)
    __arm_cp.0_0                             0x08000e68   Number         4  stm32f4xx_hal_msp.o(.text.HAL_MspInit)
    [Anonymous Symbol]                       0x08000e6c   Section        0  stm32f4xx_hal_cortex.o(.text.HAL_NVIC_EnableIRQ)
    __arm_cp.3_0                             0x08000e84   Number         4  stm32f4xx_hal_cortex.o(.text.HAL_NVIC_EnableIRQ)
    [Anonymous Symbol]                       0x08000e88   Section        0  stm32f4xx_hal_cortex.o(.text.HAL_NVIC_SetPriority)
    [Anonymous Symbol]                       0x08000ecc   Section        0  stm32f4xx_hal_cortex.o(.text.HAL_NVIC_SetPriorityGrouping)
    __arm_cp.0_0                             0x08000ee4   Number         4  stm32f4xx_hal_cortex.o(.text.HAL_NVIC_SetPriorityGrouping)
    __arm_cp.0_1                             0x08000ee8   Number         4  stm32f4xx_hal_cortex.o(.text.HAL_NVIC_SetPriorityGrouping)
    [Anonymous Symbol]                       0x08000eec   Section        0  stm32f4xx_hal_rcc.o(.text.HAL_RCC_ClockConfig)
    __arm_cp.2_0                             0x08001010   Number         4  stm32f4xx_hal_rcc.o(.text.HAL_RCC_ClockConfig)
    __arm_cp.2_1                             0x08001014   Number         4  stm32f4xx_hal_rcc.o(.text.HAL_RCC_ClockConfig)
    __arm_cp.2_3                             0x08001018   Number         4  stm32f4xx_hal_rcc.o(.text.HAL_RCC_ClockConfig)
    [Anonymous Symbol]                       0x0800101c   Section        0  stm32f4xx_hal_rcc.o(.text.HAL_RCC_GetPCLK1Freq)
    [Anonymous Symbol]                       0x08001030   Section        0  stm32f4xx_hal_rcc.o(.text.HAL_RCC_GetPCLK2Freq)
    __arm_cp.9_0                             0x08001044   Number         4  stm32f4xx_hal_rcc.o(.text.HAL_RCC_GetPCLK2Freq)
    __arm_cp.9_1                             0x08001048   Number         4  stm32f4xx_hal_rcc.o(.text.HAL_RCC_GetPCLK2Freq)
    __arm_cp.9_2                             0x0800104c   Number         4  stm32f4xx_hal_rcc.o(.text.HAL_RCC_GetPCLK2Freq)
    [Anonymous Symbol]                       0x08001050   Section        0  stm32f4xx_hal_rcc.o(.text.HAL_RCC_GetSysClockFreq)
    __arm_cp.3_1                             0x080010a4   Number         4  stm32f4xx_hal_rcc.o(.text.HAL_RCC_GetSysClockFreq)
    __arm_cp.3_2                             0x080010a8   Number         4  stm32f4xx_hal_rcc.o(.text.HAL_RCC_GetSysClockFreq)
    [Anonymous Symbol]                       0x080010ac   Section        0  stm32f4xx_hal_rcc.o(.text.HAL_RCC_OscConfig)
    __arm_cp.1_0                             0x0800141c   Number         4  stm32f4xx_hal_rcc.o(.text.HAL_RCC_OscConfig)
    __arm_cp.1_1                             0x08001420   Number         4  stm32f4xx_hal_rcc.o(.text.HAL_RCC_OscConfig)
    __arm_cp.1_2                             0x08001424   Number         4  stm32f4xx_hal_rcc.o(.text.HAL_RCC_OscConfig)
    __arm_cp.1_3                             0x08001428   Number         4  stm32f4xx_hal_rcc.o(.text.HAL_RCC_OscConfig)
    [Anonymous Symbol]                       0x0800142c   Section        0  stm32f4xx_hal_cortex.o(.text.HAL_SYSTICK_Config)
    __arm_cp.7_0                             0x0800144c   Number         4  stm32f4xx_hal_cortex.o(.text.HAL_SYSTICK_Config)
    __arm_cp.7_1                             0x08001450   Number         4  stm32f4xx_hal_cortex.o(.text.HAL_SYSTICK_Config)
    [Anonymous Symbol]                       0x08001454   Section        0  stm32f4xx_hal_uart.o(.text.HAL_UART_Init)
    [Anonymous Symbol]                       0x080014b4   Section        0  usart.o(.text.HAL_UART_MspInit)
    __arm_cp.2_3                             0x08001580   Number         4  usart.o(.text.HAL_UART_MspInit)
    [Anonymous Symbol]                       0x08001584   Section        0  stm32f4xx_hal_uart.o(.text.HAL_UART_Transmit)
    [Anonymous Symbol]                       0x0800163a   Section        0  stm32f4xx_it.o(.text.HardFault_Handler)
    [Anonymous Symbol]                       0x0800163c   Section        0  gpio.o(.text.MX_GPIO_Init)
    __arm_cp.0_0                             0x08001670   Number         4  gpio.o(.text.MX_GPIO_Init)
    [Anonymous Symbol]                       0x08001674   Section        0  usart.o(.text.MX_USART1_UART_Init)
    __arm_cp.0_0                             0x080016a8   Number         4  usart.o(.text.MX_USART1_UART_Init)
    __arm_cp.0_1                             0x080016ac   Number         4  usart.o(.text.MX_USART1_UART_Init)
    [Anonymous Symbol]                       0x080016b0   Section        0  usart.o(.text.MX_USART2_UART_Init)
    __arm_cp.1_1                             0x080016e4   Number         4  usart.o(.text.MX_USART2_UART_Init)
    [Anonymous Symbol]                       0x080016e8   Section        0  stm32f4xx_it.o(.text.MemManage_Handler)
    [Anonymous Symbol]                       0x080016ea   Section        0  stm32f4xx_it.o(.text.NMI_Handler)
    [Anonymous Symbol]                       0x080016ec   Section        0  stm32f4xx_it.o(.text.PendSV_Handler)
    [Anonymous Symbol]                       0x080016ee   Section        0  stm32f4xx_it.o(.text.SVC_Handler)
    [Anonymous Symbol]                       0x080016f0   Section        0  screenlink.o(.text.ScreenLink_HandleButton)
    ScreenLink_HandleButton                  0x080016f1   Thumb Code   432  screenlink.o(.text.ScreenLink_HandleButton)
    __arm_cp.8_1                             0x08001828   Number         4  screenlink.o(.text.ScreenLink_HandleButton)
    __arm_cp.8_2                             0x0800182c   Number         4  screenlink.o(.text.ScreenLink_HandleButton)
    __arm_cp.8_6                             0x0800186c   Number         4  screenlink.o(.text.ScreenLink_HandleButton)
    __arm_cp.8_9                             0x0800189c   Number         4  screenlink.o(.text.ScreenLink_HandleButton)
    [Anonymous Symbol]                       0x080018a0   Section        0  screenlink.o(.text.ScreenLink_Init)
    __arm_cp.2_2                             0x080018d0   Number         4  screenlink.o(.text.ScreenLink_Init)
    [Anonymous Symbol]                       0x080018d4   Section        0  screenlink.o(.text.ScreenLink_Process)
    __arm_cp.4_0                             0x08001b38   Number         4  screenlink.o(.text.ScreenLink_Process)
    __arm_cp.4_1                             0x08001b3c   Number         4  screenlink.o(.text.ScreenLink_Process)
    __arm_cp.4_2                             0x08001b40   Number         4  screenlink.o(.text.ScreenLink_Process)
    [Anonymous Symbol]                       0x08001b60   Section        0  screenlink.o(.text.ScreenLink_RxIrqHandler)
    __arm_cp.3_0                             0x08001b9c   Number         4  screenlink.o(.text.ScreenLink_RxIrqHandler)
    __arm_cp.3_2                             0x08001ba0   Number         4  screenlink.o(.text.ScreenLink_RxIrqHandler)
    [Anonymous Symbol]                       0x08001ba4   Section        0  screenlink.o(.text.ScreenLink_SendTask2Frequency)
    ScreenLink_SendTask2Frequency            0x08001ba5   Thumb Code    60  screenlink.o(.text.ScreenLink_SendTask2Frequency)
    __arm_cp.9_0                             0x08001bc8   Number         4  screenlink.o(.text.ScreenLink_SendTask2Frequency)
    [Anonymous Symbol]                       0x08001be0   Section        0  screenlink.o(.text.ScreenLink_SendTask4Parameter)
    ScreenLink_SendTask4Parameter            0x08001be1   Thumb Code    68  screenlink.o(.text.ScreenLink_SendTask4Parameter)
    __arm_cp.10_0                            0x08001c08   Number         4  screenlink.o(.text.ScreenLink_SendTask4Parameter)
    [Anonymous Symbol]                       0x08001c24   Section        0  screenlink.o(.text.ScreenLink_SetPage)
    __arm_cp.1_0                             0x08001c4c   Number         4  screenlink.o(.text.ScreenLink_SetPage)
    [Anonymous Symbol]                       0x08001c64   Section        0  screenlink.o(.text.ScreenLink_SetText)
    [Anonymous Symbol]                       0x08001cb0   Section        0  screenlink.o(.text.ScreenLink_UpdateAll)
    [Anonymous Symbol]                       0x08001ce0   Section        0  screenlink.o(.text.ScreenLink_UpdateTask2Display)
    ScreenLink_UpdateTask2Display            0x08001ce1   Thumb Code    40  screenlink.o(.text.ScreenLink_UpdateTask2Display)
    [Anonymous Symbol]                       0x08001d00   Section        0  screenlink.o(.text.ScreenLink_UpdateTask4Display)
    ScreenLink_UpdateTask4Display            0x08001d01   Thumb Code    88  screenlink.o(.text.ScreenLink_UpdateTask4Display)
    __arm_cp.7_0                             0x08001d48   Number         4  screenlink.o(.text.ScreenLink_UpdateTask4Display)
    __arm_cp.7_1                             0x08001d4c   Number         4  screenlink.o(.text.ScreenLink_UpdateTask4Display)
    [Anonymous Symbol]                       0x08001d58   Section        0  hmi_user_uart.o(.text.SendChar)
    __arm_cp.0_0                             0x08001d84   Number         4  hmi_user_uart.o(.text.SendChar)
    [Anonymous Symbol]                       0x08001d88   Section        0  hmi_driver.o(.text.SendStrings)
    [Anonymous Symbol]                       0x08001d9c   Section        0  hmi_driver.o(.text.SetScreen)
    [Anonymous Symbol]                       0x08001dcc   Section        0  hmi_driver.o(.text.SetTextValue)
    __arm_cp.57_0                            0x08001e10   Number         4  hmi_driver.o(.text.SetTextValue)
    [Anonymous Symbol]                       0x08001e14   Section        0  stm32f4xx_it.o(.text.SysTick_Handler)
    [Anonymous Symbol]                       0x08001e18   Section        0  main.o(.text.SystemClock_Config)
    __arm_cp.1_0                             0x08001eac   Number         4  main.o(.text.SystemClock_Config)
    __arm_cp.1_1                             0x08001eb0   Number         4  main.o(.text.SystemClock_Config)
    [Anonymous Symbol]                       0x08001eb4   Section        0  system_stm32f4xx.o(.text.SystemInit)
    __arm_cp.0_0                             0x08001ec0   Number         4  system_stm32f4xx.o(.text.SystemInit)
    [Anonymous Symbol]                       0x08001ec4   Section        0  stm32f4xx_hal_uart.o(.text.UART_EndRxTransfer)
    UART_EndRxTransfer                       0x08001ec5   Thumb Code    78  stm32f4xx_hal_uart.o(.text.UART_EndRxTransfer)
    [Anonymous Symbol]                       0x08001f14   Section        0  stm32f4xx_hal_uart.o(.text.UART_SetConfig)
    UART_SetConfig                           0x08001f15   Thumb Code   204  stm32f4xx_hal_uart.o(.text.UART_SetConfig)
    __arm_cp.2_0                             0x08001fdc   Number         4  stm32f4xx_hal_uart.o(.text.UART_SetConfig)
    [Anonymous Symbol]                       0x08001fe0   Section        0  stm32f4xx_hal_uart.o(.text.UART_WaitOnFlagUntilTimeout)
    UART_WaitOnFlagUntilTimeout              0x08001fe1   Thumb Code   112  stm32f4xx_hal_uart.o(.text.UART_WaitOnFlagUntilTimeout)
    [Anonymous Symbol]                       0x08002050   Section        0  stm32f4xx_it.o(.text.USART1_IRQHandler)
    [Anonymous Symbol]                       0x08002054   Section        0  stm32f4xx_it.o(.text.USART2_IRQHandler)
    [Anonymous Symbol]                       0x08002058   Section        0  stm32f4xx_it.o(.text.UsageFault_Handler)
    [Anonymous Symbol]                       0x0800205c   Section        0  stm32f4xx_hal_cortex.o(.text.__NVIC_SetPriority)
    __NVIC_SetPriority                       0x0800205d   Thumb Code    36  stm32f4xx_hal_cortex.o(.text.__NVIC_SetPriority)
    __arm_cp.2_0                             0x08002078   Number         4  stm32f4xx_hal_cortex.o(.text.__NVIC_SetPriority)
    __arm_cp.2_1                             0x0800207c   Number         4  stm32f4xx_hal_cortex.o(.text.__NVIC_SetPriority)
    [Anonymous Symbol]                       0x08002080   Section        0  main.o(.text.main)
    __arm_cp.0_0                             0x08002120   Number         4  main.o(.text.main)
    __arm_cp.0_1                             0x08002124   Number         4  main.o(.text.main)
    i.__0snprintf$6                          0x08002128   Section        0  printf6.o(i.__0snprintf$6)
    i.__scatterload_copy                     0x08002158   Section       14  handlers.o(i.__scatterload_copy)
    i.__scatterload_null                     0x08002166   Section        2  handlers.o(i.__scatterload_null)
    i.__scatterload_zeroinit                 0x08002168   Section       14  handlers.o(i.__scatterload_zeroinit)
    i._printf_core                           0x08002178   Section        0  printf6.o(i._printf_core)
    _printf_core                             0x08002179   Thumb Code   748  printf6.o(i._printf_core)
    i._printf_post_padding                   0x08002468   Section        0  printf6.o(i._printf_post_padding)
    _printf_post_padding                     0x08002469   Thumb Code    36  printf6.o(i._printf_post_padding)
    i._printf_pre_padding                    0x0800248c   Section        0  printf6.o(i._printf_pre_padding)
    _printf_pre_padding                      0x0800248d   Thumb Code    46  printf6.o(i._printf_pre_padding)
    i._snputc                                0x080024ba   Section        0  printf6.o(i._snputc)
    _snputc                                  0x080024bb   Thumb Code    22  printf6.o(i._snputc)
    .constdata                               0x080024d0   Section       64  ctype_c.o(.constdata)
    [Anonymous Symbol]                       0x08002528   Section        0  h7link.o(.rodata.str1.1)
    .L.str.14                                0x08002528   Data           4  h7link.o(.rodata.str1.1)
    .L.str.5                                 0x08002528   Data           4  h7link.o(.rodata.str1.1)
    [Anonymous Symbol]                       0x0800252c   Section        0  screenlink.o(.rodata.str1.1)
    .L.str.7                                 0x0800252c   Data          10  screenlink.o(.rodata.str1.1)
    [Anonymous Symbol]                       0x08002536   Section        0  main.o(.rodata.str1.1)
    .L.str                                   0x08002536   Data           7  main.o(.rodata.str1.1)
    [Anonymous Symbol]                       0x20000000   Section        0  screenlink.o(.data..L_MergedGlobals)
    s_last_button_screen                     0x20000000   Data           2  screenlink.o(.data..L_MergedGlobals)
    s_last_button_control                    0x20000002   Data           2  screenlink.o(.data..L_MergedGlobals)
    s_task4_target_tenths                    0x20000004   Data           2  screenlink.o(.data..L_MergedGlobals)
    s_task2_frequency_hz                     0x20000008   Data           4  screenlink.o(.data..L_MergedGlobals)
    s_task4_frequency_hz                     0x2000000c   Data           4  screenlink.o(.data..L_MergedGlobals)
    [Anonymous Symbol]                       0x20000010   Section        0  stm32f4xx_hal.o(.data..L_MergedGlobals)
    [Anonymous Symbol]                       0x20000020   Section        0  h7link.o(.bss..L_MergedGlobals)
    s_online                                 0x20000020   Data           1  h7link.o(.bss..L_MergedGlobals)
    s_rx_head                                0x20000022   Data           2  h7link.o(.bss..L_MergedGlobals)
    s_rx_tail                                0x20000024   Data           2  h7link.o(.bss..L_MergedGlobals)
    s_line_length                            0x20000026   Data           2  h7link.o(.bss..L_MergedGlobals)
    s_line                                   0x20000028   Data          32  h7link.o(.bss..L_MergedGlobals)
    [Anonymous Symbol]                       0x20000048   Section        0  main.o(.bss..L_MergedGlobals)
    screen_sync_retries                      0x20000048   Data           1  main.o(.bss..L_MergedGlobals)
    h7_link_tick                             0x2000004c   Data           4  main.o(.bss..L_MergedGlobals)
    screen_sync_tick                         0x20000050   Data           4  main.o(.bss..L_MergedGlobals)
    [Anonymous Symbol]                       0x20000054   Section        0  screenlink.o(.bss..L_MergedGlobals.16)
    s_in_frame                               0x20000054   Data           1  screenlink.o(.bss..L_MergedGlobals.16)
    s_current_screen_id                      0x20000056   Data           2  screenlink.o(.bss..L_MergedGlobals.16)
    s_rx_head                                0x20000058   Data           2  screenlink.o(.bss..L_MergedGlobals.16)
    s_rx_tail                                0x2000005a   Data           2  screenlink.o(.bss..L_MergedGlobals.16)
    s_frame_length                           0x2000005c   Data           2  screenlink.o(.bss..L_MergedGlobals.16)
    s_last_button_tick                       0x20000060   Data           4  screenlink.o(.bss..L_MergedGlobals.16)
    [Anonymous Symbol]                       0x200000f4   Section        0  screenlink.o(.bss.s_frame)
    s_frame                                  0x200000f4   Data         300  screenlink.o(.bss.s_frame)
    [Anonymous Symbol]                       0x20000220   Section        0  h7link.o(.bss.s_rx_buffer)
    s_rx_buffer                              0x20000220   Data         128  h7link.o(.bss.s_rx_buffer)
    [Anonymous Symbol]                       0x200002a0   Section        0  screenlink.o(.bss.s_rx_buffer)
    s_rx_buffer                              0x200002a0   Data         256  screenlink.o(.bss.s_rx_buffer)
    STACK                                    0x200003a0   Section     1024  startup_stm32f429xx.o(STACK)

    Global Symbols

    Symbol Name                              Value     Ov Type        Size  Object(Section)

    BuildAttributes$$THM_ISAv4$E$P$D$K$B$S$7EM$VFPi3$EXTD16$VFPS$VFMA$PE$A:L22UL41UL21$X:L11$S22US41US21$IEEE1$IW$~IW$USESV6$~STKCKD$USESV7$~SHL$OSPACE$ROPI$EBA8$MICROLIB$REQ8$PRES8$EABIv2 0x00000000   Number         0  anon$$obj.o ABSOLUTE
    _printf_a                                0x00000000   Number         0  stubs.o ABSOLUTE
    _printf_c                                0x00000000   Number         0  stubs.o ABSOLUTE
    _printf_charcount                        0x00000000   Number         0  stubs.o ABSOLUTE
    _printf_d                                0x00000000   Number         0  stubs.o ABSOLUTE
    _printf_e                                0x00000000   Number         0  stubs.o ABSOLUTE
    _printf_f                                0x00000000   Number         0  stubs.o ABSOLUTE
    _printf_flags                            0x00000000   Number         0  stubs.o ABSOLUTE
    _printf_fp_dec                           0x00000000   Number         0  stubs.o ABSOLUTE
    _printf_fp_hex                           0x00000000   Number         0  stubs.o ABSOLUTE
    _printf_g                                0x00000000   Number         0  stubs.o ABSOLUTE
    _printf_i                                0x00000000   Number         0  stubs.o ABSOLUTE
    _printf_int_dec                          0x00000000   Number         0  stubs.o ABSOLUTE
    _printf_l                                0x00000000   Number         0  stubs.o ABSOLUTE
    _printf_lc                               0x00000000   Number         0  stubs.o ABSOLUTE
    _printf_ll                               0x00000000   Number         0  stubs.o ABSOLUTE
    _printf_lld                              0x00000000   Number         0  stubs.o ABSOLUTE
    _printf_lli                              0x00000000   Number         0  stubs.o ABSOLUTE
    _printf_llo                              0x00000000   Number         0  stubs.o ABSOLUTE
    _printf_llu                              0x00000000   Number         0  stubs.o ABSOLUTE
    _printf_llx                              0x00000000   Number         0  stubs.o ABSOLUTE
    _printf_longlong_dec                     0x00000000   Number         0  stubs.o ABSOLUTE
    _printf_longlong_hex                     0x00000000   Number         0  stubs.o ABSOLUTE
    _printf_longlong_oct                     0x00000000   Number         0  stubs.o ABSOLUTE
    _printf_ls                               0x00000000   Number         0  stubs.o ABSOLUTE
    _printf_mbtowc                           0x00000000   Number         0  stubs.o ABSOLUTE
    _printf_n                                0x00000000   Number         0  stubs.o ABSOLUTE
    _printf_o                                0x00000000   Number         0  stubs.o ABSOLUTE
    _printf_p                                0x00000000   Number         0  stubs.o ABSOLUTE
    _printf_percent                          0x00000000   Number         0  stubs.o ABSOLUTE
    _printf_pre_padding                      0x00000000   Number         0  stubs.o ABSOLUTE
    _printf_return_value                     0x00000000   Number         0  stubs.o ABSOLUTE
    _printf_s                                0x00000000   Number         0  stubs.o ABSOLUTE
    _printf_sizespec                         0x00000000   Number         0  stubs.o ABSOLUTE
    _printf_str                              0x00000000   Number         0  stubs.o ABSOLUTE
    _printf_truncate_signed                  0x00000000   Number         0  stubs.o ABSOLUTE
    _printf_truncate_unsigned                0x00000000   Number         0  stubs.o ABSOLUTE
    _printf_u                                0x00000000   Number         0  stubs.o ABSOLUTE
    _printf_wc                               0x00000000   Number         0  stubs.o ABSOLUTE
    _printf_wctomb                           0x00000000   Number         0  stubs.o ABSOLUTE
    _printf_widthprec                        0x00000000   Number         0  stubs.o ABSOLUTE
    _printf_x                                0x00000000   Number         0  stubs.o ABSOLUTE
    __cpp_initialize__aeabi_                  - Undefined Weak Reference
    __cxa_finalize                            - Undefined Weak Reference
    __decompress                              - Undefined Weak Reference
    _clock_init                               - Undefined Weak Reference
    _microlib_exit                            - Undefined Weak Reference
    _scanf_longlong                           - Undefined Weak Reference
    _scanf_real                               - Undefined Weak Reference
    __Vectors_Size                           0x000001ac   Number         0  startup_stm32f429xx.o ABSOLUTE
    __Vectors                                0x08000000   Data           4  startup_stm32f429xx.o(RESET)
    __Vectors_End                            0x080001ac   Data           0  startup_stm32f429xx.o(RESET)
    __main                                   0x080001ad   Thumb Code     0  entry.o(.ARM.Collect$$$$00000000)
    _main_stk                                0x080001ad   Thumb Code     0  entry2.o(.ARM.Collect$$$$00000001)
    _main_scatterload                        0x080001b1   Thumb Code     0  entry5.o(.ARM.Collect$$$$00000004)
    __main_after_scatterload                 0x080001b5   Thumb Code     0  entry5.o(.ARM.Collect$$$$00000004)
    _main_clock                              0x080001b5   Thumb Code     0  entry7b.o(.ARM.Collect$$$$00000008)
    _main_cpp_init                           0x080001b5   Thumb Code     0  entry8b.o(.ARM.Collect$$$$0000000A)
    _main_init                               0x080001b5   Thumb Code     0  entry9a.o(.ARM.Collect$$$$0000000B)
    __rt_final_cpp                           0x080001bd   Thumb Code     0  entry10a.o(.ARM.Collect$$$$0000000D)
    __rt_final_exit                          0x080001bd   Thumb Code     0  entry11a.o(.ARM.Collect$$$$0000000F)
    Reset_Handler                            0x080001c1   Thumb Code     8  startup_stm32f429xx.o(.text)
    ADC_IRQHandler                           0x080001db   Thumb Code     0  startup_stm32f429xx.o(.text)
    CAN1_RX0_IRQHandler                      0x080001db   Thumb Code     0  startup_stm32f429xx.o(.text)
    CAN1_RX1_IRQHandler                      0x080001db   Thumb Code     0  startup_stm32f429xx.o(.text)
    CAN1_SCE_IRQHandler                      0x080001db   Thumb Code     0  startup_stm32f429xx.o(.text)
    CAN1_TX_IRQHandler                       0x080001db   Thumb Code     0  startup_stm32f429xx.o(.text)
    CAN2_RX0_IRQHandler                      0x080001db   Thumb Code     0  startup_stm32f429xx.o(.text)
    CAN2_RX1_IRQHandler                      0x080001db   Thumb Code     0  startup_stm32f429xx.o(.text)
    CAN2_SCE_IRQHandler                      0x080001db   Thumb Code     0  startup_stm32f429xx.o(.text)
    CAN2_TX_IRQHandler                       0x080001db   Thumb Code     0  startup_stm32f429xx.o(.text)
    DCMI_IRQHandler                          0x080001db   Thumb Code     0  startup_stm32f429xx.o(.text)
    DMA1_Stream0_IRQHandler                  0x080001db   Thumb Code     0  startup_stm32f429xx.o(.text)
    DMA1_Stream1_IRQHandler                  0x080001db   Thumb Code     0  startup_stm32f429xx.o(.text)
    DMA1_Stream2_IRQHandler                  0x080001db   Thumb Code     0  startup_stm32f429xx.o(.text)
    DMA1_Stream3_IRQHandler                  0x080001db   Thumb Code     0  startup_stm32f429xx.o(.text)
    DMA1_Stream4_IRQHandler                  0x080001db   Thumb Code     0  startup_stm32f429xx.o(.text)
    DMA1_Stream5_IRQHandler                  0x080001db   Thumb Code     0  startup_stm32f429xx.o(.text)
    DMA1_Stream6_IRQHandler                  0x080001db   Thumb Code     0  startup_stm32f429xx.o(.text)
    DMA1_Stream7_IRQHandler                  0x080001db   Thumb Code     0  startup_stm32f429xx.o(.text)
    DMA2D_IRQHandler                         0x080001db   Thumb Code     0  startup_stm32f429xx.o(.text)
    DMA2_Stream0_IRQHandler                  0x080001db   Thumb Code     0  startup_stm32f429xx.o(.text)
    DMA2_Stream1_IRQHandler                  0x080001db   Thumb Code     0  startup_stm32f429xx.o(.text)
    DMA2_Stream2_IRQHandler                  0x080001db   Thumb Code     0  startup_stm32f429xx.o(.text)
    DMA2_Stream3_IRQHandler                  0x080001db   Thumb Code     0  startup_stm32f429xx.o(.text)
    DMA2_Stream4_IRQHandler                  0x080001db   Thumb Code     0  startup_stm32f429xx.o(.text)
    DMA2_Stream5_IRQHandler                  0x080001db   Thumb Code     0  startup_stm32f429xx.o(.text)
    DMA2_Stream6_IRQHandler                  0x080001db   Thumb Code     0  startup_stm32f429xx.o(.text)
    DMA2_Stream7_IRQHandler                  0x080001db   Thumb Code     0  startup_stm32f429xx.o(.text)
    ETH_IRQHandler                           0x080001db   Thumb Code     0  startup_stm32f429xx.o(.text)
    ETH_WKUP_IRQHandler                      0x080001db   Thumb Code     0  startup_stm32f429xx.o(.text)
    EXTI0_IRQHandler                         0x080001db   Thumb Code     0  startup_stm32f429xx.o(.text)
    EXTI15_10_IRQHandler                     0x080001db   Thumb Code     0  startup_stm32f429xx.o(.text)
    EXTI1_IRQHandler                         0x080001db   Thumb Code     0  startup_stm32f429xx.o(.text)
    EXTI2_IRQHandler                         0x080001db   Thumb Code     0  startup_stm32f429xx.o(.text)
    EXTI3_IRQHandler                         0x080001db   Thumb Code     0  startup_stm32f429xx.o(.text)
    EXTI4_IRQHandler                         0x080001db   Thumb Code     0  startup_stm32f429xx.o(.text)
    EXTI9_5_IRQHandler                       0x080001db   Thumb Code     0  startup_stm32f429xx.o(.text)
    FLASH_IRQHandler                         0x080001db   Thumb Code     0  startup_stm32f429xx.o(.text)
    FMC_IRQHandler                           0x080001db   Thumb Code     0  startup_stm32f429xx.o(.text)
    FPU_IRQHandler                           0x080001db   Thumb Code     0  startup_stm32f429xx.o(.text)
    HASH_RNG_IRQHandler                      0x080001db   Thumb Code     0  startup_stm32f429xx.o(.text)
    I2C1_ER_IRQHandler                       0x080001db   Thumb Code     0  startup_stm32f429xx.o(.text)
    I2C1_EV_IRQHandler                       0x080001db   Thumb Code     0  startup_stm32f429xx.o(.text)
    I2C2_ER_IRQHandler                       0x080001db   Thumb Code     0  startup_stm32f429xx.o(.text)
    I2C2_EV_IRQHandler                       0x080001db   Thumb Code     0  startup_stm32f429xx.o(.text)
    I2C3_ER_IRQHandler                       0x080001db   Thumb Code     0  startup_stm32f429xx.o(.text)
    I2C3_EV_IRQHandler                       0x080001db   Thumb Code     0  startup_stm32f429xx.o(.text)
    LTDC_ER_IRQHandler                       0x080001db   Thumb Code     0  startup_stm32f429xx.o(.text)
    LTDC_IRQHandler                          0x080001db   Thumb Code     0  startup_stm32f429xx.o(.text)
    OTG_FS_IRQHandler                        0x080001db   Thumb Code     0  startup_stm32f429xx.o(.text)
    OTG_FS_WKUP_IRQHandler                   0x080001db   Thumb Code     0  startup_stm32f429xx.o(.text)
    OTG_HS_EP1_IN_IRQHandler                 0x080001db   Thumb Code     0  startup_stm32f429xx.o(.text)
    OTG_HS_EP1_OUT_IRQHandler                0x080001db   Thumb Code     0  startup_stm32f429xx.o(.text)
    OTG_HS_IRQHandler                        0x080001db   Thumb Code     0  startup_stm32f429xx.o(.text)
    OTG_HS_WKUP_IRQHandler                   0x080001db   Thumb Code     0  startup_stm32f429xx.o(.text)
    PVD_IRQHandler                           0x080001db   Thumb Code     0  startup_stm32f429xx.o(.text)
    RCC_IRQHandler                           0x080001db   Thumb Code     0  startup_stm32f429xx.o(.text)
    RTC_Alarm_IRQHandler                     0x080001db   Thumb Code     0  startup_stm32f429xx.o(.text)
    RTC_WKUP_IRQHandler                      0x080001db   Thumb Code     0  startup_stm32f429xx.o(.text)
    SAI1_IRQHandler                          0x080001db   Thumb Code     0  startup_stm32f429xx.o(.text)
    SDIO_IRQHandler                          0x080001db   Thumb Code     0  startup_stm32f429xx.o(.text)
    SPI1_IRQHandler                          0x080001db   Thumb Code     0  startup_stm32f429xx.o(.text)
    SPI2_IRQHandler                          0x080001db   Thumb Code     0  startup_stm32f429xx.o(.text)
    SPI3_IRQHandler                          0x080001db   Thumb Code     0  startup_stm32f429xx.o(.text)
    SPI4_IRQHandler                          0x080001db   Thumb Code     0  startup_stm32f429xx.o(.text)
    SPI5_IRQHandler                          0x080001db   Thumb Code     0  startup_stm32f429xx.o(.text)
    SPI6_IRQHandler                          0x080001db   Thumb Code     0  startup_stm32f429xx.o(.text)
    TAMP_STAMP_IRQHandler                    0x080001db   Thumb Code     0  startup_stm32f429xx.o(.text)
    TIM1_BRK_TIM9_IRQHandler                 0x080001db   Thumb Code     0  startup_stm32f429xx.o(.text)
    TIM1_CC_IRQHandler                       0x080001db   Thumb Code     0  startup_stm32f429xx.o(.text)
    TIM1_TRG_COM_TIM11_IRQHandler            0x080001db   Thumb Code     0  startup_stm32f429xx.o(.text)
    TIM1_UP_TIM10_IRQHandler                 0x080001db   Thumb Code     0  startup_stm32f429xx.o(.text)
    TIM2_IRQHandler                          0x080001db   Thumb Code     0  startup_stm32f429xx.o(.text)
    TIM3_IRQHandler                          0x080001db   Thumb Code     0  startup_stm32f429xx.o(.text)
    TIM4_IRQHandler                          0x080001db   Thumb Code     0  startup_stm32f429xx.o(.text)
    TIM5_IRQHandler                          0x080001db   Thumb Code     0  startup_stm32f429xx.o(.text)
    TIM6_DAC_IRQHandler                      0x080001db   Thumb Code     0  startup_stm32f429xx.o(.text)
    TIM7_IRQHandler                          0x080001db   Thumb Code     0  startup_stm32f429xx.o(.text)
    TIM8_BRK_TIM12_IRQHandler                0x080001db   Thumb Code     0  startup_stm32f429xx.o(.text)
    TIM8_CC_IRQHandler                       0x080001db   Thumb Code     0  startup_stm32f429xx.o(.text)
    TIM8_TRG_COM_TIM14_IRQHandler            0x080001db   Thumb Code     0  startup_stm32f429xx.o(.text)
    TIM8_UP_TIM13_IRQHandler                 0x080001db   Thumb Code     0  startup_stm32f429xx.o(.text)
    UART4_IRQHandler                         0x080001db   Thumb Code     0  startup_stm32f429xx.o(.text)
    UART5_IRQHandler                         0x080001db   Thumb Code     0  startup_stm32f429xx.o(.text)
    UART7_IRQHandler                         0x080001db   Thumb Code     0  startup_stm32f429xx.o(.text)
    UART8_IRQHandler                         0x080001db   Thumb Code     0  startup_stm32f429xx.o(.text)
    USART3_IRQHandler                        0x080001db   Thumb Code     0  startup_stm32f429xx.o(.text)
    USART6_IRQHandler                        0x080001db   Thumb Code     0  startup_stm32f429xx.o(.text)
    WWDG_IRQHandler                          0x080001db   Thumb Code     0  startup_stm32f429xx.o(.text)
    __aeabi_uldivmod                         0x080001e5   Thumb Code    98  uldiv.o(.text)
    __aeabi_memset                           0x08000247   Thumb Code    14  memseta.o(.text)
    __aeabi_memset4                          0x08000247   Thumb Code     0  memseta.o(.text)
    __aeabi_memset8                          0x08000247   Thumb Code     0  memseta.o(.text)
    __aeabi_memclr                           0x08000255   Thumb Code     4  memseta.o(.text)
    __aeabi_memclr4                          0x08000255   Thumb Code     0  memseta.o(.text)
    __aeabi_memclr8                          0x08000255   Thumb Code     0  memseta.o(.text)
    _memset$wrapper                          0x08000259   Thumb Code    18  memseta.o(.text)
    strlen                                   0x0800026b   Thumb Code    14  strlen.o(.text)
    strcmp                                   0x08000279   Thumb Code    28  strcmp.o(.text)
    strncmp                                  0x08000295   Thumb Code    30  strncmp.o(.text)
    __0sscanf                                0x080002b5   Thumb Code    48  __0sscanf.o(.text)
    _scanf_int                               0x080002ed   Thumb Code   332  _scanf_int.o(.text)
    _scanf_string                            0x08000439   Thumb Code   224  _scanf_str.o(.text)
    __aeabi_uidiv                            0x08000519   Thumb Code     0  uidiv.o(.text)
    __aeabi_uidivmod                         0x08000519   Thumb Code    44  uidiv.o(.text)
    __aeabi_llsl                             0x08000545   Thumb Code    30  llshl.o(.text)
    _ll_shift_l                              0x08000545   Thumb Code     0  llshl.o(.text)
    __aeabi_llsr                             0x08000563   Thumb Code    32  llushr.o(.text)
    _ll_ushift_r                             0x08000563   Thumb Code     0  llushr.o(.text)
    _chval                                   0x08000583   Thumb Code    28  _chval.o(.text)
    __vfscanf_char                           0x080005ad   Thumb Code    20  scanf_char.o(.text)
    _sgetc                                   0x080005c9   Thumb Code    30  _sgetc.o(.text)
    _sbackspace                              0x080005e7   Thumb Code    34  _sgetc.o(.text)
    __scatterload                            0x08000609   Thumb Code    28  init.o(.text)
    __scatterload_rt2                        0x08000609   Thumb Code     0  init.o(.text)
    isspace                                  0x0800062d   Thumb Code    10  isspace_c.o(.text)
    __vfscanf                                0x08000639   Thumb Code   808  _scanf.o(.text)
    __ctype_lookup                           0x08000965   Thumb Code    34  ctype_c.o(.text)
    BusFault_Handler                         0x0800098d   Thumb Code     2  stm32f4xx_it.o(.text.BusFault_Handler)
    DebugMon_Handler                         0x0800098f   Thumb Code     2  stm32f4xx_it.o(.text.DebugMon_Handler)
    Error_Handler                            0x08000991   Thumb Code     4  main.o(.text.Error_Handler)
    H7Link_Init                              0x08000995   Thumb Code    44  h7link.o(.text.H7Link_Init)
    H7Link_Process                           0x080009b9   Thumb Code   464  h7link.o(.text.H7Link_Process)
    H7Link_RxIrqHandler                      0x08000b89   Thumb Code    76  h7link.o(.text.H7Link_RxIrqHandler)
    H7Link_SendLine                          0x08000bd1   Thumb Code    32  h7link.o(.text.H7Link_SendLine)
    HAL_Delay                                0x08000bf1   Thumb Code    36  stm32f4xx_hal.o(.text.HAL_Delay)
    HAL_GPIO_Init                            0x08000c11   Thumb Code   416  stm32f4xx_hal_gpio.o(.text.HAL_GPIO_Init)
    HAL_GetTick                              0x08000db1   Thumb Code    12  stm32f4xx_hal.o(.text.HAL_GetTick)
    HAL_IncTick                              0x08000db9   Thumb Code    16  stm32f4xx_hal.o(.text.HAL_IncTick)
    HAL_Init                                 0x08000dc5   Thumb Code    52  stm32f4xx_hal.o(.text.HAL_Init)
    HAL_InitTick                             0x08000df9   Thumb Code    64  stm32f4xx_hal.o(.text.HAL_InitTick)
    HAL_MspInit                              0x08000e35   Thumb Code    56  stm32f4xx_hal_msp.o(.text.HAL_MspInit)
    HAL_NVIC_EnableIRQ                       0x08000e6d   Thumb Code    28  stm32f4xx_hal_cortex.o(.text.HAL_NVIC_EnableIRQ)
    HAL_NVIC_SetPriority                     0x08000e89   Thumb Code    72  stm32f4xx_hal_cortex.o(.text.HAL_NVIC_SetPriority)
    HAL_NVIC_SetPriorityGrouping             0x08000ecd   Thumb Code    32  stm32f4xx_hal_cortex.o(.text.HAL_NVIC_SetPriorityGrouping)
    HAL_RCC_ClockConfig                      0x08000eed   Thumb Code   308  stm32f4xx_hal_rcc.o(.text.HAL_RCC_ClockConfig)
    HAL_RCC_GetPCLK1Freq                     0x0800101d   Thumb Code    32  stm32f4xx_hal_rcc.o(.text.HAL_RCC_GetPCLK1Freq)
    HAL_RCC_GetPCLK2Freq                     0x08001031   Thumb Code    32  stm32f4xx_hal_rcc.o(.text.HAL_RCC_GetPCLK2Freq)
    HAL_RCC_GetSysClockFreq                  0x08001051   Thumb Code    96  stm32f4xx_hal_rcc.o(.text.HAL_RCC_GetSysClockFreq)
    HAL_RCC_OscConfig                        0x080010ad   Thumb Code   896  stm32f4xx_hal_rcc.o(.text.HAL_RCC_OscConfig)
    HAL_SYSTICK_Config                       0x0800142d   Thumb Code    40  stm32f4xx_hal_cortex.o(.text.HAL_SYSTICK_Config)
    HAL_UART_Init                            0x08001455   Thumb Code    94  stm32f4xx_hal_uart.o(.text.HAL_UART_Init)
    HAL_UART_MspInit                         0x080014b5   Thumb Code   220  usart.o(.text.HAL_UART_MspInit)
    HAL_UART_Transmit                        0x08001585   Thumb Code   182  stm32f4xx_hal_uart.o(.text.HAL_UART_Transmit)
    HardFault_Handler                        0x0800163b   Thumb Code     2  stm32f4xx_it.o(.text.HardFault_Handler)
    MX_GPIO_Init                             0x0800163d   Thumb Code    56  gpio.o(.text.MX_GPIO_Init)
    MX_USART1_UART_Init                      0x08001675   Thumb Code    60  usart.o(.text.MX_USART1_UART_Init)
    MX_USART2_UART_Init                      0x080016b1   Thumb Code    60  usart.o(.text.MX_USART2_UART_Init)
    MemManage_Handler                        0x080016e9   Thumb Code     2  stm32f4xx_it.o(.text.MemManage_Handler)
    NMI_Handler                              0x080016eb   Thumb Code     2  stm32f4xx_it.o(.text.NMI_Handler)
    PendSV_Handler                           0x080016ed   Thumb Code     2  stm32f4xx_it.o(.text.PendSV_Handler)
    SVC_Handler                              0x080016ef   Thumb Code     2  stm32f4xx_it.o(.text.SVC_Handler)
    ScreenLink_Init                          0x080018a1   Thumb Code    60  screenlink.o(.text.ScreenLink_Init)
    ScreenLink_Process                       0x080018d5   Thumb Code   652  screenlink.o(.text.ScreenLink_Process)
    ScreenLink_RxIrqHandler                  0x08001b61   Thumb Code    72  screenlink.o(.text.ScreenLink_RxIrqHandler)
    ScreenLink_SetPage                       0x08001c25   Thumb Code    64  screenlink.o(.text.ScreenLink_SetPage)
    ScreenLink_SetText                       0x08001c65   Thumb Code    76  screenlink.o(.text.ScreenLink_SetText)
    ScreenLink_UpdateAll                     0x08001cb1   Thumb Code    48  screenlink.o(.text.ScreenLink_UpdateAll)
    SendChar                                 0x08001d59   Thumb Code    48  hmi_user_uart.o(.text.SendChar)
    SendStrings                              0x08001d89   Thumb Code    20  hmi_driver.o(.text.SendStrings)
    SetScreen                                0x08001d9d   Thumb Code    52  hmi_driver.o(.text.SetScreen)
    SetTextValue                             0x08001dcd   Thumb Code    72  hmi_driver.o(.text.SetTextValue)
    SysTick_Handler                          0x08001e15   Thumb Code     4  stm32f4xx_it.o(.text.SysTick_Handler)
    SystemClock_Config                       0x08001e19   Thumb Code   156  main.o(.text.SystemClock_Config)
    SystemInit                               0x08001eb5   Thumb Code    16  system_stm32f4xx.o(.text.SystemInit)
    USART1_IRQHandler                        0x08002051   Thumb Code     4  stm32f4xx_it.o(.text.USART1_IRQHandler)
    USART2_IRQHandler                        0x08002055   Thumb Code     4  stm32f4xx_it.o(.text.USART2_IRQHandler)
    UsageFault_Handler                       0x08002059   Thumb Code     2  stm32f4xx_it.o(.text.UsageFault_Handler)
    main                                     0x08002081   Thumb Code   168  main.o(.text.main)
    __0snprintf$6                            0x08002129   Thumb Code    44  printf6.o(i.__0snprintf$6)
    __1snprintf$6                            0x08002129   Thumb Code     0  printf6.o(i.__0snprintf$6)
    __2snprintf                              0x08002129   Thumb Code     0  printf6.o(i.__0snprintf$6)
    __scatterload_copy                       0x08002159   Thumb Code    14  handlers.o(i.__scatterload_copy)
    __scatterload_null                       0x08002167   Thumb Code     2  handlers.o(i.__scatterload_null)
    __scatterload_zeroinit                   0x08002169   Thumb Code    14  handlers.o(i.__scatterload_zeroinit)
    __ctype_categories                       0x080024d0   Data          64  ctype_c.o(.constdata)
    AHBPrescTable                            0x08002510   Data          16  system_stm32f4xx.o(.rodata.AHBPrescTable)
    APBPrescTable                            0x08002520   Data           8  system_stm32f4xx.o(.rodata.APBPrescTable)
    Region$$Table$$Base                      0x08002540   Number         0  anon$$obj.o(Region$$Table)
    Region$$Table$$Limit                     0x08002560   Number         0  anon$$obj.o(Region$$Table)
    uwTickFreq                               0x20000010   Data           1  stm32f4xx_hal.o(.data..L_MergedGlobals)
    uwTickPrio                               0x20000014   Data           4  stm32f4xx_hal.o(.data..L_MergedGlobals)
    uwTick                                   0x20000018   Data           4  stm32f4xx_hal.o(.data..L_MergedGlobals)
    SystemCoreClock                          0x2000001c   Data           4  system_stm32f4xx.o(.data.SystemCoreClock)
    huart1                                   0x20000064   Data          72  usart.o(.bss.huart1)
    huart2                                   0x200000ac   Data          72  usart.o(.bss.huart2)
    __initial_sp                             0x200007a0   Data           0  startup_stm32f429xx.o(STACK)



==============================================================================

Memory Map of the image

  Image Entry point : 0x080001ad

  Load Region LR_IROM1 (Base: 0x08000000, Size: 0x00002580, Max: 0x00100000, ABSOLUTE)

    Execution Region ER_IROM1 (Exec base: 0x08000000, Load base: 0x08000000, Size: 0x00002560, Max: 0x00100000, ABSOLUTE)

    Exec Addr    Load Addr    Size         Type   Attr      Idx    E Section Name        Object

    0x08000000   0x08000000   0x000001ac   Data   RO            3    RESET               startup_stm32f429xx.o
    0x080001ac   0x080001ac   0x00000000   Code   RO         1041  * .ARM.Collect$$$$00000000  mc_w.l(entry.o)
    0x080001ac   0x080001ac   0x00000004   Code   RO         1321    .ARM.Collect$$$$00000001  mc_w.l(entry2.o)
    0x080001b0   0x080001b0   0x00000004   Code   RO         1324    .ARM.Collect$$$$00000004  mc_w.l(entry5.o)
    0x080001b4   0x080001b4   0x00000000   Code   RO         1326    .ARM.Collect$$$$00000008  mc_w.l(entry7b.o)
    0x080001b4   0x080001b4   0x00000000   Code   RO         1328    .ARM.Collect$$$$0000000A  mc_w.l(entry8b.o)
    0x080001b4   0x080001b4   0x00000008   Code   RO         1329    .ARM.Collect$$$$0000000B  mc_w.l(entry9a.o)
    0x080001bc   0x080001bc   0x00000000   Code   RO         1331    .ARM.Collect$$$$0000000D  mc_w.l(entry10a.o)
    0x080001bc   0x080001bc   0x00000000   Code   RO         1333    .ARM.Collect$$$$0000000F  mc_w.l(entry11a.o)
    0x080001bc   0x080001bc   0x00000004   Code   RO         1322    .ARM.Collect$$$$00002712  mc_w.l(entry2.o)
    0x080001c0   0x080001c0   0x00000024   Code   RO            4    .text               startup_stm32f429xx.o
    0x080001e4   0x080001e4   0x00000062   Code   RO         1044    .text               mc_w.l(uldiv.o)
    0x08000246   0x08000246   0x00000024   Code   RO         1046    .text               mc_w.l(memseta.o)
    0x0800026a   0x0800026a   0x0000000e   Code   RO         1048    .text               mc_w.l(strlen.o)
    0x08000278   0x08000278   0x0000001c   Code   RO         1050    .text               mc_w.l(strcmp.o)
    0x08000294   0x08000294   0x0000001e   Code   RO         1052    .text               mc_w.l(strncmp.o)
    0x080002b2   0x080002b2   0x00000002   PAD
    0x080002b4   0x080002b4   0x00000038   Code   RO         1315    .text               mc_w.l(__0sscanf.o)
    0x080002ec   0x080002ec   0x0000014c   Code   RO         1317    .text               mc_w.l(_scanf_int.o)
    0x08000438   0x08000438   0x000000e0   Code   RO         1319    .text               mc_w.l(_scanf_str.o)
    0x08000518   0x08000518   0x0000002c   Code   RO         1340    .text               mc_w.l(uidiv.o)
    0x08000544   0x08000544   0x0000001e   Code   RO         1342    .text               mc_w.l(llshl.o)
    0x08000562   0x08000562   0x00000020   Code   RO         1344    .text               mc_w.l(llushr.o)
    0x08000582   0x08000582   0x0000001c   Code   RO         1346    .text               mc_w.l(_chval.o)
    0x0800059e   0x0800059e   0x00000002   PAD
    0x080005a0   0x080005a0   0x00000028   Code   RO         1348    .text               mc_w.l(scanf_char.o)
    0x080005c8   0x080005c8   0x00000040   Code   RO         1350    .text               mc_w.l(_sgetc.o)
    0x08000608   0x08000608   0x00000024   Code   RO         1363    .text               mc_w.l(init.o)
    0x0800062c   0x0800062c   0x0000000a   Code   RO         1368    .text               mc_w.l(isspace_c.o)
    0x08000636   0x08000636   0x00000002   PAD
    0x08000638   0x08000638   0x0000032c   Code   RO         1370    .text               mc_w.l(_scanf.o)
    0x08000964   0x08000964   0x00000028   Code   RO         1375    .text               mc_w.l(ctype_c.o)
    0x0800098c   0x0800098c   0x00000002   Code   RO          393    .text.BusFault_Handler  stm32f4xx_it.o
    0x0800098e   0x0800098e   0x00000002   Code   RO          399    .text.DebugMon_Handler  stm32f4xx_it.o
    0x08000990   0x08000990   0x00000004   Code   RO          337    .text.Error_Handler  main.o
    0x08000994   0x08000994   0x00000024   Code   RO          273    .text.H7Link_Init   h7link.o
    0x080009b8   0x080009b8   0x000001d0   Code   RO          277    .text.H7Link_Process  h7link.o
    0x08000b88   0x08000b88   0x00000048   Code   RO          275    .text.H7Link_RxIrqHandler  h7link.o
    0x08000bd0   0x08000bd0   0x00000020   Code   RO          271    .text.H7Link_SendLine  h7link.o
    0x08000bf0   0x08000bf0   0x00000020   Code   RO          945    .text.HAL_Delay     stm32f4xx_hal.o
    0x08000c10   0x08000c10   0x000001a0   Code   RO          711    .text.HAL_GPIO_Init  stm32f4xx_hal_gpio.o
    0x08000db0   0x08000db0   0x00000008   Code   RO          937    .text.HAL_GetTick   stm32f4xx_hal.o
    0x08000db8   0x08000db8   0x0000000c   Code   RO          935    .text.HAL_IncTick   stm32f4xx_hal.o
    0x08000dc4   0x08000dc4   0x00000034   Code   RO          925    .text.HAL_Init      stm32f4xx_hal.o
    0x08000df8   0x08000df8   0x0000003c   Code   RO          927    .text.HAL_InitTick  stm32f4xx_hal.o
    0x08000e34   0x08000e34   0x00000038   Code   RO          419    .text.HAL_MspInit   stm32f4xx_hal_msp.o
    0x08000e6c   0x08000e6c   0x0000001c   Code   RO          874    .text.HAL_NVIC_EnableIRQ  stm32f4xx_hal_cortex.o
    0x08000e88   0x08000e88   0x00000044   Code   RO          870    .text.HAL_NVIC_SetPriority  stm32f4xx_hal_cortex.o
    0x08000ecc   0x08000ecc   0x00000020   Code   RO          868    .text.HAL_NVIC_SetPriorityGrouping  stm32f4xx_hal_cortex.o
    0x08000eec   0x08000eec   0x00000130   Code   RO          567    .text.HAL_RCC_ClockConfig  stm32f4xx_hal_rcc.o
    0x0800101c   0x0800101c   0x00000014   Code   RO          579    .text.HAL_RCC_GetPCLK1Freq  stm32f4xx_hal_rcc.o
    0x08001030   0x08001030   0x00000020   Code   RO          581    .text.HAL_RCC_GetPCLK2Freq  stm32f4xx_hal_rcc.o
    0x08001050   0x08001050   0x0000005c   Code   RO          569    .text.HAL_RCC_GetSysClockFreq  stm32f4xx_hal_rcc.o
    0x080010ac   0x080010ac   0x00000380   Code   RO          565    .text.HAL_RCC_OscConfig  stm32f4xx_hal_rcc.o
    0x0800142c   0x0800142c   0x00000028   Code   RO          882    .text.HAL_SYSTICK_Config  stm32f4xx_hal_cortex.o
    0x08001454   0x08001454   0x0000005e   Code   RO          432    .text.HAL_UART_Init  stm32f4xx_hal_uart.o
    0x080014b2   0x080014b2   0x00000002   PAD
    0x080014b4   0x080014b4   0x000000d0   Code   RO          370    .text.HAL_UART_MspInit  usart.o
    0x08001584   0x08001584   0x000000b6   Code   RO          448    .text.HAL_UART_Transmit  stm32f4xx_hal_uart.o
    0x0800163a   0x0800163a   0x00000002   Code   RO          389    .text.HardFault_Handler  stm32f4xx_it.o
    0x0800163c   0x0800163c   0x00000038   Code   RO          353    .text.MX_GPIO_Init  gpio.o
    0x08001674   0x08001674   0x0000003c   Code   RO          366    .text.MX_USART1_UART_Init  usart.o
    0x080016b0   0x080016b0   0x00000038   Code   RO          368    .text.MX_USART2_UART_Init  usart.o
    0x080016e8   0x080016e8   0x00000002   Code   RO          391    .text.MemManage_Handler  stm32f4xx_it.o
    0x080016ea   0x080016ea   0x00000002   Code   RO          387    .text.NMI_Handler   stm32f4xx_it.o
    0x080016ec   0x080016ec   0x00000002   Code   RO          401    .text.PendSV_Handler  stm32f4xx_it.o
    0x080016ee   0x080016ee   0x00000002   Code   RO          397    .text.SVC_Handler   stm32f4xx_it.o
    0x080016f0   0x080016f0   0x000001b0   Code   RO          311    .text.ScreenLink_HandleButton  screenlink.o
    0x080018a0   0x080018a0   0x00000034   Code   RO          299    .text.ScreenLink_Init  screenlink.o
    0x080018d4   0x080018d4   0x0000028c   Code   RO          303    .text.ScreenLink_Process  screenlink.o
    0x08001b60   0x08001b60   0x00000044   Code   RO          301    .text.ScreenLink_RxIrqHandler  screenlink.o
    0x08001ba4   0x08001ba4   0x0000003c   Code   RO          313    .text.ScreenLink_SendTask2Frequency  screenlink.o
    0x08001be0   0x08001be0   0x00000044   Code   RO          315    .text.ScreenLink_SendTask4Parameter  screenlink.o
    0x08001c24   0x08001c24   0x00000040   Code   RO          297    .text.ScreenLink_SetPage  screenlink.o
    0x08001c64   0x08001c64   0x0000004c   Code   RO          295    .text.ScreenLink_SetText  screenlink.o
    0x08001cb0   0x08001cb0   0x00000030   Code   RO          305    .text.ScreenLink_UpdateAll  screenlink.o
    0x08001ce0   0x08001ce0   0x00000020   Code   RO          307    .text.ScreenLink_UpdateTask2Display  screenlink.o
    0x08001d00   0x08001d00   0x00000058   Code   RO          309    .text.ScreenLink_UpdateTask4Display  screenlink.o
    0x08001d58   0x08001d58   0x00000030   Code   RO          258    .text.SendChar      hmi_user_uart.o
    0x08001d88   0x08001d88   0x00000014   Code   RO           13    .text.SendStrings   hmi_driver.o
    0x08001d9c   0x08001d9c   0x00000030   Code   RO          113    .text.SetScreen     hmi_driver.o
    0x08001dcc   0x08001dcc   0x00000048   Code   RO          125    .text.SetTextValue  hmi_driver.o
    0x08001e14   0x08001e14   0x00000004   Code   RO          403    .text.SysTick_Handler  stm32f4xx_it.o
    0x08001e18   0x08001e18   0x0000009c   Code   RO          335    .text.SystemClock_Config  main.o
    0x08001eb4   0x08001eb4   0x00000010   Code   RO         1024    .text.SystemInit    system_stm32f4xx.o
    0x08001ec4   0x08001ec4   0x0000004e   Code   RO          480    .text.UART_EndRxTransfer  stm32f4xx_hal_uart.o
    0x08001f12   0x08001f12   0x00000002   PAD
    0x08001f14   0x08001f14   0x000000cc   Code   RO          436    .text.UART_SetConfig  stm32f4xx_hal_uart.o
    0x08001fe0   0x08001fe0   0x00000070   Code   RO          450    .text.UART_WaitOnFlagUntilTimeout  stm32f4xx_hal_uart.o
    0x08002050   0x08002050   0x00000004   Code   RO          405    .text.USART1_IRQHandler  stm32f4xx_it.o
    0x08002054   0x08002054   0x00000004   Code   RO          407    .text.USART2_IRQHandler  stm32f4xx_it.o
    0x08002058   0x08002058   0x00000002   Code   RO          395    .text.UsageFault_Handler  stm32f4xx_it.o
    0x0800205a   0x0800205a   0x00000002   PAD
    0x0800205c   0x0800205c   0x00000024   Code   RO          872    .text.__NVIC_SetPriority  stm32f4xx_hal_cortex.o
    0x08002080   0x08002080   0x000000a8   Code   RO          333    .text.main          main.o
    0x08002128   0x08002128   0x00000030   Code   RO         1210    i.__0snprintf$6     mc_w.l(printf6.o)
    0x08002158   0x08002158   0x0000000e   Code   RO         1380    i.__scatterload_copy  mc_w.l(handlers.o)
    0x08002166   0x08002166   0x00000002   Code   RO         1381    i.__scatterload_null  mc_w.l(handlers.o)
    0x08002168   0x08002168   0x0000000e   Code   RO         1382    i.__scatterload_zeroinit  mc_w.l(handlers.o)
    0x08002176   0x08002176   0x00000002   PAD
    0x08002178   0x08002178   0x000002f0   Code   RO         1216    i._printf_core      mc_w.l(printf6.o)
    0x08002468   0x08002468   0x00000024   Code   RO         1217    i._printf_post_padding  mc_w.l(printf6.o)
    0x0800248c   0x0800248c   0x0000002e   Code   RO         1218    i._printf_pre_padding  mc_w.l(printf6.o)
    0x080024ba   0x080024ba   0x00000016   Code   RO         1219    i._snputc           mc_w.l(printf6.o)
    0x080024d0   0x080024d0   0x00000040   Data   RO         1376    .constdata          mc_w.l(ctype_c.o)
    0x08002510   0x08002510   0x00000010   Data   RO         1029    .rodata.AHBPrescTable  system_stm32f4xx.o
    0x08002520   0x08002520   0x00000008   Data   RO         1030    .rodata.APBPrescTable  system_stm32f4xx.o
    0x08002528   0x08002528   0x00000004   Data   RO          282    .rodata.str1.1      h7link.o
    0x0800252c   0x0800252c   0x0000000a   Data   RO          319    .rodata.str1.1      screenlink.o
    0x08002536   0x08002536   0x00000007   Data   RO          339    .rodata.str1.1      main.o
    0x0800253d   0x0800253d   0x00000003   PAD
    0x08002540   0x08002540   0x00000020   Data   RO         1378    Region$$Table       anon$$obj.o


    Execution Region RW_IRAM2 (Exec base: 0x10000000, Load base: 0x08002580, Size: 0x00000000, Max: 0x00010000, ABSOLUTE)

    **** No section assigned to this execution region ****


    Execution Region RW_IRAM1 (Exec base: 0x20000000, Load base: 0x08002560, Size: 0x000007a0, Max: 0x00030000, ABSOLUTE)

    Exec Addr    Load Addr    Size         Type   Attr      Idx    E Section Name        Object

    0x20000000   0x08002560   0x00000010   Data   RW          320    .data..L_MergedGlobals  screenlink.o
    0x20000010   0x08002570   0x0000000c   Data   RW          983    .data..L_MergedGlobals  stm32f4xx_hal.o
    0x2000001c   0x0800257c   0x00000004   Data   RW         1028    .data.SystemCoreClock  system_stm32f4xx.o
    0x20000020        -       0x00000028   Zero   RW          283    .bss..L_MergedGlobals  h7link.o
    0x20000048        -       0x0000000c   Zero   RW          341    .bss..L_MergedGlobals  main.o
    0x20000054        -       0x00000010   Zero   RW          321    .bss..L_MergedGlobals.16  screenlink.o
    0x20000064        -       0x00000048   Zero   RW          374    .bss.huart1         usart.o
    0x200000ac        -       0x00000048   Zero   RW          375    .bss.huart2         usart.o
    0x200000f4        -       0x0000012c   Zero   RW          318    .bss.s_frame        screenlink.o
    0x20000220        -       0x00000080   Zero   RW          281    .bss.s_rx_buffer    h7link.o
    0x200002a0        -       0x00000100   Zero   RW          317    .bss.s_rx_buffer    screenlink.o
    0x200003a0        -       0x00000400   Zero   RW            1    STACK               startup_stm32f429xx.o


==============================================================================

Image component sizes


      Code (inc. data)   RO Data    RW Data    ZI Data      Debug   Object Name

        56          4          0          0          0       1640   gpio.o
       604        120          4          0        168       3046   h7link.o
       140          4          0          0          0      32250   hmi_driver.o
        48          4          0          0          0        828   hmi_user_uart.o
       328         16          7          0         12       3617   main.o
      1640        338         10         16        572       7746   screenlink.o
        36          8        428          0       1024        848   startup_stm32f429xx.o
       164          8          0         12          0       8686   stm32f4xx_hal.o
       204         28          0          0          0      11504   stm32f4xx_hal_cortex.o
       416         28          0          0          0       5555   stm32f4xx_hal_gpio.o
        56          4          0          0          0       1665   stm32f4xx_hal_msp.o
      1344         48          0          0          0       8002   stm32f4xx_hal_rcc.o
       670          4          0          0          0      24061   stm32f4xx_hal_uart.o
        28          0          0          0          0       1459   stm32f4xx_it.o
        16          4         24          4          0       2779   system_stm32f4xx.o
       324         16          0          0        144       8008   usart.o

    ----------------------------------------------------------------------
      6080        634        508         32       1920     121694   Object Totals
         0          0         32          0          0          0   (incl. Generated)
         6          0          3          0          0          0   (incl. Padding)

    ----------------------------------------------------------------------

      Code (inc. data)   RO Data    RW Data    ZI Data      Debug   Library Member Name

        56          8          0          0          0         84   __0sscanf.o
        28          0          0          0          0         68   _chval.o
       812          4          0          0          0        112   _scanf.o
       332          0          0          0          0         96   _scanf_int.o
       224          0          0          0          0         96   _scanf_str.o
        64          0          0          0          0         84   _sgetc.o
        40          6         64          0          0         68   ctype_c.o
         0          0          0          0          0          0   entry.o
         0          0          0          0          0          0   entry10a.o
         0          0          0          0          0          0   entry11a.o
         8          4          0          0          0          0   entry2.o
         4          0          0          0          0          0   entry5.o
         0          0          0          0          0          0   entry7b.o
         0          0          0          0          0          0   entry8b.o
         8          4          0          0          0          0   entry9a.o
        30          0          0          0          0          0   handlers.o
        36          8          0          0          0         68   init.o
        10          0          0          0          0         68   isspace_c.o
        30          0          0          0          0         68   llshl.o
        32          0          0          0          0         68   llushr.o
        36          0          0          0          0        108   memseta.o
       904          8          0          0          0        420   printf6.o
        40          8          0          0          0         84   scanf_char.o
        28          0          0          0          0         76   strcmp.o
        14          0          0          0          0         68   strlen.o
        30          0          0          0          0         80   strncmp.o
        44          0          0          0          0         80   uidiv.o
        98          0          0          0          0         92   uldiv.o

    ----------------------------------------------------------------------
      2916         50         64          0          0       1888   Library Totals
         8          0          0          0          0          0   (incl. Padding)

    ----------------------------------------------------------------------

      Code (inc. data)   RO Data    RW Data    ZI Data      Debug   Library Name

      2908         50         64          0          0       1888   mc_w.l

    ----------------------------------------------------------------------
      2916         50         64          0          0       1888   Library Totals

    ----------------------------------------------------------------------

==============================================================================


      Code (inc. data)   RO Data    RW Data    ZI Data      Debug   

      8996        684        572         32       1920     122574   Grand Totals
      8996        684        572         32       1920     122574   ELF Image Totals
      8996        684        572         32          0          0   ROM Totals

==============================================================================

    Total RO  Size (Code + RO Data)                 9568 (   9.34kB)
    Total RW  Size (RW Data + ZI Data)              1952 (   1.91kB)
    Total ROM Size (Code + RO Data + RW Data)       9600 (   9.38kB)

==============================================================================

